Component: ARM Compiler 5.06 update 4 (build 422) Tool: armlink [4d35d2]

==============================================================================

Section Cross References

    main.o(i.McpsConfirm) refers to main.o(.data) for NextTx
    main.o(i.McpsIndication) refers to loramac.o(i.LoRaMacMibSetRequestConfirm) for LoRaMacMibSetRequestConfirm
    main.o(i.McpsIndication) refers to main.o(i.__ARM_common_switch8) for __ARM_common_switch8
    main.o(i.McpsIndication) refers to loramac.o(i.LoRaMacMlmeRequest) for LoRaMacMlmeRequest
    main.o(i.McpsIndication) refers to main.o(.bss) for ComplianceTest
    main.o(i.McpsIndication) refers to main.o(.data) for IsTxConfirmed
    main.o(i.MlmeConfirm) refers to main.o(.data) for IsNetworkJoinedStatusUpdate
    main.o(i.MlmeConfirm) refers to main.o(.bss) for ComplianceTest
    main.o(i.OnTxNextPacketTimerEvent) refers to timer.o(i.TimerStop) for TimerStop
    main.o(i.OnTxNextPacketTimerEvent) refers to loramac.o(i.LoRaMacMibGetRequestConfirm) for LoRaMacMibGetRequestConfirm
    main.o(i.OnTxNextPacketTimerEvent) refers to main.o(.bss) for TxNextPacketTimer
    main.o(i.OnTxNextPacketTimerEvent) refers to main.o(.data) for DeviceState
    main.o(i.PrepareTxFrame) refers to gps.o(i.GpsGetLatestGpsPositionDouble) for GpsGetLatestGpsPositionDouble
    main.o(i.PrepareTxFrame) refers to memseta.o(.text) for __aeabi_memclr4
    main.o(i.PrepareTxFrame) refers to main.o(.data) for sent_cnt
    main.o(i.PrepareTxFrame) refers to main.o(.bss) for AppData
    main.o(i.SendFrame) refers to loramac.o(i.LoRaMacQueryTxPossible) for LoRaMacQueryTxPossible
    main.o(i.SendFrame) refers to loramac.o(i.LoRaMacMcpsRequest) for LoRaMacMcpsRequest
    main.o(i.SendFrame) refers to main.o(.data) for AppDataSize
    main.o(i.SendFrame) refers to main.o(.bss) for AppData
    main.o(i.main) refers to board.o(i.BoardInitMcu) for BoardInitMcu
    main.o(i.main) refers to board.o(i.BoardInitPeriph) for BoardInitPeriph
    main.o(i.main) refers to main.o(i.__ARM_common_switch8) for __ARM_common_switch8
    main.o(i.main) refers to loramac.o(i.LoRaMacInitialization) for LoRaMacInitialization
    main.o(i.main) refers to timer.o(i.TimerInit) for TimerInit
    main.o(i.main) refers to loramac.o(i.LoRaMacMibSetRequestConfirm) for LoRaMacMibSetRequestConfirm
    main.o(i.main) refers to board.o(i.BoardGetRandomSeed) for BoardGetRandomSeed
    main.o(i.main) refers to utilities.o(i.srand1) for srand1
    main.o(i.main) refers to utilities.o(i.randr) for randr
    main.o(i.main) refers to main.o(i.PrepareTxFrame) for PrepareTxFrame
    main.o(i.main) refers to main.o(i.SendFrame) for SendFrame
    main.o(i.main) refers to timer.o(i.TimerSetValue) for TimerSetValue
    main.o(i.main) refers to timer.o(i.TimerStart) for TimerStart
    main.o(i.main) refers to loramac.o(i.LoRaMacMibGetRequestConfirm) for LoRaMacMibGetRequestConfirm
    main.o(i.main) refers to gpio.o(i.GpioRead) for GpioRead
    main.o(i.main) refers to gpio.o(i.GpioWrite) for GpioWrite
    main.o(i.main) refers to main.o(.data) for DeviceState
    main.o(i.main) refers to main.o(i.McpsConfirm) for McpsConfirm
    main.o(i.main) refers to main.o(i.McpsIndication) for McpsIndication
    main.o(i.main) refers to main.o(i.MlmeConfirm) for MlmeConfirm
    main.o(i.main) refers to board.o(i.BoardGetBatteryLevel) for BoardGetBatteryLevel
    main.o(i.main) refers to main.o(i.OnTxNextPacketTimerEvent) for OnTxNextPacketTimerEvent
    main.o(i.main) refers to main.o(.bss) for TxNextPacketTimer
    main.o(i.main) refers to board.o(.bss) for Led1
    adc-board.o(i.AdcMcuConfig) refers to stm32l0xx_hal_adc.o(i.HAL_ADC_Init) for HAL_ADC_Init
    adc-board.o(i.AdcMcuConfig) refers to stm32l0xx_hal_adc_ex.o(i.HAL_ADCEx_Calibration_Start) for HAL_ADCEx_Calibration_Start
    adc-board.o(i.AdcMcuConfig) refers to adc-board.o(.bss) for AdcHandle
    adc-board.o(i.AdcMcuInit) refers to stm32l0xx_hal_adc.o(i.HAL_ADC_DeInit) for HAL_ADC_DeInit
    adc-board.o(i.AdcMcuInit) refers to gpio.o(i.GpioInit) for GpioInit
    adc-board.o(i.AdcMcuInit) refers to adc-board.o(.bss) for AdcHandle
    adc-board.o(i.AdcMcuReadChannel) refers to stm32l0xx_hal_adc.o(i.HAL_ADC_ConfigChannel) for HAL_ADC_ConfigChannel
    adc-board.o(i.AdcMcuReadChannel) refers to stm32l0xx_hal_adc.o(i.HAL_ADC_Start) for HAL_ADC_Start
    adc-board.o(i.AdcMcuReadChannel) refers to stm32l0xx_hal_adc.o(i.HAL_ADC_PollForConversion) for HAL_ADC_PollForConversion
    adc-board.o(i.AdcMcuReadChannel) refers to stm32l0xx_hal_adc.o(i.HAL_ADC_GetValue) for HAL_ADC_GetValue
    adc-board.o(i.AdcMcuReadChannel) refers to stm32l0xx_hal_adc.o(i.HAL_ADC_DeInit) for HAL_ADC_DeInit
    adc-board.o(i.AdcMcuReadChannel) refers to adc-board.o(.bss) for AdcHandle
    board.o(i.BoardDeInitMcu) refers to uart.o(i.UartDeInit) for UartDeInit
    board.o(i.BoardDeInitMcu) refers to i2c.o(i.I2cDeInit) for I2cDeInit
    board.o(i.BoardDeInitMcu) refers to spi-board.o(i.SpiDeInit) for SpiDeInit
[...]
    _printf_x                                0x00000000   Number         0  stubs.o ABSOLUTE
    __cpp_initialize__aeabi_                  - Undefined Weak Reference
    __cxa_finalize                            - Undefined Weak Reference
    _clock_init                               - Undefined Weak Reference
    _microlib_exit                            - Undefined Weak Reference
    __Vectors_Size                           0x000000c0   Number         0  startup_stm32l052xx.o ABSOLUTE
    __Vectors                                0x08000000   Data           4  startup_stm32l052xx.o(RESET)
    __Vectors_End                            0x080000c0   Data           0  startup_stm32l052xx.o(RESET)
    __main                                   0x080000c1   Thumb Code     0  entry.o(.ARM.Collect$$$$00000000)
    _main_stk                                0x080000c1   Thumb Code     0  entry2.o(.ARM.Collect$$$$00000001)
    _main_scatterload                        0x080000c5   Thumb Code     0  entry5.o(.ARM.Collect$$$$00000004)
    __main_after_scatterload                 0x080000c9   Thumb Code     0  entry5.o(.ARM.Collect$$$$00000004)
    _main_clock                              0x080000c9   Thumb Code     0  entry7b.o(.ARM.Collect$$$$00000008)
    _main_cpp_init                           0x080000c9   Thumb Code     0  entry8b.o(.ARM.Collect$$$$0000000A)
    _main_init                               0x080000c9   Thumb Code     0  entry9a.o(.ARM.Collect$$$$0000000B)
    __rt_final_cpp                           0x080000d1   Thumb Code     0  entry10a.o(.ARM.Collect$$$$0000000D)
    __rt_final_exit                          0x080000d1   Thumb Code     0  entry11a.o(.ARM.Collect$$$$0000000F)
    Reset_Handler                            0x080000d5   Thumb Code     8  startup_stm32l052xx.o(.text)
    HardFault_Handler                        0x080000df   Thumb Code     2  startup_stm32l052xx.o(.text)
    SVC_Handler                              0x080000e1   Thumb Code     2  startup_stm32l052xx.o(.text)
    PendSV_Handler                           0x080000e3   Thumb Code     2  startup_stm32l052xx.o(.text)
    ADC1_COMP_IRQHandler                     0x080000e7   Thumb Code     0  startup_stm32l052xx.o(.text)
    DMA1_Channel1_IRQHandler                 0x080000e7   Thumb Code     0  startup_stm32l052xx.o(.text)
    DMA1_Channel2_3_IRQHandler               0x080000e7   Thumb Code     0  startup_stm32l052xx.o(.text)
    DMA1_Channel4_5_6_7_IRQHandler           0x080000e7   Thumb Code     0  startup_stm32l052xx.o(.text)
    FLASH_IRQHandler                         0x080000e7   Thumb Code     0  startup_stm32l052xx.o(.text)
    I2C1_IRQHandler                          0x080000e7   Thumb Code     0  startup_stm32l052xx.o(.text)
    I2C2_IRQHandler                          0x080000e7   Thumb Code     0  startup_stm32l052xx.o(.text)
    LPTIM1_IRQHandler                        0x080000e7   Thumb Code     0  startup_stm32l052xx.o(.text)
    PVD_IRQHandler                           0x080000e7   Thumb Code     0  startup_stm32l052xx.o(.text)
    RCC_CRS_IRQHandler                       0x080000e7   Thumb Code     0  startup_stm32l052xx.o(.text)
    RNG_LPUART1_IRQHandler                   0x080000e7   Thumb Code     0  startup_stm32l052xx.o(.text)
    SPI1_IRQHandler                          0x080000e7   Thumb Code     0  startup_stm32l052xx.o(.text)
    SPI2_IRQHandler                          0x080000e7   Thumb Code     0  startup_stm32l052xx.o(.text)
    TIM21_IRQHandler                         0x080000e7   Thumb Code     0  startup_stm32l052xx.o(.text)
    TIM22_IRQHandler                         0x080000e7   Thumb Code     0  startup_stm32l052xx.o(.text)
    TIM2_IRQHandler                          0x080000e7   Thumb Code     0  startup_stm32l052xx.o(.text)
    TIM6_DAC_IRQHandler                      0x080000e7   Thumb Code     0  startup_stm32l052xx.o(.text)
    TSC_IRQHandler                           0x080000e7   Thumb Code     0  startup_stm32l052xx.o(.text)
    USB_IRQHandler                           0x080000e7   Thumb Code     0  startup_stm32l052xx.o(.text)
    WWDG_IRQHandler                          0x080000e7   Thumb Code     0  startup_stm32l052xx.o(.text)
    __aeabi_uidiv                            0x080000f1   Thumb Code     0  uidiv.o(.text)
    __aeabi_uidivmod                         0x080000f1   Thumb Code    44  uidiv.o(.text)
    __aeabi_idiv                             0x0800011d   Thumb Code     0  idiv.o(.text)
    __aeabi_idivmod                          0x0800011d   Thumb Code    40  idiv.o(.text)
    __aeabi_uldivmod                         0x08000145   Thumb Code    96  uldiv.o(.text)
    __aeabi_memcpy                           0x080001a5   Thumb Code    36  memcpya.o(.text)
    __aeabi_memcpy4                          0x080001a5   Thumb Code     0  memcpya.o(.text)
    __aeabi_memcpy8                          0x080001a5   Thumb Code     0  memcpya.o(.text)
    __aeabi_memset                           0x080001c9   Thumb Code    14  memseta.o(.text)
    __aeabi_memset4                          0x080001c9   Thumb Code     0  memseta.o(.text)
    __aeabi_memset8                          0x080001c9   Thumb Code     0  memseta.o(.text)
    __aeabi_memclr                           0x080001d7   Thumb Code     4  memseta.o(.text)
    __aeabi_memclr4                          0x080001d7   Thumb Code     0  memseta.o(.text)
    __aeabi_memclr8                          0x080001d7   Thumb Code     0  memseta.o(.text)
    _memset$wrapper                          0x080001db   Thumb Code    18  memseta.o(.text)
    strncmp                                  0x080001ed   Thumb Code    30  strncmp.o(.text)
    __aeabi_fadd                             0x0800020b   Thumb Code   162  fadd.o(.text)
    __aeabi_fsub                             0x080002ad   Thumb Code     8  fadd.o(.text)
    __aeabi_frsub                            0x080002b5   Thumb Code     8  fadd.o(.text)
    __aeabi_dadd                             0x080002bd   Thumb Code   328  dadd.o(.text)
    __aeabi_dsub                             0x08000405   Thumb Code    12  dadd.o(.text)
    __aeabi_drsub                            0x08000411   Thumb Code    12  dadd.o(.text)
    __aeabi_dmul                             0x08000421   Thumb Code   202  dmul.o(.text)
    __aeabi_ddiv                             0x080004f1   Thumb Code   234  ddiv.o(.text)
    __aeabi_ui2f                             0x080005e1   Thumb Code    14  ffltui.o(.text)
    __aeabi_i2d                              0x080005f1   Thumb Code    34  dflti.o(.text)
    __aeabi_ui2d                             0x08000619   Thumb Code    24  dfltui.o(.text)
    __aeabi_ul2d                             0x08000635   Thumb Code    22  dfltul.o(.text)
    __aeabi_d2iz                             0x08000651   Thumb Code    62  dfixi.o(.text)
    __aeabi_d2uiz                            0x08000699   Thumb Code    50  dfixui.o(.text)
    __aeabi_f2d                              0x080006d5   Thumb Code    40  f2d.o(.text)
    __aeabi_cdcmpeq                          0x080006fd   Thumb Code     0  cdcmple.o(.text)
    __aeabi_cdcmple                          0x080006fd   Thumb Code    38  cdcmple.o(.text)
    __aeabi_cdrcmple                         0x08000725   Thumb Code    38  cdrcmple.o(.text)
    __aeabi_llsl                             0x0800074d   Thumb Code    32  llshl.o(.text)
    _ll_shift_l                              0x0800074d   Thumb Code     0  llshl.o(.text)
    __aeabi_llsr                             0x0800076d   Thumb Code    34  llushr.o(.text)
    _ll_ushift_r                             0x0800076d   Thumb Code     0  llushr.o(.text)
    __aeabi_lasr                             0x0800078f   Thumb Code    38  llsshr.o(.text)
    _ll_sshift_r                             0x0800078f   Thumb Code     0  llsshr.o(.text)
    __I$use$fp                               0x080007b5   Thumb Code     0  iusefp.o(.text)
    _float_round                             0x080007b5   Thumb Code    16  fepilogue.o(.text)
    _float_epilogue                          0x080007c5   Thumb Code   114  fepilogue.o(.text)
    _double_round                            0x08000837   Thumb Code    26  depilogue.o(.text)
    _double_epilogue                         0x08000851   Thumb Code   164  depilogue.o(.text)
    _drnd                                    0x080008f5   Thumb Code   114  drnd.o(.text)
    __scatterload                            0x08000971   Thumb Code    28  init.o(.text)
    __scatterload_rt2                        0x08000971   Thumb Code     0  init.o(.text)
    __decompress                             0x08000995   Thumb Code     0  __dczerorl2.o(.text)
    __decompress1                            0x08000995   Thumb Code    86  __dczerorl2.o(.text)
    AES_CMAC_Final                           0x080009eb   Thumb Code   452  cmac.o(i.AES_CMAC_Final)
    AES_CMAC_Init                            0x08000baf   Thumb Code    34  cmac.o(i.AES_CMAC_Init)
    AES_CMAC_SetKey                          0x08000bd1   Thumb Code    18  cmac.o(i.AES_CMAC_SetKey)
    AES_CMAC_Update                          0x08000be3   Thumb Code   242  cmac.o(i.AES_CMAC_Update)
    BlockLowPowerDuringTask                  0x08000e95   Thumb Code    18  rtc-board.o(i.BlockLowPowerDuringTask)
    BoardDisableIrq                          0x08000ead   Thumb Code    14  board.o(i.BoardDisableIrq)
    BoardEnableIrq                           0x08000ec1   Thumb Code    22  board.o(i.BoardEnableIrq)
    BoardGetBatteryLevel                     0x08000edd   Thumb Code    12  board.o(i.BoardGetBatteryLevel)
    BoardGetRandomSeed                       0x08000ee9   Thumb Code    18  board.o(i.BoardGetRandomSeed)
    BoardInitMcu                             0x08000f01   Thumb Code    70  board.o(i.BoardInitMcu)
    BoardInitPeriph                          0x08000f55   Thumb Code    44  board.o(i.BoardInitPeriph)
    DelayMs                                  0x08001179   Thumb Code    12  delay.o(i.DelayMs)
    EXTI0_1_IRQHandler                       0x08001185   Thumb Code    20  gpio-board.o(i.EXTI0_1_IRQHandler)
    EXTI2_3_IRQHandler                       0x08001199   Thumb Code    20  gpio-board.o(i.EXTI2_3_IRQHandler)
    EXTI4_15_IRQHandler                      0x080011ad   Thumb Code    96  gpio-board.o(i.EXTI4_15_IRQHandler)
    FifoInit                                 0x0800120d   Thumb Code    12  fifo.o(i.FifoInit)
    FifoPop                                  0x0800122b   Thumb Code    30  fifo.o(i.FifoPop)
    FifoPush                                 0x08001249   Thumb Code    24  fifo.o(i.FifoPush)
    GetBoardPowerSource                      0x08001295   Thumb Code     4  board.o(i.GetBoardPowerSource)
    GpioInit                                 0x080012e1   Thumb Code    40  gpio.o(i.GpioInit)
    GpioMcuInit                              0x08001309   Thumb Code   306  gpio-board.o(i.GpioMcuInit)
    GpioMcuRead                              0x0800144d   Thumb Code    32  gpio-board.o(i.GpioMcuRead)
    GpioMcuSetInterrupt                      0x0800146d   Thumb Code   306  gpio-board.o(i.GpioMcuSetInterrupt)
    GpioMcuWrite                             0x080015b1   Thumb Code    44  gpio-board.o(i.GpioMcuWrite)
    GpioRead                                 0x080015dd   Thumb Code    26  gpio.o(i.GpioRead)
    GpioSetInterrupt                         0x080015f7   Thumb Code    34  gpio.o(i.GpioSetInterrupt)
    GpioWrite                                0x08001619   Thumb Code    26  gpio.o(i.GpioWrite)
    GpsConvertPositionFromStringToNumerical  0x08001635   Thumb Code   730  gps.o(i.GpsConvertPositionFromStringToNumerical)
    GpsConvertPositionIntoBinary             0x08001939   Thumb Code   196  gps.o(i.GpsConvertPositionIntoBinary)
    GpsFormatGpsData                         0x08001a19   Thumb Code    92  gps.o(i.GpsFormatGpsData)
    GpsGetLatestGpsPositionDouble            0x08001a85   Thumb Code    58  gps.o(i.GpsGetLatestGpsPositionDouble)
    GpsInit                                  0x08001ad1   Thumb Code    14  gps.o(i.GpsInit)
    GpsMcuInit                               0x08001ae5   Thumb Code    86  gps-board.o(i.GpsMcuInit)
    GpsMcuInvertPpsTrigger                   0x08001b5d   Thumb Code    50  gps-board.o(i.GpsMcuInvertPpsTrigger)
    GpsMcuIrqNotify                          0x08001b9d   Thumb Code   110  gps-board.o(i.GpsMcuIrqNotify)
    GpsMcuOnPpsSignal                        0x08001c19   Thumb Code    56  gps-board.o(i.GpsMcuOnPpsSignal)
    GpsMcuStart                              0x08001c55   Thumb Code    12  gps-board.o(i.GpsMcuStart)
    GpsNmeaChecksum                          0x08001c65   Thumb Code   114  gps.o(i.GpsNmeaChecksum)
    GpsParseGpsData                          0x08001d1d   Thumb Code  1202  gps.o(i.GpsParseGpsData)
    GpsPpsHandler                            0x080021d5   Thumb Code    48  gps.o(i.GpsPpsHandler)
    GpsResetPosition                         0x0800220d   Thumb Code    34  gps.o(i.GpsResetPosition)
    HAL_DBGMCU_EnableDBGSleepMode            0x08002245   Thumb Code    14  stm32l0xx_hal.o(i.HAL_DBGMCU_EnableDBGSleepMode)
    HAL_DBGMCU_EnableDBGStandbyMode          0x08002259   Thumb Code    14  stm32l0xx_hal.o(i.HAL_DBGMCU_EnableDBGStandbyMode)
    HAL_DBGMCU_EnableDBGStopMode             0x0800226d   Thumb Code    14  stm32l0xx_hal.o(i.HAL_DBGMCU_EnableDBGStopMode)
    HAL_Delay                                0x08002281   Thumb Code    26  stm32l0xx_hal.o(i.HAL_Delay)
    HAL_GPIO_EXTI_Callback                   0x0800229d   Thumb Code    42  gpio-board.o(i.HAL_GPIO_EXTI_Callback)
    HAL_GPIO_EXTI_IRQHandler                 0x080022cd   Thumb Code    26  stm32l0xx_hal_gpio.o(i.HAL_GPIO_EXTI_IRQHandler)
    HAL_GPIO_Init                            0x080022ed   Thumb Code   462  stm32l0xx_hal_gpio.o(i.HAL_GPIO_Init)
    HAL_GPIO_ReadPin                         0x080024d9   Thumb Code    18  stm32l0xx_hal_gpio.o(i.HAL_GPIO_ReadPin)
    HAL_GPIO_WritePin                        0x080024eb   Thumb Code    12  stm32l0xx_hal_gpio.o(i.HAL_GPIO_WritePin)
    HAL_GetTick                              0x080024f9   Thumb Code     6  stm32l0xx_hal.o(i.HAL_GetTick)
    HAL_I2CEx_ConfigAnalogFilter             0x08002505   Thumb Code   142  stm32l0xx_hal_i2c_ex.o(i.HAL_I2CEx_ConfigAnalogFilter)
    HAL_I2C_Init                             0x08002595   Thumb Code   190  stm32l0xx_hal_i2c.o(i.HAL_I2C_Init)
    HAL_I2C_MspInit                          0x08002659   Thumb Code     2  stm32l0xx_hal_i2c.o(i.HAL_I2C_MspInit)
    HAL_IncTick                              0x0800265d   Thumb Code    12  stm32l0xx_hal.o(i.HAL_IncTick)
    HAL_Init                                 0x0800266d   Thumb Code    28  stm32l0xx_hal.o(i.HAL_Init)
    HAL_InitTick                             0x0800268d   Thumb Code    36  stm32l0xx_hal.o(i.HAL_InitTick)
    HAL_MspInit                              0x080026b5   Thumb Code     2  stm32l0xx_hal_msp_template.o(i.HAL_MspInit)
    HAL_NVIC_EnableIRQ                       0x080026b9   Thumb Code    18  stm32l0xx_hal_cortex.o(i.HAL_NVIC_EnableIRQ)
    HAL_NVIC_SetPriority                     0x080026d1   Thumb Code    18  stm32l0xx_hal_cortex.o(i.HAL_NVIC_SetPriority)
    HAL_RCCEx_PeriphCLKConfig                0x080026e5   Thumb Code   530  stm32l0xx_hal_rcc_ex.o(i.HAL_RCCEx_PeriphCLKConfig)
    HAL_RCC_ClockConfig                      0x08002905   Thumb Code   482  stm32l0xx_hal_rcc.o(i.HAL_RCC_ClockConfig)
    HAL_RCC_GetHCLKFreq                      0x08002afd   Thumb Code     6  stm32l0xx_hal_rcc.o(i.HAL_RCC_GetHCLKFreq)
    HAL_RCC_GetPCLK1Freq                     0x08002b09   Thumb Code    26  stm32l0xx_hal_rcc.o(i.HAL_RCC_GetPCLK1Freq)
    HAL_RCC_GetPCLK2Freq                     0x08002b2d   Thumb Code    26  stm32l0xx_hal_rcc.o(i.HAL_RCC_GetPCLK2Freq)
    HAL_RCC_GetSysClockFreq                  0x08002b51   Thumb Code   214  stm32l0xx_hal_rcc.o(i.HAL_RCC_GetSysClockFreq)
    HAL_RCC_OscConfig                        0x08002c3d   Thumb Code  1684  stm32l0xx_hal_rcc.o(i.HAL_RCC_OscConfig)
    HAL_RTCEx_AlarmBEventCallback            0x080032dd   Thumb Code     2  stm32l0xx_hal_rtc_ex.o(i.HAL_RTCEx_AlarmBEventCallback)
    HAL_RTCEx_EnableBypassShadow             0x080032df   Thumb Code    88  stm32l0xx_hal_rtc_ex.o(i.HAL_RTCEx_EnableBypassShadow)
    HAL_RTC_AlarmAEventCallback              0x08003337   Thumb Code     2  stm32l0xx_hal_rtc.o(i.HAL_RTC_AlarmAEventCallback)
    HAL_RTC_AlarmIRQHandler                  0x08003339   Thumb Code   124  stm32l0xx_hal_rtc.o(i.HAL_RTC_AlarmIRQHandler)
    HAL_RTC_DeactivateAlarm                  0x080033c1   Thumb Code   274  stm32l0xx_hal_rtc.o(i.HAL_RTC_DeactivateAlarm)
    HAL_RTC_GetAlarm                         0x080034d5   Thumb Code   236  stm32l0xx_hal_rtc.o(i.HAL_RTC_GetAlarm)
    HAL_RTC_GetDate                          0x080035c5   Thumb Code    88  stm32l0xx_hal_rtc.o(i.HAL_RTC_GetDate)
    HAL_RTC_GetTime                          0x08003621   Thumb Code   104  stm32l0xx_hal_rtc.o(i.HAL_RTC_GetTime)
    HAL_RTC_Init                             0x0800368d   Thumb Code   196  stm32l0xx_hal_rtc.o(i.HAL_RTC_Init)
    HAL_RTC_MspInit                          0x08003755   Thumb Code     2  stm32l0xx_hal_rtc.o(i.HAL_RTC_MspInit)
    HAL_RTC_SetAlarm_IT                      0x08003759   Thumb Code   590  stm32l0xx_hal_rtc.o(i.HAL_RTC_SetAlarm_IT)
    HAL_RTC_SetDate                          0x080039b5   Thumb Code   298  stm32l0xx_hal_rtc.o(i.HAL_RTC_SetDate)
    HAL_RTC_SetTime                          0x08003ae5   Thumb Code   336  stm32l0xx_hal_rtc.o(i.HAL_RTC_SetTime)
    HAL_RTC_WaitForSynchro                   0x08003c39   Thumb Code    60  stm32l0xx_hal_rtc.o(i.HAL_RTC_WaitForSynchro)
    HAL_SPI_Init                             0x08003c75   Thumb Code   142  stm32l0xx_hal_spi.o(i.HAL_SPI_Init)
    HAL_SPI_MspInit                          0x08003d03   Thumb Code     2  stm32l0xx_hal_spi.o(i.HAL_SPI_MspInit)
    HAL_SYSTICK_CLKSourceConfig              0x08003d05   Thumb Code    32  stm32l0xx_hal_cortex.o(i.HAL_SYSTICK_CLKSourceConfig)
    HAL_SYSTICK_Callback                     0x08003d29   Thumb Code     2  stm32l0xx_hal_cortex.o(i.HAL_SYSTICK_Callback)
    HAL_SYSTICK_Config                       0x08003d2d   Thumb Code    46  stm32l0xx_hal_cortex.o(i.HAL_SYSTICK_Config)
    HAL_SYSTICK_IRQHandler                   0x08003d65   Thumb Code     8  stm32l0xx_hal_cortex.o(i.HAL_SYSTICK_IRQHandler)
    HAL_UARTEx_WakeupCallback                0x08003d6d   Thumb Code     2  stm32l0xx_hal_uart_ex.o(i.HAL_UARTEx_WakeupCallback)
    HAL_UART_ErrorCallback                   0x08003d71   Thumb Code    16  uart-board.o(i.HAL_UART_ErrorCallback)
    HAL_UART_IRQHandler                      0x08003d85   Thumb Code   354  stm32l0xx_hal_uart.o(i.HAL_UART_IRQHandler)
    HAL_UART_Init                            0x08003ee7   Thumb Code   124  stm32l0xx_hal_uart.o(i.HAL_UART_Init)
    HAL_UART_MspInit                         0x08003f63   Thumb Code     2  stm32l0xx_hal_uart.o(i.HAL_UART_MspInit)
    HAL_UART_Receive_IT                      0x08003f65   Thumb Code   214  stm32l0xx_hal_uart.o(i.HAL_UART_Receive_IT)
    HAL_UART_RxCpltCallback                  0x08004041   Thumb Code    78  uart-board.o(i.HAL_UART_RxCpltCallback)
    HAL_UART_Transmit_IT                     0x080040a5   Thumb Code   110  stm32l0xx_hal_uart.o(i.HAL_UART_Transmit_IT)
    HAL_UART_TxCpltCallback                  0x08004115   Thumb Code    72  uart-board.o(i.HAL_UART_TxCpltCallback)
    I2cInit                                  0x08004171   Thumb Code    52  i2c.o(i.I2cInit)
    I2cMcuFormat                             0x080041ad   Thumb Code    82  i2c-board.o(i.I2cMcuFormat)
    I2cMcuInit                               0x08004215   Thumb Code   114  i2c-board.o(i.I2cMcuInit)
    IsFifoEmpty                              0x08004291   Thumb Code    18  fifo.o(i.IsFifoEmpty)
    IsFifoFull                               0x080042a3   Thumb Code    26  fifo.o(i.IsFifoFull)
    LoRaMacComputeMic                        0x080042d1   Thumb Code   134  loramaccrypto.o(i.LoRaMacComputeMic)
    LoRaMacInitialization                    0x08004365   Thumb Code   706  loramac.o(i.LoRaMacInitialization)
    LoRaMacJoinComputeMic                    0x080046ad   Thumb Code    74  loramaccrypto.o(i.LoRaMacJoinComputeMic)
    LoRaMacJoinComputeSKeys                  0x08004701   Thumb Code   136  loramaccrypto.o(i.LoRaMacJoinComputeSKeys)
    LoRaMacJoinDecrypt                       0x0800478d   Thumb Code    60  loramaccrypto.o(i.LoRaMacJoinDecrypt)
    LoRaMacMcpsRequest                       0x080047cd   Thumb Code   348  loramac.o(i.LoRaMacMcpsRequest)
    LoRaMacMibGetRequestConfirm              0x0800494d   Thumb Code   358  loramac.o(i.LoRaMacMibGetRequestConfirm)
    LoRaMacMibSetRequestConfirm              0x08004af1   Thumb Code   812  loramac.o(i.LoRaMacMibSetRequestConfirm)
    LoRaMacMlmeRequest                       0x08004e71   Thumb Code   396  loramac.o(i.LoRaMacMlmeRequest)
    LoRaMacPayloadDecrypt                    0x08005029   Thumb Code    36  loramaccrypto.o(i.LoRaMacPayloadDecrypt)
    LoRaMacPayloadEncrypt                    0x0800504d   Thumb Code   210  loramaccrypto.o(i.LoRaMacPayloadEncrypt)
    LoRaMacQueryTxPossible                   0x0800512d   Thumb Code   210  loramac.o(i.LoRaMacQueryTxPossible)
    NMI_Handler                              0x08005515   Thumb Code     2  sysirqhandlers.o(i.NMI_Handler)
    Nibble2HexChar                           0x08005591   Thumb Code    30  utilities.o(i.Nibble2HexChar)
    PrepareFrame                             0x080066d9   Thumb Code   988  loramac.o(i.PrepareFrame)
    RTC_Bcd2ToByte                           0x08006fbd   Thumb Code    26  stm32l0xx_hal_rtc.o(i.RTC_Bcd2ToByte)
    RTC_ByteToBcd2                           0x08006fd7   Thumb Code    26  stm32l0xx_hal_rtc.o(i.RTC_ByteToBcd2)
    RTC_EnterInitMode                        0x08006ff1   Thumb Code    66  stm32l0xx_hal_rtc.o(i.RTC_EnterInitMode)
    RTC_IRQHandler                           0x08007035   Thumb Code    38  rtc-board.o(i.RTC_IRQHandler)
    RegionAdrNext                            0x08007061   Thumb Code    32  region.o(i.RegionAdrNext)
    RegionAlternateDr                        0x08007081   Thumb Code    22  region.o(i.RegionAlternateDr)
    RegionApplyCFList                        0x08007097   Thumb Code    24  region.o(i.RegionApplyCFList)
    RegionApplyDrOffset                      0x080070af   Thumb Code    30  region.o(i.RegionApplyDrOffset)
    RegionCN470AdrNext                       0x080070cd   Thumb Code   150  regioncn470.o(i.RegionCN470AdrNext)
    RegionCN470AlternateDr                   0x08007169   Thumb Code   102  regioncn470.o(i.RegionCN470AlternateDr)
    RegionCN470ApplyCFList                   0x080071cf   Thumb Code     2  regioncn470.o(i.RegionCN470ApplyCFList)
    RegionCN470ApplyDrOffset                 0x080071d1   Thumb Code    18  regioncn470.o(i.RegionCN470ApplyDrOffset)
    RegionCN470CalcBackOff                   0x080071e5   Thumb Code    50  regioncn470.o(i.RegionCN470CalcBackOff)
    RegionCN470ChanMaskSet                   0x08007221   Thumb Code    50  regioncn470.o(i.RegionCN470ChanMaskSet)
    RegionCN470ComputeRxWindowParameters     0x0800725d   Thumb Code    88  regioncn470.o(i.RegionCN470ComputeRxWindowParameters)
    RegionCN470DlChannelReq                  0x080072bd   Thumb Code     6  regioncn470.o(i.RegionCN470DlChannelReq)
    RegionCN470GetPhyParam                   0x080072c5   Thumb Code   260  regioncn470.o(i.RegionCN470GetPhyParam)
    RegionCN470InitDefaults                  0x080073f5   Thumb Code   108  regioncn470.o(i.RegionCN470InitDefaults)
    RegionCN470LinkAdrReq                    0x08007475   Thumb Code   330  regioncn470.o(i.RegionCN470LinkAdrReq)
    RegionCN470NewChannelReq                 0x080075c9   Thumb Code     6  regioncn470.o(i.RegionCN470NewChannelReq)
    RegionCN470NextChannel                   0x080075d1   Thumb Code   194  regioncn470.o(i.RegionCN470NextChannel)
    RegionCN470RxConfig                      0x080076b9   Thumb Code   170  regioncn470.o(i.RegionCN470RxConfig)
    RegionCN470RxParamSetupReq               0x0800778d   Thumb Code    94  regioncn470.o(i.RegionCN470RxParamSetupReq)
    RegionCN470SetBandTxDone                 0x080077fd   Thumb Code    32  regioncn470.o(i.RegionCN470SetBandTxDone)
    RegionCN470SetContinuousWave             0x08007825   Thumb Code    80  regioncn470.o(i.RegionCN470SetContinuousWave)
    RegionCN470TxConfig                      0x08007885   Thumb Code   194  regioncn470.o(i.RegionCN470TxConfig)
    RegionCN470TxParamSetupReq               0x08007981   Thumb Code     8  regioncn470.o(i.RegionCN470TxParamSetupReq)
    RegionCN470Verify                        0x08007989   Thumb Code   142  regioncn470.o(i.RegionCN470Verify)
    RegionCalcBackOff                        0x08007a17   Thumb Code    24  region.o(i.RegionCalcBackOff)
    RegionChanMaskSet                        0x08007a2f   Thumb Code    22  region.o(i.RegionChanMaskSet)
    RegionCommonCalcBackOff                  0x08007a45   Thumb Code   136  regioncommon.o(i.RegionCommonCalcBackOff)
    RegionCommonChanMaskCopy                 0x08007acd   Thumb Code    34  regioncommon.o(i.RegionCommonChanMaskCopy)
    RegionCommonChanVerifyDr                 0x08007aef   Thumb Code   128  regioncommon.o(i.RegionCommonChanVerifyDr)
    RegionCommonComputeRxWindowParameters    0x08007b71   Thumb Code   276  regioncommon.o(i.RegionCommonComputeRxWindowParameters)
    RegionCommonComputeSymbolTimeLoRa        0x08007c89   Thumb Code    56  regioncommon.o(i.RegionCommonComputeSymbolTimeLoRa)
    RegionCommonComputeTxPower               0x08007cc5   Thumb Code    66  regioncommon.o(i.RegionCommonComputeTxPower)
    RegionCommonCountChannels                0x08007d07   Thumb Code    52  regioncommon.o(i.RegionCommonCountChannels)
    RegionCommonGetJoinDc                    0x08007d3d   Thumb Code    30  regioncommon.o(i.RegionCommonGetJoinDc)
    RegionCommonLinkAdrReqVerifyParams       0x08007d69   Thumb Code   172  regioncommon.o(i.RegionCommonLinkAdrReqVerifyParams)
    RegionCommonParseLinkAdrReq              0x08007e15   Thumb Code    72  regioncommon.o(i.RegionCommonParseLinkAdrReq)
    RegionCommonSetBandTxDone                0x08007e5d   Thumb Code    14  regioncommon.o(i.RegionCommonSetBandTxDone)
    RegionCommonUpdateBandTimeOff            0x08007e6b   Thumb Code   272  regioncommon.o(i.RegionCommonUpdateBandTimeOff)
    RegionCommonValueInRange                 0x08007f7b   Thumb Code    18  regioncommon.o(i.RegionCommonValueInRange)
    RegionComputeRxWindowParameters          0x08007f8d   Thumb Code    34  region.o(i.RegionComputeRxWindowParameters)
    RegionDlChannelReq                       0x08007faf   Thumb Code    22  region.o(i.RegionDlChannelReq)
    RegionGetPhyParam                        0x08007fc5   Thumb Code    28  region.o(i.RegionGetPhyParam)
    RegionInitDefaults                       0x08007fe1   Thumb Code    24  region.o(i.RegionInitDefaults)
    RegionIsActive                           0x08007ff9   Thumb Code    14  region.o(i.RegionIsActive)
    RegionLinkAdrReq                         0x08008007   Thumb Code    36  region.o(i.RegionLinkAdrReq)
    RegionNewChannelReq                      0x0800802b   Thumb Code    22  region.o(i.RegionNewChannelReq)
    RegionNextChannel                        0x08008041   Thumb Code    32  region.o(i.RegionNextChannel)
    RegionRxConfig                           0x08008061   Thumb Code    26  region.o(i.RegionRxConfig)
    RegionRxParamSetupReq                    0x0800807b   Thumb Code    22  region.o(i.RegionRxParamSetupReq)
    RegionSetBandTxDone                      0x08008091   Thumb Code    26  region.o(i.RegionSetBandTxDone)
    RegionSetContinuousWave                  0x080080ab   Thumb Code    24  region.o(i.RegionSetContinuousWave)
    RegionTxConfig                           0x080080c3   Thumb Code    30  region.o(i.RegionTxConfig)
    RegionTxParamSetupReq                    0x080080e1   Thumb Code    22  region.o(i.RegionTxParamSetupReq)
    RegionVerify                             0x080080f7   Thumb Code    26  region.o(i.RegionVerify)
    RtcComputeElapsedTime                    0x08008221   Thumb Code    46  rtc-board.o(i.RtcComputeElapsedTime)
    RtcGetAdjustedTimeoutValue               0x0800859d   Thumb Code    62  rtc-board.o(i.RtcGetAdjustedTimeoutValue)
    RtcGetElapsedAlarmTime                   0x0800863d   Thumb Code    46  rtc-board.o(i.RtcGetElapsedAlarmTime)
    RtcGetTimerValue                         0x08008671   Thumb Code    26  rtc-board.o(i.RtcGetTimerValue)
    RtcInit                                  0x0800868d   Thumb Code   146  rtc-board.o(i.RtcInit)
    RtcRecoverMcuStatus                      0x08008735   Thumb Code    68  rtc-board.o(i.RtcRecoverMcuStatus)
    RtcSetTimeout                            0x08008785   Thumb Code    18  rtc-board.o(i.RtcSetTimeout)
    SX1276AntSwDeInit                        0x0800891d   Thumb Code    40  sx1276-board.o(i.SX1276AntSwDeInit)
    SX1276AntSwInit                          0x0800894d   Thumb Code    40  sx1276-board.o(i.SX1276AntSwInit)
    SX1276CheckRfFrequency                   0x0800897d   Thumb Code     6  sx1276-board.o(i.SX1276CheckRfFrequency)
    SX1276GetPaSelect                        0x08008985   Thumb Code    16  sx1276-board.o(i.SX1276GetPaSelect)
    SX1276GetStatus                          0x08008999   Thumb Code     6  sx1276.o(i.SX1276GetStatus)
    SX1276GetTimeOnAir                       0x080089a5   Thumb Code   628  sx1276.o(i.SX1276GetTimeOnAir)
    SX1276Init                               0x08008c41   Thumb Code   112  sx1276.o(i.SX1276Init)
    SX1276IoInit                             0x08008cd1   Thumb Code   154  sx1276-board.o(i.SX1276IoInit)
    SX1276IoIrqInit                          0x08008d71   Thumb Code    88  sx1276-board.o(i.SX1276IoIrqInit)
    SX1276IsChannelFree                      0x08008dcd   Thumb Code    58  sx1276.o(i.SX1276IsChannelFree)
    SX1276OnDio0Irq                          0x08008e09   Thumb Code   892  sx1276.o(i.SX1276OnDio0Irq)
    SX1276OnDio1Irq                          0x080091a1   Thumb Code   404  sx1276.o(i.SX1276OnDio1Irq)
    SX1276OnDio2Irq                          0x08009345   Thumb Code   342  sx1276.o(i.SX1276OnDio2Irq)
    SX1276OnDio3Irq                          0x080094ad   Thumb Code   114  sx1276.o(i.SX1276OnDio3Irq)
    SX1276OnDio4Irq                          0x08009529   Thumb Code    42  sx1276.o(i.SX1276OnDio4Irq)
    SX1276OnTimeoutIrq                       0x08009559   Thumb Code   178  sx1276.o(i.SX1276OnTimeoutIrq)
    SX1276Random                             0x08009619   Thumb Code    64  sx1276.o(i.SX1276Random)
    SX1276Read                               0x08009659   Thumb Code    20  sx1276.o(i.SX1276Read)
    SX1276ReadBuffer                         0x0800966d   Thumb Code    62  sx1276.o(i.SX1276ReadBuffer)
    SX1276ReadFifo                           0x080096b1   Thumb Code    18  sx1276.o(i.SX1276ReadFifo)
    SX1276ReadRssi                           0x080096c5   Thumb Code    74  sx1276.o(i.SX1276ReadRssi)
    SX1276Reset                              0x08009719   Thumb Code    54  sx1276.o(i.SX1276Reset)
    SX1276Send                               0x08009755   Thumb Code   294  sx1276.o(i.SX1276Send)
    SX1276SetAntSw                           0x08009885   Thumb Code    68  sx1276-board.o(i.SX1276SetAntSw)
    SX1276SetAntSwLowPower                   0x080098d1   Thumb Code    32  sx1276-board.o(i.SX1276SetAntSwLowPower)
    SX1276SetChannel                         0x080098f5   Thumb Code    64  sx1276.o(i.SX1276SetChannel)
    SX1276SetMaxPayloadLength                0x0800993d   Thumb Code    54  sx1276.o(i.SX1276SetMaxPayloadLength)
    SX1276SetModem                           0x08009979   Thumb Code   124  sx1276.o(i.SX1276SetModem)
    SX1276SetOpMode                          0x080099f9   Thumb Code    52  sx1276.o(i.SX1276SetOpMode)
    SX1276SetPublicNetwork                   0x08009a2d   Thumb Code    34  sx1276.o(i.SX1276SetPublicNetwork)
    SX1276SetRfTxPower                       0x08009a51   Thumb Code   198  sx1276-board.o(i.SX1276SetRfTxPower)
    SX1276SetRx                              0x08009b1d   Thumb Code   888  sx1276.o(i.SX1276SetRx)
    SX1276SetRxConfig                        0x08009ed1   Thumb Code   686  sx1276.o(i.SX1276SetRxConfig)
    SX1276SetSleep                           0x0800a18d   Thumb Code    28  sx1276.o(i.SX1276SetSleep)
    SX1276SetStby                            0x0800a1b5   Thumb Code    28  sx1276.o(i.SX1276SetStby)
    SX1276SetTx                              0x0800a1dd   Thumb Code   196  sx1276.o(i.SX1276SetTx)
    SX1276SetTxConfig                        0x0800a2a9   Thumb Code   602  sx1276.o(i.SX1276SetTxConfig)
    SX1276SetTxContinuousWave                0x0800a511   Thumb Code   142  sx1276.o(i.SX1276SetTxContinuousWave)
    SX1276StartCad                           0x0800a5ad   Thumb Code    68  sx1276.o(i.SX1276StartCad)
    SX1276Write                              0x0800a5f5   Thumb Code    16  sx1276.o(i.SX1276Write)
    SX1276WriteBuffer                        0x0800a605   Thumb Code    62  sx1276.o(i.SX1276WriteBuffer)
    SX1276WriteFifo                          0x0800a649   Thumb Code    18  sx1276.o(i.SX1276WriteFifo)
    Send                                     0x0800a7ed   Thumb Code   128  loramac.o(i.Send)
    SendFrameOnChannel                       0x0800a909   Thumb Code   214  loramac.o(i.SendFrameOnChannel)
    SetTxContinuousWave                      0x0800aa59   Thumb Code    88  loramac.o(i.SetTxContinuousWave)
    SetTxContinuousWave1                     0x0800aac5   Thumb Code    52  loramac.o(i.SetTxContinuousWave1)
    SpiFormat                                0x0800ab05   Thumb Code    56  spi-board.o(i.SpiFormat)
    SpiFrequency                             0x0800ab3d   Thumb Code    90  spi-board.o(i.SpiFrequency)
    SpiGetFlag                               0x0800ab9d   Thumb Code    22  spi-board.o(i.SpiGetFlag)
    SpiInOut                                 0x0800abb3   Thumb Code    76  spi-board.o(i.SpiInOut)
    SpiInit                                  0x0800ac01   Thumb Code   212  spi-board.o(i.SpiInit)
    SysTick_Handler                          0x0800ace1   Thumb Code    12  board.o(i.SysTick_Handler)
    SystemInit                               0x0800ae31   Thumb Code    88  system_stm32l0xx.o(i.SystemInit)
    TimerGetCurrentTime                      0x0800aeb9   Thumb Code     8  timer.o(i.TimerGetCurrentTime)
    TimerGetElapsedTime                      0x0800aec1   Thumb Code    12  timer.o(i.TimerGetElapsedTime)
    TimerGetValue                            0x0800aecd   Thumb Code     8  timer.o(i.TimerGetValue)
    TimerInit                                0x0800aed5   Thumb Code    14  timer.o(i.TimerInit)
    TimerIrqHandler                          0x0800af89   Thumb Code   144  timer.o(i.TimerIrqHandler)
    TimerSetValue                            0x0800b03d   Thumb Code    18  timer.o(i.TimerSetValue)
    TimerStart                               0x0800b051   Thumb Code   138  timer.o(i.TimerStart)
    TimerStop                                0x0800b0e1   Thumb Code   238  timer.o(i.TimerStop)
    UART_AdvFeatureConfig                    0x0800b1d5   Thumb Code   240  stm32l0xx_hal_uart.o(i.UART_AdvFeatureConfig)
    UART_CheckIdleState                      0x0800b2c5   Thumb Code    96  stm32l0xx_hal_uart.o(i.UART_CheckIdleState)
    UART_SetConfig                           0x0800b3f1   Thumb Code  1220  stm32l0xx_hal_uart.o(i.UART_SetConfig)
    UART_WaitOnFlagUntilTimeout              0x0800b933   Thumb Code   264  stm32l0xx_hal_uart.o(i.UART_WaitOnFlagUntilTimeout)
    USART1_IRQHandler                        0x0800ba3d   Thumb Code    10  uart-board.o(i.USART1_IRQHandler)
    USART2_IRQHandler                        0x0800ba4d   Thumb Code    10  uart-board.o(i.USART2_IRQHandler)
    UartConfig                               0x0800ba5d   Thumb Code    50  uart.o(i.UartConfig)
    UartDeInit                               0x0800ba8f   Thumb Code    22  uart.o(i.UartDeInit)
    UartGetChar                              0x0800baa5   Thumb Code    24  uart.o(i.UartGetChar)
    UartInit                                 0x0800babd   Thumb Code    38  uart.o(i.UartInit)
    UartMcuConfig                            0x0800bae5   Thumb Code   282  uart-board.o(i.UartMcuConfig)
    UartMcuDeInit                            0x0800bc15   Thumb Code   220  uart-board.o(i.UartMcuDeInit)
    UartMcuGetChar                           0x0800bcfd   Thumb Code    48  uart-board.o(i.UartMcuGetChar)
    UartMcuInit                              0x0800bd2d   Thumb Code   216  uart-board.o(i.UartMcuInit)
    UartMcuPutChar                           0x0800be11   Thumb Code    90  uart-board.o(i.UartMcuPutChar)
    UartPutChar                              0x0800be79   Thumb Code    24  uart.o(i.UartPutChar)
    __0printf$3                              0x0800beed   Thumb Code    24  printf3.o(i.__0printf$3)
    __1printf$3                              0x0800beed   Thumb Code     0  printf3.o(i.__0printf$3)
    __2printf                                0x0800beed   Thumb Code     0  printf3.o(i.__0printf$3)
    __ARM_clz                                0x0800bf0d   Thumb Code    46  depilogue.o(i.__ARM_clz)
    __ARM_common_switch8                     0x0800bf3b   Thumb Code    28  main.o(i.__ARM_common_switch8)
    __scatterload_copy                       0x0800bf57   Thumb Code    14  handlers.o(i.__scatterload_copy)
    __scatterload_null                       0x0800bf65   Thumb Code     2  handlers.o(i.__scatterload_null)
    __scatterload_zeroinit                   0x0800bf67   Thumb Code    14  handlers.o(i.__scatterload_zeroinit)
    aes_encrypt                              0x0800c151   Thumb Code    90  aes.o(i.aes_encrypt)
    aes_set_key                              0x0800c1ad   Thumb Code   280  aes.o(i.aes_set_key)
    ceil                                     0x0800c2c9   Thumb Code   180  ceil.o(i.ceil)
    floor                                    0x0800c471   Thumb Code   180  floor.o(i.floor)
    fputc                                    0x0800c539   Thumb Code    16  printf.o(i.fputc)
    main                                     0x0800c54d   Thumb Code   368  main.o(i.main)
    memcpy1                                  0x0800c701   Thumb Code    24  utilities.o(i.memcpy1)
    memcpyr                                  0x0800c719   Thumb Code    28  utilities.o(i.memcpyr)
    memset1                                  0x0800c735   Thumb Code    20  utilities.o(i.memset1)
    printf_init                              0x0800c9cd   Thumb Code    66  printf.o(i.printf_init)
    rand1                                    0x0800ca1d   Thumb Code    30  utilities.o(i.rand1)
    randr                                    0x0800ca4d   Thumb Code    26  utilities.o(i.randr)
    round                                    0x0800ca69   Thumb Code   142  round.o(i.round)
    srand1                                   0x0800cb75   Thumb Code     6  utilities.o(i.srand1)
    Radio                                    0x0800cc1c   Data          92  sx1276-board.o(.constdata)
    RadioRegsInit                            0x0800ccc4   Data          48  sx1276.o(.constdata)
    FskBandwidths                            0x0800ccf4   Data         176  sx1276.o(.constdata)
    NmeaDataTypeGPGGA                        0x0800cda4   Data           6  gps.o(.constdata)
    NmeaDataTypeGPGSA                        0x0800cdaa   Data           6  gps.o(.constdata)
    NmeaDataTypeGPGSV                        0x0800cdb0   Data           6  gps.o(.constdata)
    NmeaDataTypeGPRMC                        0x0800cdb6   Data           6  gps.o(.constdata)
    MaxNorthPosition                         0x0800cdbc   Data           4  gps.o(.constdata)
    MaxSouthPosition                         0x0800cdc0   Data           4  gps.o(.constdata)
    MaxEastPosition                          0x0800cdc4   Data           4  gps.o(.constdata)
    MaxWestPosition                          0x0800cdc8   Data           4  gps.o(.constdata)
    AHBPrescTable                            0x0800d0cc   Data          16  system_stm32l0xx.o(.constdata)
    APBPrescTable                            0x0800d0dc   Data           8  system_stm32l0xx.o(.constdata)
    PLLMulTable                              0x0800d0e4   Data           9  system_stm32l0xx.o(.constdata)
    Region$$Table$$Base                      0x0800d0f0   Number         0  anon$$obj.o(Region$$Table)
    Region$$Table$$Limit                     0x0800d110   Number         0  anon$$obj.o(Region$$Table)
    node_id                                  0x20000000   Data           4  main.o(.data)
    sent_cnt                                 0x20000004   Data           4  main.o(.data)
    Led3Status                               0x20000024   Data           1  board.o(.data)
    NonScheduledWakeUp                       0x20000028   Data           1  rtc-board.o(.data)
    McuWakeUpTime                            0x20000030   Data           4  rtc-board.o(.data)
    Uart1init                                0x20000035   Data           1  uart-board.o(.data)
    Uart2init                                0x20000036   Data           1  uart-board.o(.data)
    RxData                                   0x20000037   Data           1  uart-board.o(.data)
    TxData                                   0x20000038   Data           1  uart-board.o(.data)
    NmeaStringSize                           0x20000039   Data           1  gps-board.o(.data)
    PpsTrigger                               0x2000003a   Data           1  gps-board.o(.data)
    uwTick                                   0x2000003c   Data           4  stm32l0xx_hal.o(.data)
    LoRaMacState                             0x20000098   Data           4  loramac.o(.data)
    TxTimeOnAir                              0x200000b0   Data           4  loramac.o(.data)
    LoRaMacFlags                             0x200000b7   Data           1  loramac.o(.data)
    DioIrq                                   0x200000f0   Data          24  sx1276.o(.data)
    __stdout                                 0x2000010c   Data           4  printf.o(.data)
    __stdin                                  0x20000110   Data           4  printf.o(.data)
    HasLoopedThroughMain                     0x20000114   Data           1  timer.o(.data)
    PpsDetected                              0x20000148   Data           1  gps.o(.data)
    SystemCoreClock                          0x2000014c   Data           4  system_stm32l0xx.o(.data)
    ComplianceTest                           0x20000288   Data          20  main.o(.bss)
    Led1                                     0x2000029c   Data          12  board.o(.bss)
    Led2                                     0x200002a8   Data          12  board.o(.bss)
    Led3                                     0x200002b4   Data          12  board.o(.bss)
    Adc                                      0x200002c0   Data          12  board.o(.bss)
    I2c                                      0x200002cc   Data          84  board.o(.bss)
    RtcCalendarContext                       0x20000360   Data          24  rtc-board.o(.bss)
    RtcHandle                                0x20000378   Data          36  rtc-board.o(.bss)
    AntSwitchLf                              0x2000039c   Data          12  sx1276-board.o(.bss)
    AntSwitchHf                              0x200003a8   Data          12  sx1276-board.o(.bss)
    Uart1Handle                              0x200003b4   Data         112  uart-board.o(.bss)
    Uart2Handle                              0x20000424   Data         112  uart-board.o(.bss)
    Uart1                                    0x20000494   Data          56  uart-board.o(.bss)
    Uart2                                    0x200004cc   Data          56  uart-board.o(.bss)
    RxBuffer                                 0x20000504   Data         128  gps-board.o(.bss)
    NmeaString                               0x20000584   Data         128  gps-board.o(.bss)
    GpsPowerEn                               0x20000604   Data          12  gps-board.o(.bss)
    GpsPps                                   0x20000610   Data          12  gps-board.o(.bss)
    LoRaMacParams                            0x2000093c   Data          56  loramac.o(.bss)
    LoRaMacParamsDefaults                    0x20000974   Data          56  loramac.o(.bss)
    SX1276                                   0x20000e90   Data         312  sx1276.o(.bss)
    TxTimeoutTimer                           0x20000fc8   Data          20  sx1276.o(.bss)
    RxTimeoutTimer                           0x20000fdc   Data          20  sx1276.o(.bss)
    RxTimeoutSyncWord                        0x20000ff0   Data          20  sx1276.o(.bss)
    printf_TxBuffer                          0x20001004   Data         256  printf.o(.bss)
    printf_RxBuffer                          0x20001104   Data         256  printf.o(.bss)
    NmeaGpsData                              0x20001204   Data          99  gps.o(.bss)
    __initial_sp                             0x20001668   Data           0  startup_stm32l052xx.o(STACK)



==============================================================================

Memory Map of the image

  Image Entry point : 0x080000c1

  Load Region LR_IROM1 (Base: 0x08000000, Size: 0x0000d260, Max: 0x00010000, ABSOLUTE, COMPRESSED[0x0000d150])

    Execution Region ER_IROM1 (Base: 0x08000000, Size: 0x0000d110, Max: 0x00010000, ABSOLUTE)

    Base Addr    Size         Type   Attr      Idx    E Section Name        Object

    0x08000000   0x000000c0   Data   RO         8580    RESET               startup_stm32l052xx.o
    0x080000c0   0x00000000   Code   RO         8628  * .ARM.Collect$$$$00000000  mc_p.l(entry.o)
    0x080000c0   0x00000004   Code   RO         8942    .ARM.Collect$$$$00000001  mc_p.l(entry2.o)
    0x080000c4   0x00000004   Code   RO         8945    .ARM.Collect$$$$00000004  mc_p.l(entry5.o)
    0x080000c8   0x00000000   Code   RO         8947    .ARM.Collect$$$$00000008  mc_p.l(entry7b.o)
    0x080000c8   0x00000000   Code   RO         8949    .ARM.Collect$$$$0000000A  mc_p.l(entry8b.o)
    0x080000c8   0x00000008   Code   RO         8950    .ARM.Collect$$$$0000000B  mc_p.l(entry9a.o)
    0x080000d0   0x00000000   Code   RO         8952    .ARM.Collect$$$$0000000D  mc_p.l(entry10a.o)
    0x080000d0   0x00000000   Code   RO         8954    .ARM.Collect$$$$0000000F  mc_p.l(entry11a.o)
    0x080000d0   0x00000004   Code   RO         8943    .ARM.Collect$$$$00002712  mc_p.l(entry2.o)
    0x080000d4   0x0000001c   Code   RO         8581    .text               startup_stm32l052xx.o
    0x080000f0   0x0000002c   Code   RO         8631    .text               mc_p.l(uidiv.o)
    0x0800011c   0x00000028   Code   RO         8633    .text               mc_p.l(idiv.o)
    0x08000144   0x00000060   Code   RO         8635    .text               mc_p.l(uldiv.o)
    0x080001a4   0x00000024   Code   RO         8637    .text               mc_p.l(memcpya.o)
    0x080001c8   0x00000024   Code   RO         8639    .text               mc_p.l(memseta.o)
    0x080001ec   0x0000001e   Code   RO         8641    .text               mc_p.l(strncmp.o)
    0x0800020a   0x000000b2   Code   RO         8908    .text               mf_p.l(fadd.o)
    0x080002bc   0x00000164   Code   RO         8914    .text               mf_p.l(dadd.o)
    0x08000420   0x000000d0   Code   RO         8916    .text               mf_p.l(dmul.o)
    0x080004f0   0x000000f0   Code   RO         8918    .text               mf_p.l(ddiv.o)
    0x080005e0   0x0000000e   Code   RO         8922    .text               mf_p.l(ffltui.o)
    0x080005ee   0x00000002   PAD
    0x080005f0   0x00000028   Code   RO         8924    .text               mf_p.l(dflti.o)
    0x08000618   0x0000001c   Code   RO         8926    .text               mf_p.l(dfltui.o)
    0x08000634   0x0000001c   Code   RO         8928    .text               mf_p.l(dfltul.o)
    0x08000650   0x00000048   Code   RO         8932    .text               mf_p.l(dfixi.o)
    0x08000698   0x0000003c   Code   RO         8934    .text               mf_p.l(dfixui.o)
    0x080006d4   0x00000028   Code   RO         8936    .text               mf_p.l(f2d.o)
    0x080006fc   0x00000028   Code   RO         8938    .text               mf_p.l(cdcmple.o)
    0x08000724   0x00000028   Code   RO         8940    .text               mf_p.l(cdrcmple.o)
    0x0800074c   0x00000020   Code   RO         8956    .text               mc_p.l(llshl.o)
    0x0800076c   0x00000022   Code   RO         8958    .text               mc_p.l(llushr.o)
    0x0800078e   0x00000026   Code   RO         8960    .text               mc_p.l(llsshr.o)
    0x080007b4   0x00000000   Code   RO         8971    .text               mc_p.l(iusefp.o)
    0x080007b4   0x00000082   Code   RO         8972    .text               mf_p.l(fepilogue.o)
    0x08000836   0x000000be   Code   RO         8974    .text               mf_p.l(depilogue.o)
    0x080008f4   0x0000007c   Code   RO         8979    .text               mf_p.l(drnd.o)
    0x08000970   0x00000024   Code   RO         8983    .text               mc_p.l(init.o)
    0x08000994   0x00000056   Code   RO         9024    .text               mc_p.l(__dczerorl2.o)
    0x080009ea   0x000001c4   Code   RO         8487    i.AES_CMAC_Final    cmac.o
    0x08000bae   0x00000022   Code   RO         8488    i.AES_CMAC_Init     cmac.o
    0x08000bd0   0x00000012   Code   RO         8489    i.AES_CMAC_SetKey   cmac.o
    0x08000be2   0x000000f2   Code   RO         8490    i.AES_CMAC_Update   cmac.o
    0x08000cd4   0x000001c0   Code   RO         6961    i.AddMacCommand     loramac.o
    0x08000e94   0x00000018   Code   RO          631    i.BlockLowPowerDuringTask  rtc-board.o
    0x08000eac   0x00000014   Code   RO          388    i.BoardDisableIrq   board.o
    0x08000ec0   0x0000001c   Code   RO          389    i.BoardEnableIrq    board.o
    0x08000edc   0x0000000c   Code   RO          390    i.BoardGetBatteryLevel  board.o
    0x08000ee8   0x00000018   Code   RO          392    i.BoardGetRandomSeed  board.o
    0x08000f00   0x00000054   Code   RO          394    i.BoardInitMcu      board.o
    0x08000f54   0x00000034   Code   RO          395    i.BoardInitPeriph   board.o
    0x08000f88   0x0000009a   Code   RO          396    i.BoardUnusedIoInit  board.o
    0x08001022   0x00000002   PAD
    0x08001024   0x00000074   Code   RO         6962    i.CalculateBackOff  loramac.o
    0x08001098   0x00000028   Code   RO         7569    i.CountChannels     regioncommon.o
    0x080010c0   0x000000b8   Code   RO         7398    i.CountNbOfEnabledChannels  regioncn470.o
    0x08001178   0x0000000c   Code   RO         7945    i.DelayMs           delay.o
    0x08001184   0x00000014   Code   RO          490    i.EXTI0_1_IRQHandler  gpio-board.o
    0x08001198   0x00000014   Code   RO          491    i.EXTI2_3_IRQHandler  gpio-board.o
    0x080011ac   0x00000060   Code   RO          492    i.EXTI4_15_IRQHandler  gpio-board.o
    0x0800120c   0x0000000c   Code   RO         7969    i.FifoInit          fifo.o
    0x08001218   0x00000012   Code   RO         7970    i.FifoNext          fifo.o
    0x0800122a   0x0000001e   Code   RO         7971    i.FifoPop           fifo.o
    0x08001248   0x00000018   Code   RO         7972    i.FifoPush          fifo.o
    0x08001260   0x00000034   Code   RO         7399    i.GetBandwidth      regioncn470.o
    0x08001294   0x00000004   Code   RO          397    i.GetBoardPowerSource  board.o
    0x08001298   0x00000034   Code   RO         7674    i.GetFskBandwidthRegValue  sx1276.o
    0x080012cc   0x00000014   Code   RO         7400    i.GetNextLowerTxDr  regioncn470.o
    0x080012e0   0x00000028   Code   RO         8017    i.GpioInit          gpio.o
    0x08001308   0x00000144   Code   RO          493    i.GpioMcuInit       gpio-board.o
    0x0800144c   0x00000020   Code   RO          494    i.GpioMcuRead       gpio-board.o
    0x0800146c   0x00000144   Code   RO          496    i.GpioMcuSetInterrupt  gpio-board.o
    0x080015b0   0x0000002c   Code   RO          498    i.GpioMcuWrite      gpio-board.o
    0x080015dc   0x0000001a   Code   RO         8018    i.GpioRead          gpio.o
    0x080015f6   0x00000022   Code   RO         8020    i.GpioSetInterrupt  gpio.o
    0x08001618   0x0000001a   Code   RO         8022    i.GpioWrite         gpio.o
    0x08001632   0x00000002   PAD
    0x08001634   0x00000304   Code   RO         8360    i.GpsConvertPositionFromStringToNumerical  gps.o
    0x08001938   0x000000e0   Code   RO         8361    i.GpsConvertPositionIntoBinary  gps.o
    0x08001a18   0x0000006c   Code   RO         8362    i.GpsFormatGpsData  gps.o
    0x08001a84   0x0000004c   Code   RO         8365    i.GpsGetLatestGpsPositionDouble  gps.o
    0x08001ad0   0x00000014   Code   RO         8368    i.GpsInit           gps.o
    0x08001ae4   0x00000078   Code   RO          979    i.GpsMcuInit        gps-board.o
    0x08001b5c   0x00000040   Code   RO          980    i.GpsMcuInvertPpsTrigger  gps-board.o
    0x08001b9c   0x0000007c   Code   RO          981    i.GpsMcuIrqNotify   gps-board.o
    0x08001c18   0x0000003c   Code   RO          982    i.GpsMcuOnPpsSignal  gps-board.o
    0x08001c54   0x00000010   Code   RO          984    i.GpsMcuStart       gps-board.o
    0x08001c64   0x00000072   Code   RO         8369    i.GpsNmeaChecksum   gps.o
    0x08001cd6   0x00000044   Code   RO         8370    i.GpsNmeaValidateChecksum  gps.o
    0x08001d1a   0x00000002   PAD
    0x08001d1c   0x000004b8   Code   RO         8371    i.GpsParseGpsData   gps.o
    0x080021d4   0x00000038   Code   RO         8372    i.GpsPpsHandler     gps.o
    0x0800220c   0x00000038   Code   RO         8375    i.GpsResetPosition  gps.o
    0x08002244   0x00000014   Code   RO         1048    i.HAL_DBGMCU_EnableDBGSleepMode  stm32l0xx_hal.o
    0x08002258   0x00000014   Code   RO         1049    i.HAL_DBGMCU_EnableDBGStandbyMode  stm32l0xx_hal.o
    0x0800226c   0x00000014   Code   RO         1050    i.HAL_DBGMCU_EnableDBGStopMode  stm32l0xx_hal.o
    0x08002280   0x0000001a   Code   RO         1052    i.HAL_Delay         stm32l0xx_hal.o
    0x0800229a   0x00000002   PAD
    0x0800229c   0x00000030   Code   RO          499    i.HAL_GPIO_EXTI_Callback  gpio-board.o
    0x080022cc   0x00000020   Code   RO         2494    i.HAL_GPIO_EXTI_IRQHandler  stm32l0xx_hal_gpio.o
    0x080022ec   0x000001ec   Code   RO         2495    i.HAL_GPIO_Init     stm32l0xx_hal_gpio.o
    0x080024d8   0x00000012   Code   RO         2497    i.HAL_GPIO_ReadPin  stm32l0xx_hal_gpio.o
    0x080024ea   0x0000000c   Code   RO         2499    i.HAL_GPIO_WritePin  stm32l0xx_hal_gpio.o
    0x080024f6   0x00000002   PAD
    0x080024f8   0x0000000c   Code   RO         1056    i.HAL_GetTick       stm32l0xx_hal.o
    0x08002504   0x0000008e   Code   RO         2867    i.HAL_I2CEx_ConfigAnalogFilter  stm32l0xx_hal_i2c_ex.o
    0x08002592   0x00000002   PAD
    0x08002594   0x000000c4   Code   RO         2560    i.HAL_I2C_Init      stm32l0xx_hal_i2c.o
    0x08002658   0x00000002   Code   RO         2579    i.HAL_I2C_MspInit   stm32l0xx_hal_i2c.o
    0x0800265a   0x00000002   PAD
    0x0800265c   0x00000010   Code   RO         1057    i.HAL_IncTick       stm32l0xx_hal.o
    0x0800266c   0x00000020   Code   RO         1058    i.HAL_Init          stm32l0xx_hal.o
    0x0800268c   0x00000028   Code   RO         1059    i.HAL_InitTick      stm32l0xx_hal.o
    0x080026b4   0x00000002   Code   RO         3605    i.HAL_MspInit       stm32l0xx_hal_msp_template.o
    0x080026b6   0x00000002   PAD
    0x080026b8   0x00000018   Code   RO         1666    i.HAL_NVIC_EnableIRQ  stm32l0xx_hal_cortex.o
    0x080026d0   0x00000012   Code   RO         1670    i.HAL_NVIC_SetPriority  stm32l0xx_hal_cortex.o
    0x080026e2   0x00000002   PAD
    0x080026e4   0x00000220   Code   RO         4156    i.HAL_RCCEx_PeriphCLKConfig  stm32l0xx_hal_rcc_ex.o
    0x08002904   0x000001f8   Code   RO         4052    i.HAL_RCC_ClockConfig  stm32l0xx_hal_rcc.o
    0x08002afc   0x0000000c   Code   RO         4056    i.HAL_RCC_GetHCLKFreq  stm32l0xx_hal_rcc.o
    0x08002b08   0x00000024   Code   RO         4058    i.HAL_RCC_GetPCLK1Freq  stm32l0xx_hal_rcc.o
    0x08002b2c   0x00000024   Code   RO         4059    i.HAL_RCC_GetPCLK2Freq  stm32l0xx_hal_rcc.o
    0x08002b50   0x000000ec   Code   RO         4060    i.HAL_RCC_GetSysClockFreq  stm32l0xx_hal_rcc.o
    0x08002c3c   0x000006a0   Code   RO         4063    i.HAL_RCC_OscConfig  stm32l0xx_hal_rcc.o
    0x080032dc   0x00000002   Code   RO         4467    i.HAL_RTCEx_AlarmBEventCallback  stm32l0xx_hal_rtc_ex.o
    0x080032de   0x00000058   Code   RO         4476    i.HAL_RTCEx_EnableBypassShadow  stm32l0xx_hal_rtc_ex.o
    0x08003336   0x00000002   Code   RO         4333    i.HAL_RTC_AlarmAEventCallback  stm32l0xx_hal_rtc.o
    0x08003338   0x00000088   Code   RO         4334    i.HAL_RTC_AlarmIRQHandler  stm32l0xx_hal_rtc.o
    0x080033c0   0x00000112   Code   RO         4336    i.HAL_RTC_DeactivateAlarm  stm32l0xx_hal_rtc.o
    0x080034d2   0x00000002   PAD
    0x080034d4   0x000000f0   Code   RO         4337    i.HAL_RTC_GetAlarm  stm32l0xx_hal_rtc.o
    0x080035c4   0x0000005c   Code   RO         4338    i.HAL_RTC_GetDate   stm32l0xx_hal_rtc.o
    0x08003620   0x0000006c   Code   RO         4340    i.HAL_RTC_GetTime   stm32l0xx_hal_rtc.o
    0x0800368c   0x000000c8   Code   RO         4341    i.HAL_RTC_Init      stm32l0xx_hal_rtc.o
    0x08003754   0x00000002   Code   RO         4343    i.HAL_RTC_MspInit   stm32l0xx_hal_rtc.o
    0x08003756   0x00000002   PAD
    0x08003758   0x0000025c   Code   RO         4346    i.HAL_RTC_SetAlarm_IT  stm32l0xx_hal_rtc.o
    0x080039b4   0x00000130   Code   RO         4347    i.HAL_RTC_SetDate   stm32l0xx_hal_rtc.o
    0x08003ae4   0x00000154   Code   RO         4348    i.HAL_RTC_SetTime   stm32l0xx_hal_rtc.o
    0x08003c38   0x0000003c   Code   RO         4349    i.HAL_RTC_WaitForSynchro  stm32l0xx_hal_rtc.o
    0x08003c74   0x0000008e   Code   RO         5074    i.HAL_SPI_Init      stm32l0xx_hal_spi.o
    0x08003d02   0x00000002   Code   RO         5076    i.HAL_SPI_MspInit   stm32l0xx_hal_spi.o
    0x08003d04   0x00000024   Code   RO         1672    i.HAL_SYSTICK_CLKSourceConfig  stm32l0xx_hal_cortex.o
    0x08003d28   0x00000002   Code   RO         1673    i.HAL_SYSTICK_Callback  stm32l0xx_hal_cortex.o
    0x08003d2a   0x00000002   PAD
    0x08003d2c   0x00000038   Code   RO         1674    i.HAL_SYSTICK_Config  stm32l0xx_hal_cortex.o
    0x08003d64   0x00000008   Code   RO         1675    i.HAL_SYSTICK_IRQHandler  stm32l0xx_hal_cortex.o
    0x08003d6c   0x00000002   Code   RO         6346    i.HAL_UARTEx_WakeupCallback  stm32l0xx_hal_uart_ex.o
    0x08003d6e   0x00000002   PAD
    0x08003d70   0x00000014   Code   RO          898    i.HAL_UART_ErrorCallback  uart-board.o
    0x08003d84   0x00000162   Code   RO         6097    i.HAL_UART_IRQHandler  stm32l0xx_hal_uart.o
    0x08003ee6   0x0000007c   Code   RO         6098    i.HAL_UART_Init     stm32l0xx_hal_uart.o
    0x08003f62   0x00000002   Code   RO         6100    i.HAL_UART_MspInit  stm32l0xx_hal_uart.o
    0x08003f64   0x000000dc   Code   RO         6103    i.HAL_UART_Receive_IT  stm32l0xx_hal_uart.o
    0x08004040   0x00000064   Code   RO          899    i.HAL_UART_RxCpltCallback  uart-board.o
    0x080040a4   0x0000006e   Code   RO         6108    i.HAL_UART_Transmit_IT  stm32l0xx_hal_uart.o
    0x08004112   0x00000002   PAD
    0x08004114   0x0000005c   Code   RO          900    i.HAL_UART_TxCpltCallback  uart-board.o
    0x08004170   0x0000003c   Code   RO         8068    i.I2cInit           i2c.o
    0x080041ac   0x00000068   Code   RO          570    i.I2cMcuFormat      i2c-board.o
    0x08004214   0x0000007c   Code   RO          571    i.I2cMcuInit        i2c-board.o
    0x08004290   0x00000012   Code   RO         7973    i.IsFifoEmpty       fifo.o
    0x080042a2   0x0000001a   Code   RO         7974    i.IsFifoFull        fifo.o
    0x080042bc   0x00000014   Code   RO         7401    i.LimitTxPower      regioncn470.o
    0x080042d0   0x00000094   Code   RO         7196    i.LoRaMacComputeMic  loramaccrypto.o
    0x08004364   0x00000348   Code   RO         6965    i.LoRaMacInitialization  loramac.o
    0x080046ac   0x00000054   Code   RO         7197    i.LoRaMacJoinComputeMic  loramaccrypto.o
    0x08004700   0x0000008c   Code   RO         7198    i.LoRaMacJoinComputeSKeys  loramaccrypto.o
    0x0800478c   0x00000040   Code   RO         7199    i.LoRaMacJoinDecrypt  loramaccrypto.o
    0x080047cc   0x00000180   Code   RO         6966    i.LoRaMacMcpsRequest  loramac.o
    0x0800494c   0x000001a4   Code   RO         6967    i.LoRaMacMibGetRequestConfirm  loramac.o
    0x08004af0   0x00000380   Code   RO         6968    i.LoRaMacMibSetRequestConfirm  loramac.o
    0x08004e70   0x000001b8   Code   RO         6969    i.LoRaMacMlmeRequest  loramac.o
    0x08005028   0x00000024   Code   RO         7200    i.LoRaMacPayloadDecrypt  loramaccrypto.o
    0x0800504c   0x000000e0   Code   RO         7201    i.LoRaMacPayloadEncrypt  loramaccrypto.o
    0x0800512c   0x000000f4   Code   RO         6972    i.LoRaMacQueryTxPossible  loramac.o
    0x08005220   0x0000002c   Code   RO            3    i.McpsConfirm       main.o
    0x0800524c   0x00000268   Code   RO            4    i.McpsIndication    main.o
    0x080054b4   0x00000060   Code   RO            5    i.MlmeConfirm       main.o
    0x08005514   0x00000002   Code   RO         6862    i.NMI_Handler       sysirqhandlers.o
    0x08005516   0x00000002   PAD
    0x08005518   0x00000078   Code   RO         1676    i.NVIC_SetPriority  stm32l0xx_hal_cortex.o
    0x08005590   0x0000001e   Code   RO         6903    i.Nibble2HexChar    utilities.o
    0x080055ae   0x00000002   PAD
    0x080055b0   0x00000050   Code   RO         6977    i.OnAckTimeoutTimerEvent  loramac.o
    0x08005600   0x000003ec   Code   RO         6978    i.OnMacStateCheckTimerEvent  loramac.o
    0x080059ec   0x00000714   Code   RO         6979    i.OnRadioRxDone     loramac.o
    0x08006100   0x000000ac   Code   RO         6980    i.OnRadioRxError    loramac.o
    0x080061ac   0x000000a4   Code   RO         6981    i.OnRadioRxTimeout  loramac.o
    0x08006250   0x00000164   Code   RO         6982    i.OnRadioTxDone     loramac.o
    0x080063b4   0x00000044   Code   RO         6983    i.OnRadioTxTimeout  loramac.o
    0x080063f8   0x000000c4   Code   RO         6984    i.OnRxWindow1TimerEvent  loramac.o
    0x080064bc   0x000000b8   Code   RO         6985    i.OnRxWindow2TimerEvent  loramac.o
    0x08006574   0x000000a0   Code   RO         6986    i.OnTxDelayedTimerEvent  loramac.o
    0x08006614   0x00000044   Code   RO            6    i.OnTxNextPacketTimerEvent  main.o
    0x08006658   0x0000007e   Code   RO         6987    i.ParseMacCommandsToRepeat  loramac.o
    0x080066d6   0x00000002   PAD
    0x080066d8   0x00000438   Code   RO         6988    i.PrepareFrame      loramac.o
    0x08006b10   0x00000058   Code   RO         6989    i.PrepareRxDoneAbort  loramac.o
    0x08006b68   0x000000cc   Code   RO            7    i.PrepareTxFrame    main.o
    0x08006c34   0x00000388   Code   RO         6990    i.ProcessMacCommands  loramac.o
    0x08006fbc   0x0000001a   Code   RO         4350    i.RTC_Bcd2ToByte    stm32l0xx_hal_rtc.o
    0x08006fd6   0x0000001a   Code   RO         4351    i.RTC_ByteToBcd2    stm32l0xx_hal_rtc.o
    0x08006ff0   0x00000042   Code   RO         4352    i.RTC_EnterInitMode  stm32l0xx_hal_rtc.o
    0x08007032   0x00000002   PAD
    0x08007034   0x0000002c   Code   RO          632    i.RTC_IRQHandler    rtc-board.o
    0x08007060   0x00000020   Code   RO         7247    i.RegionAdrNext     region.o
    0x08007080   0x00000016   Code   RO         7248    i.RegionAlternateDr  region.o
    0x08007096   0x00000018   Code   RO         7249    i.RegionApplyCFList  region.o
    0x080070ae   0x0000001e   Code   RO         7250    i.RegionApplyDrOffset  region.o
    0x080070cc   0x0000009c   Code   RO         7402    i.RegionCN470AdrNext  regioncn470.o
    0x08007168   0x00000066   Code   RO         7403    i.RegionCN470AlternateDr  regioncn470.o
    0x080071ce   0x00000002   Code   RO         7404    i.RegionCN470ApplyCFList  regioncn470.o
    0x080071d0   0x00000012   Code   RO         7405    i.RegionCN470ApplyDrOffset  regioncn470.o
    0x080071e2   0x00000002   PAD
    0x080071e4   0x0000003c   Code   RO         7406    i.RegionCN470CalcBackOff  regioncn470.o
    0x08007220   0x0000003c   Code   RO         7407    i.RegionCN470ChanMaskSet  regioncn470.o
    0x0800725c   0x00000060   Code   RO         7410    i.RegionCN470ComputeRxWindowParameters  regioncn470.o
    0x080072bc   0x00000006   Code   RO         7411    i.RegionCN470DlChannelReq  regioncn470.o
    0x080072c2   0x00000002   PAD
    0x080072c4   0x00000130   Code   RO         7412    i.RegionCN470GetPhyParam  regioncn470.o
    0x080073f4   0x00000080   Code   RO         7413    i.RegionCN470InitDefaults  regioncn470.o
    0x08007474   0x00000154   Code   RO         7414    i.RegionCN470LinkAdrReq  regioncn470.o
    0x080075c8   0x00000006   Code   RO         7415    i.RegionCN470NewChannelReq  regioncn470.o
    0x080075ce   0x00000002   PAD
    0x080075d0   0x000000e8   Code   RO         7416    i.RegionCN470NextChannel  regioncn470.o
    0x080076b8   0x000000d4   Code   RO         7417    i.RegionCN470RxConfig  regioncn470.o
    0x0800778c   0x00000070   Code   RO         7418    i.RegionCN470RxParamSetupReq  regioncn470.o
    0x080077fc   0x00000028   Code   RO         7419    i.RegionCN470SetBandTxDone  regioncn470.o
    0x08007824   0x00000060   Code   RO         7420    i.RegionCN470SetContinuousWave  regioncn470.o
    0x08007884   0x000000fc   Code   RO         7421    i.RegionCN470TxConfig  regioncn470.o
    0x08007980   0x00000008   Code   RO         7422    i.RegionCN470TxParamSetupReq  regioncn470.o
    0x08007988   0x0000008e   Code   RO         7423    i.RegionCN470Verify  regioncn470.o
    0x08007a16   0x00000018   Code   RO         7251    i.RegionCalcBackOff  region.o
    0x08007a2e   0x00000016   Code   RO         7252    i.RegionChanMaskSet  region.o
    0x08007a44   0x00000088   Code   RO         7570    i.RegionCommonCalcBackOff  regioncommon.o
    0x08007acc   0x00000022   Code   RO         7572    i.RegionCommonChanMaskCopy  regioncommon.o
    0x08007aee   0x00000080   Code   RO         7573    i.RegionCommonChanVerifyDr  regioncommon.o
    0x08007b6e   0x00000002   PAD
    0x08007b70   0x00000118   Code   RO         7574    i.RegionCommonComputeRxWindowParameters  regioncommon.o
    0x08007c88   0x0000003c   Code   RO         7576    i.RegionCommonComputeSymbolTimeLoRa  regioncommon.o
    0x08007cc4   0x00000042   Code   RO         7577    i.RegionCommonComputeTxPower  regioncommon.o
    0x08007d06   0x00000034   Code   RO         7578    i.RegionCommonCountChannels  regioncommon.o
    0x08007d3a   0x00000002   PAD
    0x08007d3c   0x0000002c   Code   RO         7579    i.RegionCommonGetJoinDc  regioncommon.o
    0x08007d68   0x000000ac   Code   RO         7580    i.RegionCommonLinkAdrReqVerifyParams  regioncommon.o
    0x08007e14   0x00000048   Code   RO         7581    i.RegionCommonParseLinkAdrReq  regioncommon.o
    0x08007e5c   0x0000000e   Code   RO         7582    i.RegionCommonSetBandTxDone  regioncommon.o
    0x08007e6a   0x00000110   Code   RO         7583    i.RegionCommonUpdateBandTimeOff  regioncommon.o
    0x08007f7a   0x00000012   Code   RO         7584    i.RegionCommonValueInRange  regioncommon.o
    0x08007f8c   0x00000022   Code   RO         7255    i.RegionComputeRxWindowParameters  region.o
    0x08007fae   0x00000016   Code   RO         7256    i.RegionDlChannelReq  region.o
    0x08007fc4   0x0000001c   Code   RO         7257    i.RegionGetPhyParam  region.o
    0x08007fe0   0x00000018   Code   RO         7258    i.RegionInitDefaults  region.o
    0x08007ff8   0x0000000e   Code   RO         7259    i.RegionIsActive    region.o
    0x08008006   0x00000024   Code   RO         7260    i.RegionLinkAdrReq  region.o
    0x0800802a   0x00000016   Code   RO         7261    i.RegionNewChannelReq  region.o
    0x08008040   0x00000020   Code   RO         7262    i.RegionNextChannel  region.o
    0x08008060   0x0000001a   Code   RO         7263    i.RegionRxConfig    region.o
    0x0800807a   0x00000016   Code   RO         7264    i.RegionRxParamSetupReq  region.o
    0x08008090   0x0000001a   Code   RO         7265    i.RegionSetBandTxDone  region.o
    0x080080aa   0x00000018   Code   RO         7266    i.RegionSetContinuousWave  region.o
    0x080080c2   0x0000001e   Code   RO         7267    i.RegionTxConfig    region.o
    0x080080e0   0x00000016   Code   RO         7268    i.RegionTxParamSetupReq  region.o
    0x080080f6   0x0000001a   Code   RO         7269    i.RegionVerify      region.o
    0x08008110   0x00000110   Code   RO         6991    i.ResetMacParameters  loramac.o
    0x08008220   0x0000002e   Code   RO          633    i.RtcComputeElapsedTime  rtc-board.o
    0x0800824e   0x00000002   PAD
    0x08008250   0x00000178   Code   RO          635    i.RtcComputeTimerTimeToAlarmTick  rtc-board.o
    0x080083c8   0x0000005c   Code   RO          636    i.RtcComputeWakeUpTime  rtc-board.o
    0x08008424   0x000000f8   Code   RO          637    i.RtcConvertCalendarTickToTimerTime  rtc-board.o
    0x0800851c   0x00000040   Code   RO          638    i.RtcConvertMsToTick  rtc-board.o
    0x0800855c   0x00000040   Code   RO          639    i.RtcConvertTickToMs  rtc-board.o
    0x0800859c   0x0000004c   Code   RO          642    i.RtcGetAdjustedTimeoutValue  rtc-board.o
    0x080085e8   0x00000054   Code   RO          643    i.RtcGetCalendar    rtc-board.o
    0x0800863c   0x00000034   Code   RO          644    i.RtcGetElapsedAlarmTime  rtc-board.o
    0x08008670   0x0000001a   Code   RO          645    i.RtcGetTimerValue  rtc-board.o
    0x0800868a   0x00000002   PAD
    0x0800868c   0x000000a8   Code   RO          646    i.RtcInit           rtc-board.o
    0x08008734   0x00000050   Code   RO          647    i.RtcRecoverMcuStatus  rtc-board.o
    0x08008784   0x00000012   Code   RO          648    i.RtcSetTimeout     rtc-board.o
    0x08008796   0x00000002   PAD
    0x08008798   0x000000a8   Code   RO          649    i.RtcStartWakeUpAlarm  rtc-board.o
    0x08008840   0x000000b8   Code   RO         7675    i.RxChainCalibration  sx1276.o
    0x080088f8   0x00000024   Code   RO         6992    i.RxWindowSetup     loramac.o
    0x0800891c   0x00000030   Code   RO          809    i.SX1276AntSwDeInit  sx1276-board.o
    0x0800894c   0x00000030   Code   RO          810    i.SX1276AntSwInit   sx1276-board.o
    0x0800897c   0x00000006   Code   RO          811    i.SX1276CheckRfFrequency  sx1276-board.o
    0x08008982   0x00000002   PAD
    0x08008984   0x00000014   Code   RO          812    i.SX1276GetPaSelect  sx1276-board.o
    0x08008998   0x0000000c   Code   RO         7676    i.SX1276GetStatus   sx1276.o
    0x080089a4   0x0000029c   Code   RO         7677    i.SX1276GetTimeOnAir  sx1276.o
    0x08008c40   0x00000090   Code   RO         7678    i.SX1276Init        sx1276.o
    0x08008cd0   0x000000a0   Code   RO          814    i.SX1276IoInit      sx1276-board.o
    0x08008d70   0x0000005c   Code   RO          815    i.SX1276IoIrqInit   sx1276-board.o
    0x08008dcc   0x0000003a   Code   RO         7679    i.SX1276IsChannelFree  sx1276.o
    0x08008e06   0x00000002   PAD
    0x08008e08   0x00000398   Code   RO         7680    i.SX1276OnDio0Irq   sx1276.o
    0x080091a0   0x000001a4   Code   RO         7681    i.SX1276OnDio1Irq   sx1276.o
    0x08009344   0x00000168   Code   RO         7682    i.SX1276OnDio2Irq   sx1276.o
    0x080094ac   0x0000007c   Code   RO         7683    i.SX1276OnDio3Irq   sx1276.o
    0x08009528   0x00000030   Code   RO         7684    i.SX1276OnDio4Irq   sx1276.o
    0x08009558   0x000000c0   Code   RO         7686    i.SX1276OnTimeoutIrq  sx1276.o
    0x08009618   0x00000040   Code   RO         7687    i.SX1276Random      sx1276.o
    0x08009658   0x00000014   Code   RO         7688    i.SX1276Read        sx1276.o
    0x0800966c   0x00000044   Code   RO         7689    i.SX1276ReadBuffer  sx1276.o
    0x080096b0   0x00000012   Code   RO         7690    i.SX1276ReadFifo    sx1276.o
    0x080096c2   0x00000002   PAD
    0x080096c4   0x00000054   Code   RO         7691    i.SX1276ReadRssi    sx1276.o
    0x08009718   0x0000003c   Code   RO         7692    i.SX1276Reset       sx1276.o
    0x08009754   0x00000130   Code   RO         7693    i.SX1276Send        sx1276.o
    0x08009884   0x0000004c   Code   RO          816    i.SX1276SetAntSw    sx1276-board.o
    0x080098d0   0x00000024   Code   RO          817    i.SX1276SetAntSwLowPower  sx1276-board.o
    0x080098f4   0x00000048   Code   RO         7694    i.SX1276SetChannel  sx1276.o
    0x0800993c   0x0000003c   Code   RO         7695    i.SX1276SetMaxPayloadLength  sx1276.o
    0x08009978   0x00000080   Code   RO         7696    i.SX1276SetModem    sx1276.o
    0x080099f8   0x00000034   Code   RO         7697    i.SX1276SetOpMode   sx1276.o
    0x08009a2c   0x00000022   Code   RO         7698    i.SX1276SetPublicNetwork  sx1276.o
    0x08009a4e   0x00000002   PAD
    0x08009a50   0x000000cc   Code   RO          818    i.SX1276SetRfTxPower  sx1276-board.o
    0x08009b1c   0x000003b4   Code   RO         7699    i.SX1276SetRx       sx1276.o
    0x08009ed0   0x000002bc   Code   RO         7700    i.SX1276SetRxConfig  sx1276.o
    0x0800a18c   0x00000028   Code   RO         7701    i.SX1276SetSleep    sx1276.o
    0x0800a1b4   0x00000028   Code   RO         7702    i.SX1276SetStby     sx1276.o
    0x0800a1dc   0x000000cc   Code   RO         7703    i.SX1276SetTx       sx1276.o
    0x0800a2a8   0x00000268   Code   RO         7704    i.SX1276SetTxConfig  sx1276.o
    0x0800a510   0x0000009c   Code   RO         7705    i.SX1276SetTxContinuousWave  sx1276.o
    0x0800a5ac   0x00000048   Code   RO         7706    i.SX1276StartCad    sx1276.o
    0x0800a5f4   0x00000010   Code   RO         7707    i.SX1276Write       sx1276.o
    0x0800a604   0x00000044   Code   RO         7708    i.SX1276WriteBuffer  sx1276.o
    0x0800a648   0x00000012   Code   RO         7709    i.SX1276WriteFifo   sx1276.o
    0x0800a65a   0x00000002   PAD
    0x0800a65c   0x00000190   Code   RO         6993    i.ScheduleTx        loramac.o
    0x0800a7ec   0x0000008c   Code   RO         6994    i.Send              loramac.o
    0x0800a878   0x00000090   Code   RO            8    i.SendFrame         main.o
    0x0800a908   0x00000150   Code   RO         6995    i.SendFrameOnChannel  loramac.o
    0x0800aa58   0x0000006c   Code   RO         6996    i.SetTxContinuousWave  loramac.o
    0x0800aac4   0x00000040   Code   RO         6997    i.SetTxContinuousWave1  loramac.o
    0x0800ab04   0x00000038   Code   RO          758    i.SpiFormat         spi-board.o
    0x0800ab3c   0x00000060   Code   RO          759    i.SpiFrequency      spi-board.o
    0x0800ab9c   0x00000016   Code   RO          760    i.SpiGetFlag        spi-board.o
    0x0800abb2   0x0000004c   Code   RO          761    i.SpiInOut          spi-board.o
    0x0800abfe   0x00000002   PAD
    0x0800ac00   0x000000e0   Code   RO          762    i.SpiInit           spi-board.o
    0x0800ace0   0x0000000c   Code   RO          398    i.SysTick_Handler   board.o
    0x0800acec   0x000000b8   Code   RO          399    i.SystemClockConfig  board.o
    0x0800ada4   0x0000008c   Code   RO          400    i.SystemClockReConfig  board.o
    0x0800ae30   0x00000068   Code   RO         8588    i.SystemInit        system_stm32l0xx.o
    0x0800ae98   0x00000020   Code   RO         8201    i.TimerExists       timer.o
    0x0800aeb8   0x00000008   Code   RO         8202    i.TimerGetCurrentTime  timer.o
    0x0800aec0   0x0000000c   Code   RO         8203    i.TimerGetElapsedTime  timer.o
    0x0800aecc   0x00000008   Code   RO         8205    i.TimerGetValue     timer.o
    0x0800aed4   0x0000000e   Code   RO         8206    i.TimerInit         timer.o
    0x0800aee2   0x00000002   PAD
    0x0800aee4   0x00000030   Code   RO         8207    i.TimerInsertNewHeadTimer  timer.o
    0x0800af14   0x00000074   Code   RO         8208    i.TimerInsertTimer  timer.o
    0x0800af88   0x00000094   Code   RO         8209    i.TimerIrqHandler   timer.o
    0x0800b01c   0x00000020   Code   RO         8212    i.TimerSetTimeout   timer.o
    0x0800b03c   0x00000012   Code   RO         8213    i.TimerSetValue     timer.o
    0x0800b04e   0x00000002   PAD
    0x0800b050   0x00000090   Code   RO         8214    i.TimerStart        timer.o
    0x0800b0e0   0x000000f4   Code   RO         8215    i.TimerStop         timer.o
    0x0800b1d4   0x000000f0   Code   RO         6111    i.UART_AdvFeatureConfig  stm32l0xx_hal_uart.o
    0x0800b2c4   0x00000064   Code   RO         6112    i.UART_CheckIdleState  stm32l0xx_hal_uart.o
    0x0800b328   0x00000020   Code   RO         6118    i.UART_EndTransmit_IT  stm32l0xx_hal_uart.o
    0x0800b348   0x000000a8   Code   RO         6119    i.UART_Receive_IT   stm32l0xx_hal_uart.o
    0x0800b3f0   0x000004d0   Code   RO         6120    i.UART_SetConfig    stm32l0xx_hal_uart.o
    0x0800b8c0   0x00000072   Code   RO         6121    i.UART_Transmit_IT  stm32l0xx_hal_uart.o
    0x0800b932   0x00000108   Code   RO         6122    i.UART_WaitOnFlagUntilTimeout  stm32l0xx_hal_uart.o
    0x0800ba3a   0x00000002   PAD
    0x0800ba3c   0x00000010   Code   RO          901    i.USART1_IRQHandler  uart-board.o
    0x0800ba4c   0x00000010   Code   RO          902    i.USART2_IRQHandler  uart-board.o
    0x0800ba5c   0x00000032   Code   RO         8304    i.UartConfig        uart.o
    0x0800ba8e   0x00000016   Code   RO         8305    i.UartDeInit        uart.o
    0x0800baa4   0x00000018   Code   RO         8307    i.UartGetChar       uart.o
    0x0800babc   0x00000026   Code   RO         8308    i.UartInit          uart.o
    0x0800bae2   0x00000002   PAD
    0x0800bae4   0x00000130   Code   RO          903    i.UartMcuConfig     uart-board.o
    0x0800bc14   0x000000e8   Code   RO          904    i.UartMcuDeInit     uart-board.o
    0x0800bcfc   0x00000030   Code   RO          905    i.UartMcuGetChar    uart-board.o
    0x0800bd2c   0x000000e4   Code   RO          906    i.UartMcuInit       uart-board.o
    0x0800be10   0x00000068   Code   RO          907    i.UartMcuPutChar    uart-board.o
    0x0800be78   0x00000018   Code   RO         8310    i.UartPutChar       uart.o
    0x0800be90   0x0000005c   Code   RO         6998    i.ValidatePayloadLength  loramac.o
    0x0800beec   0x00000020   Code   RO         8734    i.__0printf$3       mc_p.l(printf3.o)
    0x0800bf0c   0x0000002e   Code   RO         8977    i.__ARM_clz         mf_p.l(depilogue.o)
    0x0800bf3a   0x0000001c   Code   RO           54    i.__ARM_common_switch8  main.o
    0x0800bf56   0x0000000e   Code   RO         9018    i.__scatterload_copy  mc_p.l(handlers.o)
    0x0800bf64   0x00000002   Code   RO         9019    i.__scatterload_null  mc_p.l(handlers.o)
    0x0800bf66   0x0000000e   Code   RO         9020    i.__scatterload_zeroinit  mc_p.l(handlers.o)
    0x0800bf74   0x000001cc   Code   RO         8741    i._printf_core      mc_p.l(printf3.o)
    0x0800c140   0x00000010   Code   RO         8517    i.add_round_key     aes.o
    0x0800c150   0x0000005a   Code   RO         8519    i.aes_encrypt       aes.o
    0x0800c1aa   0x00000002   PAD
    0x0800c1ac   0x0000011c   Code   RO         8520    i.aes_set_key       aes.o
    0x0800c2c8   0x000000c8   Code   RO         8619    i.ceil              m_ps.l(ceil.o)
    0x0800c390   0x00000084   Code   RO         8521    i.copy_and_key      aes.o
    0x0800c414   0x00000042   Code   RO         8522    i.copy_block        aes.o
    0x0800c456   0x00000018   Code   RO         8523    i.copy_block_nn     aes.o
    0x0800c46e   0x00000002   PAD
    0x0800c470   0x000000c8   Code   RO         8623    i.floor             m_ps.l(floor.o)
    0x0800c538   0x00000014   Code   RO         8130    i.fputc             printf.o
    0x0800c54c   0x000001b4   Code   RO            9    i.main              main.o
    0x0800c700   0x00000018   Code   RO         6904    i.memcpy1           utilities.o
    0x0800c718   0x0000001c   Code   RO         6905    i.memcpyr           utilities.o
    0x0800c734   0x00000014   Code   RO         6906    i.memset1           utilities.o
    0x0800c748   0x00000284   Code   RO         8524    i.mix_sub_columns   aes.o
    0x0800c9cc   0x00000050   Code   RO         8131    i.printf_init       printf.o
    0x0800ca1c   0x00000030   Code   RO         6907    i.rand1             utilities.o
    0x0800ca4c   0x0000001a   Code   RO         6908    i.randr             utilities.o
    0x0800ca66   0x00000002   PAD
    0x0800ca68   0x0000009c   Code   RO         8626    i.round             m_ps.l(round.o)
    0x0800cb04   0x00000070   Code   RO         8525    i.shift_sub_rows    aes.o
    0x0800cb74   0x0000000c   Code   RO         6909    i.srand1            utilities.o
    0x0800cb80   0x00000082   Code   RO         8526    i.xor_block         aes.o
    0x0800cc02   0x00000018   Data   RO          651    .constdata          rtc-board.o
    0x0800cc1a   0x00000002   PAD
    0x0800cc1c   0x0000005c   Data   RO          820    .constdata          sx1276-board.o
    0x0800cc78   0x00000010   Data   RO         7000    .constdata          loramac.o
    0x0800cc88   0x0000003c   Data   RO         7425    .constdata          regioncn470.o
    0x0800ccc4   0x000000e0   Data   RO         7711    .constdata          sx1276.o
    0x0800cda4   0x00000028   Data   RO         8379    .constdata          gps.o
    0x0800cdcc   0x00000300   Data   RO         8527    .constdata          aes.o
    0x0800d0cc   0x00000021   Data   RO         8589    .constdata          system_stm32l0xx.o
    0x0800d0ed   0x00000003   PAD
    0x0800d0f0   0x00000020   Data   RO         9017    Region$$Table       anon$$obj.o


    Execution Region RW_IRAM1 (Base: 0x20000000, Size: 0x00001668, Max: 0x00002000, ABSOLUTE, COMPRESSED[0x00000040])

    Base Addr    Size         Type   Attr      Idx    E Section Name        Object

    0x20000000   0x00000023   Data   RW           12    .data               main.o
    0x20000023   0x00000003   Data   RW          402    .data               board.o
    0x20000026   0x00000002   PAD
    0x20000028   0x0000000c   Data   RW          652    .data               rtc-board.o
    0x20000034   0x00000001   Data   RW          821    .data               sx1276-board.o
    0x20000035   0x00000004   Data   RW          909    .data               uart-board.o
    0x20000039   0x00000002   Data   RW          987    .data               gps-board.o
    0x2000003b   0x00000001   PAD
    0x2000003c   0x00000004   Data   RW         1068    .data               stm32l0xx_hal.o
    0x20000040   0x00000004   Data   RW         6910    .data               utilities.o
    0x20000044   0x00000078   Data   RW         7001    .data               loramac.o
    0x200000bc   0x00000020   Data   RW         7203    .data               loramaccrypto.o
    0x200000dc   0x00000010   Data   RW         7426    .data               regioncn470.o
    0x200000ec   0x0000001c   Data   RW         7712    .data               sx1276.o
    0x20000108   0x00000001   Data   RW         8074    .data               i2c.o
    0x20000109   0x00000003   PAD
    0x2000010c   0x00000008   Data   RW         8133    .data               printf.o
    0x20000114   0x00000008   Data   RW         8216    .data               timer.o
    0x2000011c   0x00000004   PAD
    0x20000120   0x00000029   Data   RW         8380    .data               gps.o
    0x20000149   0x00000003   PAD
    0x2000014c   0x00000004   Data   RW         8590    .data               system_stm32l0xx.o
    0x20000150   0x0000014c   Zero   RW           10    .bss                main.o
    0x2000029c   0x00000084   Zero   RW          401    .bss                board.o
    0x20000320   0x00000040   Zero   RW          500    .bss                gpio-board.o
    0x20000360   0x0000003c   Zero   RW          650    .bss                rtc-board.o
    0x2000039c   0x00000018   Zero   RW          819    .bss                sx1276-board.o
    0x200003b4   0x00000150   Zero   RW          908    .bss                uart-board.o
    0x20000504   0x00000118   Zero   RW          986    .bss                gps-board.o
    0x2000061c   0x00000470   Zero   RW         6999    .bss                loramac.o
    0x20000a8c   0x0000022c   Zero   RW         7202    .bss                loramaccrypto.o
    0x20000cb8   0x000000d8   Zero   RW         7424    .bss                regioncn470.o
    0x20000d90   0x00000274   Zero   RW         7710    .bss                sx1276.o
    0x20001004   0x00000200   Zero   RW         8132    .bss                printf.o
    0x20001204   0x00000063   Zero   RW         8378    .bss                gps.o
    0x20001267   0x00000001   PAD
    0x20001268   0x00000400   Zero   RW         8578    STACK               startup_stm32l052xx.o


==============================================================================

Image component sizes


      Code (inc. data)   RO Data    RW Data    ZI Data      Debug   Object Name

      1498         22        768          0          0      14488   aes.o
       714         58          0          3        132       7104   board.o
       746          0          0          0          0       3973   cmac.o
        12          0          0          0          0        522   delay.o
       128          0          0          0          0       3783   fifo.o
       908         50          0          0         64       6478   gpio-board.o
       126          0          0          0          0       3025   gpio.o
       384         70          0          2        280       3704   gps-board.o
      2702        160         40         41         99      10493   gps.o
       228         32          0          0          0       2660   i2c-board.o
        60          8          0          1          0       1254   i2c.o
     11630       1656         16        120       1136      33415   loramac.o
       696         46          0         32        556       7143   loramaccrypto.o
      1636        192          0         35        332     372501   main.o
       100         18          0          8        512       3116   printf.o
       542          0          0          0          0      24749   region.o
      2648        332         60         16        216      20760   regioncn470.o
      1388         22          0          0          0      12003   regioncommon.o
      1630        154         24         12         60      12636   rtc-board.o
       474         18          0          0          0       4205   spi-board.o
        28          8        192          0       1024        696   startup_stm32l052xx.o
       186         36          0          4          0     120080   stm32l0xx_hal.o
       264         30          0          0          0      12891   stm32l0xx_hal_cortex.o
       554         36          0          0          0       3882   stm32l0xx_hal_gpio.o
       198          6          0          0          0       2233   stm32l0xx_hal_i2c.o
       142          0          0          0          0       1287   stm32l0xx_hal_i2c_ex.o
         2          0          0          0          0        566   stm32l0xx_hal_msp_template.o
      2520        100          0          0          0       6572   stm32l0xx_hal_rcc.o
       544         14          0          0          0       1620   stm32l0xx_hal_rcc_ex.o
      2480         52          0          0          0      12835   stm32l0xx_hal_rtc.o
        90          0          0          0          0       1863   stm32l0xx_hal_rtc_ex.o
       144          0          0          0          0       1849   stm32l0xx_hal_spi.o
      2960         94          0          0          0      10427   stm32l0xx_hal_uart.o
         2          0          0          0          0       1140   stm32l0xx_hal_uart_ex.o
       690         48         92          1         24       9715   sx1276-board.o
      7024        392        224         28        628      26238   sx1276.o
         2          0          0          0          0        494   sysirqhandlers.o
       104         16         33          4          0       1467   system_stm32l0xx.o
       824         40          0          8          0       8290   timer.o
      1160        118          0          4        336       8061   uart-board.o
       158          0          0          0          0       3761   uart.o
       188         24          0          4          0       4908   utilities.o

    ----------------------------------------------------------------------
     48592       3852       1486        336       5400     788887   Object Totals
         0          0         32          0          0          0   (incl. Generated)
        78          0          5         13          1          0   (incl. Padding)

    ----------------------------------------------------------------------

      Code (inc. data)   RO Data    RW Data    ZI Data      Debug   Library Member Name

       200         20          0          0          0         76   ceil.o
       200         20          0          0          0         76   floor.o
       156         14          0          0          0         84   round.o
        86          0          0          0          0          0   __dczerorl2.o
         0          0          0          0          0          0   entry.o
         0          0          0          0          0          0   entry10a.o
         0          0          0          0          0          0   entry11a.o
         8          4          0          0          0          0   entry2.o
         4          0          0          0          0          0   entry5.o
         0          0          0          0          0          0   entry7b.o
         0          0          0          0          0          0   entry8b.o
         8          4          0          0          0          0   entry9a.o
        30          0          0          0          0          0   handlers.o
        40          0          0          0          0         72   idiv.o
        36          8          0          0          0         68   init.o
         0          0          0          0          0          0   iusefp.o
        32          0          0          0          0         68   llshl.o
        38          0          0          0          0         68   llsshr.o
        34          0          0          0          0         68   llushr.o
        36          0          0          0          0         60   memcpya.o
        36          0          0          0          0        100   memseta.o
       492         12          0          0          0        168   printf3.o
        30          0          0          0          0         72   strncmp.o
        44          0          0          0          0         72   uidiv.o
        96          0          0          0          0         84   uldiv.o
        40          2          0          0          0         68   cdcmple.o
        40          2          0          0          0         68   cdrcmple.o
       356          4          0          0          0        140   dadd.o
       240          6          0          0          0         84   ddiv.o
       236          0          0          0          0        216   depilogue.o
        72         10          0          0          0         72   dfixi.o
        60         10          0          0          0         68   dfixui.o
        40          6          0          0          0         68   dflti.o
        28          4          0          0          0         68   dfltui.o
        28          6          0          0          0         68   dfltul.o
       208          6          0          0          0         88   dmul.o
       124         10          0          0          0         76   drnd.o
        40          0          0          0          0         60   f2d.o
       178          0          0          0          0        108   fadd.o
       130          0          0          0          0        144   fepilogue.o
        14          0          0          0          0         68   ffltui.o

    ----------------------------------------------------------------------
      3442        148          0          0          0       2600   Library Totals
         2          0          0          0          0          0   (incl. Padding)

    ----------------------------------------------------------------------

      Code (inc. data)   RO Data    RW Data    ZI Data      Debug   Library Name

       556         54          0          0          0        236   m_ps.l
      1050         28          0          0          0        900   mc_p.l
      1834         66          0          0          0       1464   mf_p.l

    ----------------------------------------------------------------------
      3442        148          0          0          0       2600   Library Totals

    ----------------------------------------------------------------------

==============================================================================


      Code (inc. data)   RO Data    RW Data    ZI Data      Debug   

     52034       4000       1486        336       5400     776119   Grand Totals
     52034       4000       1486         64       5400     776119   ELF Image Totals (compressed)
     52034       4000       1486         64          0          0   ROM Totals

==============================================================================

    Total RO  Size (Code + RO Data)                53520 (  52.27kB)
    Total RW  Size (RW Data + ZI Data)              5736 (   5.60kB)
    Total ROM Size (Code + RO Data + RW Data)      53584 (  52.33kB)

==============================================================================

