Component: ARM Compiler 5.06 update 4 (build 422) Tool: armlink [4d35d2]

==============================================================================

Section Cross References

    main.o(i.OnRadioRxDone) refers to sx1276-board.o(.constdata) for Radio
    main.o(i.OnRadioRxError) refers to sx1276-board.o(.constdata) for Radio
    main.o(i.OnRadioRxTimeout) refers to sx1276-board.o(.constdata) for Radio
    main.o(i.OnRadioTxDone) refers to sx1276-board.o(.constdata) for Radio
    main.o(i.OnRadioTxTimeout) refers to sx1276-board.o(.constdata) for Radio
    main.o(i.main) refers to board.o(i.BoardInitMcu) for BoardInitMcu
    main.o(i.main) refers to board.o(i.BoardInitPeriph) for BoardInitPeriph
    main.o(i.main) refers to utilities.o(i.srand1) for srand1
    main.o(i.main) refers to printf1.o(i.__0printf$1) for __2printf
    main.o(i.main) refers to gpio.o(i.GpioRead) for GpioRead
    main.o(i.main) refers to gpio.o(i.GpioWrite) for GpioWrite
    main.o(i.main) refers to delay.o(i.Delay) for Delay
    main.o(i.main) refers to main.o(i.OnRadioTxDone) for OnRadioTxDone
    main.o(i.main) refers to main.o(.bss) for RadioEvents
    main.o(i.main) refers to main.o(i.OnRadioRxDone) for OnRadioRxDone
    main.o(i.main) refers to main.o(i.OnRadioRxError) for OnRadioRxError
    main.o(i.main) refers to main.o(i.OnRadioTxTimeout) for OnRadioTxTimeout
    main.o(i.main) refers to main.o(i.OnRadioRxTimeout) for OnRadioRxTimeout
    main.o(i.main) refers to sx1276-board.o(.constdata) for Radio
    main.o(i.main) refers to main.o(.data) for sentCnt
    main.o(i.main) refers to board.o(.bss) for Led2
    adc-board.o(i.AdcMcuConfig) refers to stm32l0xx_hal_adc.o(i.HAL_ADC_Init) for HAL_ADC_Init
    adc-board.o(i.AdcMcuConfig) refers to stm32l0xx_hal_adc_ex.o(i.HAL_ADCEx_Calibration_Start) for HAL_ADCEx_Calibration_Start
    adc-board.o(i.AdcMcuConfig) refers to adc-board.o(.bss) for AdcHandle
    adc-board.o(i.AdcMcuInit) refers to stm32l0xx_hal_adc.o(i.HAL_ADC_DeInit) for HAL_ADC_DeInit
    adc-board.o(i.AdcMcuInit) refers to gpio.o(i.GpioInit) for GpioInit
    adc-board.o(i.AdcMcuInit) refers to adc-board.o(.bss) for AdcHandle
    adc-board.o(i.AdcMcuReadChannel) refers to stm32l0xx_hal_adc.o(i.HAL_ADC_ConfigChannel) for HAL_ADC_ConfigChannel
    adc-board.o(i.AdcMcuReadChannel) refers to stm32l0xx_hal_adc.o(i.HAL_ADC_Start) for HAL_ADC_Start
    adc-board.o(i.AdcMcuReadChannel) refers to stm32l0xx_hal_adc.o(i.HAL_ADC_PollForConversion) for HAL_ADC_PollForConversion
    adc-board.o(i.AdcMcuReadChannel) refers to stm32l0xx_hal_adc.o(i.HAL_ADC_GetValue) for HAL_ADC_GetValue
    adc-board.o(i.AdcMcuReadChannel) refers to stm32l0xx_hal_adc.o(i.HAL_ADC_DeInit) for HAL_ADC_DeInit
    adc-board.o(i.AdcMcuReadChannel) refers to adc-board.o(.bss) for AdcHandle
    board.o(i.BoardDeInitMcu) refers to uart.o(i.UartDeInit) for UartDeInit
    board.o(i.BoardDeInitMcu) refers to i2c.o(i.I2cDeInit) for I2cDeInit
    board.o(i.BoardDeInitMcu) refers to spi-board.o(i.SpiDeInit) for SpiDeInit
    board.o(i.BoardDeInitMcu) refers to sx1276-board.o(i.SX1276IoDeInit) for SX1276IoDeInit
    board.o(i.BoardDeInitMcu) refers to gpio.o(i.GpioInit) for GpioInit
    board.o(i.BoardDeInitMcu) refers to uart-board.o(.bss) for Uart1
    board.o(i.BoardDeInitMcu) refers to board.o(.bss) for I2c
    board.o(i.BoardDeInitMcu) refers to sx1276.o(.bss) for SX1276
    board.o(i.BoardDisableIrq) refers to board.o(.data) for IrqNestLevel
    board.o(i.BoardEnableIrq) refers to board.o(.data) for IrqNestLevel
    board.o(i.BoardGetPowerSupply) refers to fmul.o(.text) for __aeabi_fmul
    board.o(i.BoardGetPowerSupply) refers to fflti.o(.text) for __aeabi_i2f
    board.o(i.BoardGetPowerSupply) refers to fdiv.o(.text) for __aeabi_fdiv
    board.o(i.BoardGetPowerSupply) refers to ffixui.o(.text) for __aeabi_f2uiz
    board.o(i.BoardInitMcu) refers to stm32l0xx_hal.o(i.HAL_Init) for HAL_Init
    board.o(i.BoardInitMcu) refers to board.o(i.SystemClockConfig) for SystemClockConfig
    board.o(i.BoardInitMcu) refers to printf.o(i.printf_init) for printf_init
    board.o(i.BoardInitMcu) refers to rtc-board.o(i.RtcInit) for RtcInit
    board.o(i.BoardInitMcu) refers to board.o(i.BoardUnusedIoInit) for BoardUnusedIoInit
    board.o(i.BoardInitMcu) refers to i2c.o(i.I2cInit) for I2cInit
    board.o(i.BoardInitMcu) refers to board.o(i.SystemClockReConfig) for SystemClockReConfig
    board.o(i.BoardInitMcu) refers to spi-board.o(i.SpiInit) for SpiInit
    board.o(i.BoardInitMcu) refers to sx1276-board.o(i.SX1276IoInit) for SX1276IoInit
    board.o(i.BoardInitMcu) refers to board.o(.data) for McuInitialized
    board.o(i.BoardInitMcu) refers to board.o(.bss) for I2c
    board.o(i.BoardInitMcu) refers to sx1276.o(.bss) for SX1276
    board.o(i.BoardInitPeriph) refers to gpio.o(i.GpioInit) for GpioInit
    board.o(i.BoardInitPeriph) refers to board.o(.bss) for Led1
    board.o(i.BoardUnusedIoInit) refers to board.o(i.GetBoardPowerSource) for GetBoardPowerSource
[...]
    i.HAL_GPIO_EXTI_IRQHandler               0x08000f34   Section        0  stm32l0xx_hal_gpio.o(i.HAL_GPIO_EXTI_IRQHandler)
    i.HAL_GPIO_Init                          0x08000f54   Section        0  stm32l0xx_hal_gpio.o(i.HAL_GPIO_Init)
    i.HAL_GPIO_ReadPin                       0x08001140   Section        0  stm32l0xx_hal_gpio.o(i.HAL_GPIO_ReadPin)
    i.HAL_GPIO_WritePin                      0x08001152   Section        0  stm32l0xx_hal_gpio.o(i.HAL_GPIO_WritePin)
    i.HAL_GetTick                            0x08001160   Section        0  stm32l0xx_hal.o(i.HAL_GetTick)
    i.HAL_I2CEx_ConfigAnalogFilter           0x0800116c   Section        0  stm32l0xx_hal_i2c_ex.o(i.HAL_I2CEx_ConfigAnalogFilter)
    i.HAL_I2C_Init                           0x080011fc   Section        0  stm32l0xx_hal_i2c.o(i.HAL_I2C_Init)
    i.HAL_I2C_MspInit                        0x080012c0   Section        0  stm32l0xx_hal_i2c.o(i.HAL_I2C_MspInit)
    i.HAL_IncTick                            0x080012c4   Section        0  stm32l0xx_hal.o(i.HAL_IncTick)
    i.HAL_Init                               0x080012d4   Section        0  stm32l0xx_hal.o(i.HAL_Init)
    i.HAL_InitTick                           0x080012f4   Section        0  stm32l0xx_hal.o(i.HAL_InitTick)
    i.HAL_MspInit                            0x0800131c   Section        0  stm32l0xx_hal_msp_template.o(i.HAL_MspInit)
    i.HAL_NVIC_EnableIRQ                     0x08001320   Section        0  stm32l0xx_hal_cortex.o(i.HAL_NVIC_EnableIRQ)
    i.HAL_NVIC_SetPriority                   0x08001338   Section        0  stm32l0xx_hal_cortex.o(i.HAL_NVIC_SetPriority)
    i.HAL_RCCEx_PeriphCLKConfig              0x0800134c   Section        0  stm32l0xx_hal_rcc_ex.o(i.HAL_RCCEx_PeriphCLKConfig)
    i.HAL_RCC_ClockConfig                    0x0800156c   Section        0  stm32l0xx_hal_rcc.o(i.HAL_RCC_ClockConfig)
    i.HAL_RCC_GetHCLKFreq                    0x08001764   Section        0  stm32l0xx_hal_rcc.o(i.HAL_RCC_GetHCLKFreq)
    i.HAL_RCC_GetPCLK1Freq                   0x08001770   Section        0  stm32l0xx_hal_rcc.o(i.HAL_RCC_GetPCLK1Freq)
    i.HAL_RCC_GetPCLK2Freq                   0x08001794   Section        0  stm32l0xx_hal_rcc.o(i.HAL_RCC_GetPCLK2Freq)
    i.HAL_RCC_GetSysClockFreq                0x080017b8   Section        0  stm32l0xx_hal_rcc.o(i.HAL_RCC_GetSysClockFreq)
    i.HAL_RCC_OscConfig                      0x080018a4   Section        0  stm32l0xx_hal_rcc.o(i.HAL_RCC_OscConfig)
    i.HAL_RTCEx_AlarmBEventCallback          0x08001f44   Section        0  stm32l0xx_hal_rtc_ex.o(i.HAL_RTCEx_AlarmBEventCallback)
    i.HAL_RTCEx_EnableBypassShadow           0x08001f46   Section        0  stm32l0xx_hal_rtc_ex.o(i.HAL_RTCEx_EnableBypassShadow)
    i.HAL_RTC_AlarmAEventCallback            0x08001f9e   Section        0  stm32l0xx_hal_rtc.o(i.HAL_RTC_AlarmAEventCallback)
    i.HAL_RTC_AlarmIRQHandler                0x08001fa0   Section        0  stm32l0xx_hal_rtc.o(i.HAL_RTC_AlarmIRQHandler)
    i.HAL_RTC_DeactivateAlarm                0x08002028   Section        0  stm32l0xx_hal_rtc.o(i.HAL_RTC_DeactivateAlarm)
    i.HAL_RTC_GetAlarm                       0x0800213c   Section        0  stm32l0xx_hal_rtc.o(i.HAL_RTC_GetAlarm)
    i.HAL_RTC_GetDate                        0x0800222c   Section        0  stm32l0xx_hal_rtc.o(i.HAL_RTC_GetDate)
    i.HAL_RTC_GetTime                        0x08002288   Section        0  stm32l0xx_hal_rtc.o(i.HAL_RTC_GetTime)
    i.HAL_RTC_Init                           0x080022f4   Section        0  stm32l0xx_hal_rtc.o(i.HAL_RTC_Init)
    i.HAL_RTC_MspInit                        0x080023bc   Section        0  stm32l0xx_hal_rtc.o(i.HAL_RTC_MspInit)
    i.HAL_RTC_SetAlarm_IT                    0x080023c0   Section        0  stm32l0xx_hal_rtc.o(i.HAL_RTC_SetAlarm_IT)
    i.HAL_RTC_SetDate                        0x0800261c   Section        0  stm32l0xx_hal_rtc.o(i.HAL_RTC_SetDate)
    i.HAL_RTC_SetTime                        0x0800274c   Section        0  stm32l0xx_hal_rtc.o(i.HAL_RTC_SetTime)
    i.HAL_RTC_WaitForSynchro                 0x080028a0   Section        0  stm32l0xx_hal_rtc.o(i.HAL_RTC_WaitForSynchro)
    i.HAL_SPI_Init                           0x080028dc   Section        0  stm32l0xx_hal_spi.o(i.HAL_SPI_Init)
    i.HAL_SPI_MspInit                        0x0800296a   Section        0  stm32l0xx_hal_spi.o(i.HAL_SPI_MspInit)
    i.HAL_SYSTICK_CLKSourceConfig            0x0800296c   Section        0  stm32l0xx_hal_cortex.o(i.HAL_SYSTICK_CLKSourceConfig)
    i.HAL_SYSTICK_Callback                   0x08002990   Section        0  stm32l0xx_hal_cortex.o(i.HAL_SYSTICK_Callback)
    i.HAL_SYSTICK_Config                     0x08002994   Section        0  stm32l0xx_hal_cortex.o(i.HAL_SYSTICK_Config)
    i.HAL_SYSTICK_IRQHandler                 0x080029cc   Section        0  stm32l0xx_hal_cortex.o(i.HAL_SYSTICK_IRQHandler)
    i.HAL_UARTEx_WakeupCallback              0x080029d4   Section        0  stm32l0xx_hal_uart_ex.o(i.HAL_UARTEx_WakeupCallback)
    i.HAL_UART_ErrorCallback                 0x080029d8   Section        0  uart-board.o(i.HAL_UART_ErrorCallback)
    i.HAL_UART_IRQHandler                    0x080029ec   Section        0  stm32l0xx_hal_uart.o(i.HAL_UART_IRQHandler)
    i.HAL_UART_Init                          0x08002b4e   Section        0  stm32l0xx_hal_uart.o(i.HAL_UART_Init)
    i.HAL_UART_MspInit                       0x08002bca   Section        0  stm32l0xx_hal_uart.o(i.HAL_UART_MspInit)
    i.HAL_UART_Receive_IT                    0x08002bcc   Section        0  stm32l0xx_hal_uart.o(i.HAL_UART_Receive_IT)
    i.HAL_UART_RxCpltCallback                0x08002ca8   Section        0  uart-board.o(i.HAL_UART_RxCpltCallback)
    i.HAL_UART_Transmit_IT                   0x08002d0c   Section        0  stm32l0xx_hal_uart.o(i.HAL_UART_Transmit_IT)
    i.HAL_UART_TxCpltCallback                0x08002d7c   Section        0  uart-board.o(i.HAL_UART_TxCpltCallback)
    i.I2cInit                                0x08002dd8   Section        0  i2c.o(i.I2cInit)
    i.I2cMcuFormat                           0x08002e14   Section        0  i2c-board.o(i.I2cMcuFormat)
    i.I2cMcuInit                             0x08002e7c   Section        0  i2c-board.o(i.I2cMcuInit)
    i.IsFifoEmpty                            0x08002ef8   Section        0  fifo.o(i.IsFifoEmpty)
    i.IsFifoFull                             0x08002f0a   Section        0  fifo.o(i.IsFifoFull)
    i.NMI_Handler                            0x08002f24   Section        0  sysirqhandlers.o(i.NMI_Handler)
    i.NVIC_SetPriority                       0x08002f28   Section        0  stm32l0xx_hal_cortex.o(i.NVIC_SetPriority)
    NVIC_SetPriority                         0x08002f29   Thumb Code   110  stm32l0xx_hal_cortex.o(i.NVIC_SetPriority)
    i.OnRadioRxDone                          0x08002fa0   Section        0  main.o(i.OnRadioRxDone)
    OnRadioRxDone                            0x08002fa1   Thumb Code    18  main.o(i.OnRadioRxDone)
    i.OnRadioRxError                         0x08002fb8   Section        0  main.o(i.OnRadioRxError)
    OnRadioRxError                           0x08002fb9   Thumb Code    10  main.o(i.OnRadioRxError)
    i.OnRadioRxTimeout                       0x08002fc8   Section        0  main.o(i.OnRadioRxTimeout)
    OnRadioRxTimeout                         0x08002fc9   Thumb Code    10  main.o(i.OnRadioRxTimeout)
    i.OnRadioTxDone                          0x08002fd8   Section        0  main.o(i.OnRadioTxDone)
    OnRadioTxDone                            0x08002fd9   Thumb Code    10  main.o(i.OnRadioTxDone)
    i.OnRadioTxTimeout                       0x08002fe8   Section        0  main.o(i.OnRadioTxTimeout)
    OnRadioTxTimeout                         0x08002fe9   Thumb Code    10  main.o(i.OnRadioTxTimeout)
    i.RTC_Bcd2ToByte                         0x08002ff8   Section        0  stm32l0xx_hal_rtc.o(i.RTC_Bcd2ToByte)
    i.RTC_ByteToBcd2                         0x08003012   Section        0  stm32l0xx_hal_rtc.o(i.RTC_ByteToBcd2)
    i.RTC_EnterInitMode                      0x0800302c   Section        0  stm32l0xx_hal_rtc.o(i.RTC_EnterInitMode)
    i.RTC_IRQHandler                         0x08003070   Section        0  rtc-board.o(i.RTC_IRQHandler)
    i.RtcComputeTimerTimeToAlarmTick         0x0800309c   Section        0  rtc-board.o(i.RtcComputeTimerTimeToAlarmTick)
    RtcComputeTimerTimeToAlarmTick           0x0800309d   Thumb Code   360  rtc-board.o(i.RtcComputeTimerTimeToAlarmTick)
    i.RtcComputeWakeUpTime                   0x08003214   Section        0  rtc-board.o(i.RtcComputeWakeUpTime)
    RtcComputeWakeUpTime                     0x08003215   Thumb Code    76  rtc-board.o(i.RtcComputeWakeUpTime)
    i.RtcConvertCalendarTickToTimerTime      0x08003270   Section        0  rtc-board.o(i.RtcConvertCalendarTickToTimerTime)
    RtcConvertCalendarTickToTimerTime        0x08003271   Thumb Code   224  rtc-board.o(i.RtcConvertCalendarTickToTimerTime)
    i.RtcConvertMsToTick                     0x08003368   Section        0  rtc-board.o(i.RtcConvertMsToTick)
    RtcConvertMsToTick                       0x08003369   Thumb Code    56  rtc-board.o(i.RtcConvertMsToTick)
    i.RtcConvertTickToMs                     0x080033a8   Section        0  rtc-board.o(i.RtcConvertTickToMs)
    RtcConvertTickToMs                       0x080033a9   Thumb Code    56  rtc-board.o(i.RtcConvertTickToMs)
    i.RtcGetAdjustedTimeoutValue             0x080033e8   Section        0  rtc-board.o(i.RtcGetAdjustedTimeoutValue)
    i.RtcGetCalendar                         0x08003434   Section        0  rtc-board.o(i.RtcGetCalendar)
    RtcGetCalendar                           0x08003435   Thumb Code    78  rtc-board.o(i.RtcGetCalendar)
    i.RtcGetElapsedAlarmTime                 0x08003488   Section        0  rtc-board.o(i.RtcGetElapsedAlarmTime)
    i.RtcInit                                0x080034bc   Section        0  rtc-board.o(i.RtcInit)
    i.RtcRecoverMcuStatus                    0x08003564   Section        0  rtc-board.o(i.RtcRecoverMcuStatus)
    i.RtcSetTimeout                          0x080035b4   Section        0  rtc-board.o(i.RtcSetTimeout)
    i.RtcStartWakeUpAlarm                    0x080035c8   Section        0  rtc-board.o(i.RtcStartWakeUpAlarm)
    RtcStartWakeUpAlarm                      0x080035c9   Thumb Code   158  rtc-board.o(i.RtcStartWakeUpAlarm)
    i.RxChainCalibration                     0x08003670   Section        0  sx1276.o(i.RxChainCalibration)
    RxChainCalibration                       0x08003671   Thumb Code   174  sx1276.o(i.RxChainCalibration)
    i.SX1276AntSwDeInit                      0x08003728   Section        0  sx1276-board.o(i.SX1276AntSwDeInit)
    i.SX1276AntSwInit                        0x08003758   Section        0  sx1276-board.o(i.SX1276AntSwInit)
    i.SX1276CheckRfFrequency                 0x08003788   Section        0  sx1276-board.o(i.SX1276CheckRfFrequency)
    i.SX1276GetPaSelect                      0x08003790   Section        0  sx1276-board.o(i.SX1276GetPaSelect)
    i.SX1276GetStatus                        0x080037a4   Section        0  sx1276.o(i.SX1276GetStatus)
    i.SX1276GetTimeOnAir                     0x080037b0   Section        0  sx1276.o(i.SX1276GetTimeOnAir)
    i.SX1276Init                             0x08003a4c   Section        0  sx1276.o(i.SX1276Init)
    i.SX1276IoInit                           0x08003adc   Section        0  sx1276-board.o(i.SX1276IoInit)
    i.SX1276IoIrqInit                        0x08003b7c   Section        0  sx1276-board.o(i.SX1276IoIrqInit)
    i.SX1276IsChannelFree                    0x08003bd8   Section        0  sx1276.o(i.SX1276IsChannelFree)
    i.SX1276OnDio0Irq                        0x08003c14   Section        0  sx1276.o(i.SX1276OnDio0Irq)
    i.SX1276OnDio1Irq                        0x08003fac   Section        0  sx1276.o(i.SX1276OnDio1Irq)
    i.SX1276OnDio2Irq                        0x08004150   Section        0  sx1276.o(i.SX1276OnDio2Irq)
    i.SX1276OnDio3Irq                        0x080042b8   Section        0  sx1276.o(i.SX1276OnDio3Irq)
    i.SX1276OnDio4Irq                        0x08004334   Section        0  sx1276.o(i.SX1276OnDio4Irq)
    i.SX1276OnTimeoutIrq                     0x08004364   Section        0  sx1276.o(i.SX1276OnTimeoutIrq)
    i.SX1276Random                           0x08004424   Section        0  sx1276.o(i.SX1276Random)
    i.SX1276Read                             0x08004464   Section        0  sx1276.o(i.SX1276Read)
    i.SX1276ReadBuffer                       0x08004478   Section        0  sx1276.o(i.SX1276ReadBuffer)
    i.SX1276ReadFifo                         0x080044bc   Section        0  sx1276.o(i.SX1276ReadFifo)
    i.SX1276ReadRssi                         0x080044d0   Section        0  sx1276.o(i.SX1276ReadRssi)
    i.SX1276Reset                            0x08004524   Section        0  sx1276.o(i.SX1276Reset)
    i.SX1276Send                             0x08004560   Section        0  sx1276.o(i.SX1276Send)
    i.SX1276SetAntSw                         0x08004690   Section        0  sx1276-board.o(i.SX1276SetAntSw)
    i.SX1276SetAntSwLowPower                 0x080046dc   Section        0  sx1276-board.o(i.SX1276SetAntSwLowPower)
    i.SX1276SetChannel                       0x08004700   Section        0  sx1276.o(i.SX1276SetChannel)
    i.SX1276SetMaxPayloadLength              0x08004748   Section        0  sx1276.o(i.SX1276SetMaxPayloadLength)
    i.SX1276SetModem                         0x08004784   Section        0  sx1276.o(i.SX1276SetModem)
    i.SX1276SetOpMode                        0x08004804   Section        0  sx1276.o(i.SX1276SetOpMode)
    i.SX1276SetPublicNetwork                 0x08004838   Section        0  sx1276.o(i.SX1276SetPublicNetwork)
    i.SX1276SetRfTxPower                     0x0800485c   Section        0  sx1276-board.o(i.SX1276SetRfTxPower)
    i.SX1276SetRx                            0x08004928   Section        0  sx1276.o(i.SX1276SetRx)
    i.SX1276SetRxConfig                      0x08004cdc   Section        0  sx1276.o(i.SX1276SetRxConfig)
    i.SX1276SetSleep                         0x08004f98   Section        0  sx1276.o(i.SX1276SetSleep)
    i.SX1276SetStby                          0x08004fc0   Section        0  sx1276.o(i.SX1276SetStby)
    i.SX1276SetTx                            0x08004fe8   Section        0  sx1276.o(i.SX1276SetTx)
    i.SX1276SetTxConfig                      0x080050b4   Section        0  sx1276.o(i.SX1276SetTxConfig)
    i.SX1276SetTxContinuousWave              0x0800531c   Section        0  sx1276.o(i.SX1276SetTxContinuousWave)
    i.SX1276StartCad                         0x080053b8   Section        0  sx1276.o(i.SX1276StartCad)
    i.SX1276Write                            0x08005400   Section        0  sx1276.o(i.SX1276Write)
    i.SX1276WriteBuffer                      0x08005410   Section        0  sx1276.o(i.SX1276WriteBuffer)
    i.SX1276WriteFifo                        0x08005454   Section        0  sx1276.o(i.SX1276WriteFifo)
    i.SpiFormat                              0x08005466   Section        0  spi-board.o(i.SpiFormat)
    i.SpiFrequency                           0x080054a0   Section        0  spi-board.o(i.SpiFrequency)
    i.SpiGetFlag                             0x08005500   Section        0  spi-board.o(i.SpiGetFlag)
    i.SpiInOut                               0x08005516   Section        0  spi-board.o(i.SpiInOut)
    i.SpiInit                                0x08005564   Section        0  spi-board.o(i.SpiInit)
    i.SysTick_Handler                        0x08005644   Section        0  board.o(i.SysTick_Handler)
    i.SystemClockConfig                      0x08005650   Section        0  board.o(i.SystemClockConfig)
    SystemClockConfig                        0x08005651   Thumb Code   176  board.o(i.SystemClockConfig)
    i.SystemClockReConfig                    0x08005708   Section        0  board.o(i.SystemClockReConfig)
    SystemClockReConfig                      0x08005709   Thumb Code   130  board.o(i.SystemClockReConfig)
    i.SystemInit                             0x08005794   Section        0  system_stm32l0xx.o(i.SystemInit)
    i.TimerExists                            0x080057fc   Section        0  timer.o(i.TimerExists)
    TimerExists                              0x080057fd   Thumb Code    26  timer.o(i.TimerExists)
    i.TimerGetValue                          0x0800581c   Section        0  timer.o(i.TimerGetValue)
    i.TimerInit                              0x08005824   Section        0  timer.o(i.TimerInit)
    i.TimerInsertNewHeadTimer                0x08005834   Section        0  timer.o(i.TimerInsertNewHeadTimer)
    TimerInsertNewHeadTimer                  0x08005835   Thumb Code    42  timer.o(i.TimerInsertNewHeadTimer)
    i.TimerInsertTimer                       0x08005864   Section        0  timer.o(i.TimerInsertTimer)
    TimerInsertTimer                         0x08005865   Thumb Code   110  timer.o(i.TimerInsertTimer)
    i.TimerIrqHandler                        0x080058d8   Section        0  timer.o(i.TimerIrqHandler)
    i.TimerSetTimeout                        0x0800596c   Section        0  timer.o(i.TimerSetTimeout)
    TimerSetTimeout                          0x0800596d   Thumb Code    26  timer.o(i.TimerSetTimeout)
    i.TimerSetValue                          0x0800598c   Section        0  timer.o(i.TimerSetValue)
    i.TimerStart                             0x080059a0   Section        0  timer.o(i.TimerStart)
    i.TimerStop                              0x08005a30   Section        0  timer.o(i.TimerStop)
    i.UART_AdvFeatureConfig                  0x08005b24   Section        0  stm32l0xx_hal_uart.o(i.UART_AdvFeatureConfig)
    i.UART_CheckIdleState                    0x08005c14   Section        0  stm32l0xx_hal_uart.o(i.UART_CheckIdleState)
    i.UART_EndTransmit_IT                    0x08005c78   Section        0  stm32l0xx_hal_uart.o(i.UART_EndTransmit_IT)
    UART_EndTransmit_IT                      0x08005c79   Thumb Code    32  stm32l0xx_hal_uart.o(i.UART_EndTransmit_IT)
    i.UART_Receive_IT                        0x08005c98   Section        0  stm32l0xx_hal_uart.o(i.UART_Receive_IT)
    UART_Receive_IT                          0x08005c99   Thumb Code   168  stm32l0xx_hal_uart.o(i.UART_Receive_IT)
    i.UART_SetConfig                         0x08005d40   Section        0  stm32l0xx_hal_uart.o(i.UART_SetConfig)
    i.UART_Transmit_IT                       0x08006210   Section        0  stm32l0xx_hal_uart.o(i.UART_Transmit_IT)
    UART_Transmit_IT                         0x08006211   Thumb Code   114  stm32l0xx_hal_uart.o(i.UART_Transmit_IT)
    i.UART_WaitOnFlagUntilTimeout            0x08006282   Section        0  stm32l0xx_hal_uart.o(i.UART_WaitOnFlagUntilTimeout)
    i.USART1_IRQHandler                      0x0800638c   Section        0  uart-board.o(i.USART1_IRQHandler)
    i.USART2_IRQHandler                      0x0800639c   Section        0  uart-board.o(i.USART2_IRQHandler)
    i.UartConfig                             0x080063ac   Section        0  uart.o(i.UartConfig)
    i.UartInit                               0x080063de   Section        0  uart.o(i.UartInit)
    i.UartMcuConfig                          0x08006404   Section        0  uart-board.o(i.UartMcuConfig)
    i.UartMcuInit                            0x08006534   Section        0  uart-board.o(i.UartMcuInit)
    i.UartMcuPutChar                         0x08006618   Section        0  uart-board.o(i.UartMcuPutChar)
    i.UartPutChar                            0x08006680   Section        0  uart.o(i.UartPutChar)
    i.__0printf$1                            0x08006698   Section        0  printf1.o(i.__0printf$1)
    i.__ARM_clz                              0x080066b8   Section        0  depilogue.o(i.__ARM_clz)
    i.__ARM_common_switch8                   0x080066e6   Section        0  gpio-board.o(i.__ARM_common_switch8)
    i.__scatterload_copy                     0x08006702   Section       14  handlers.o(i.__scatterload_copy)
    i.__scatterload_null                     0x08006710   Section        2  handlers.o(i.__scatterload_null)
    i.__scatterload_zeroinit                 0x08006712   Section       14  handlers.o(i.__scatterload_zeroinit)
    i._printf_core                           0x08006720   Section        0  printf1.o(i._printf_core)
    _printf_core                             0x08006721   Thumb Code   332  printf1.o(i._printf_core)
    i.ceil                                   0x08006870   Section        0  ceil.o(i.ceil)
    i.floor                                  0x08006938   Section        0  floor.o(i.floor)
    i.fputc                                  0x08006a00   Section        0  printf.o(i.fputc)
    i.main                                   0x08006a14   Section        0  main.o(i.main)
    i.memcpy1                                0x08006b84   Section        0  utilities.o(i.memcpy1)
    i.printf_init                            0x08006b9c   Section        0  printf.o(i.printf_init)
    i.round                                  0x08006bec   Section        0  round.o(i.round)
    i.srand1                                 0x08006c88   Section        0  utilities.o(i.srand1)
    .constdata                               0x08006c94   Section       24  rtc-board.o(.constdata)
    DaysInMonth                              0x08006c94   Data          12  rtc-board.o(.constdata)
    DaysInMonthLeapYear                      0x08006ca0   Data          12  rtc-board.o(.constdata)
    .constdata                               0x08006cac   Section       92  sx1276-board.o(.constdata)
    .constdata                               0x08006d08   Section      224  sx1276.o(.constdata)
    .constdata                               0x08006de8   Section       33  system_stm32l0xx.o(.constdata)
    .data                                    0x20000000   Section        4  main.o(.data)
    sentCnt                                  0x20000000   Data           4  main.o(.data)
    .data                                    0x20000004   Section        3  board.o(.data)
    McuInitialized                           0x20000004   Data           1  board.o(.data)
    IrqNestLevel                             0x20000006   Data           1  board.o(.data)
    .data                                    0x20000008   Section       12  rtc-board.o(.data)
    RtcTimerEventAllowsLowPower              0x20000009   Data           1  rtc-board.o(.data)
    LowPowerDisableDuringTask                0x2000000a   Data           1  rtc-board.o(.data)
    RtcInitialized                           0x2000000b   Data           1  rtc-board.o(.data)
    WakeUpTimeInitialized                    0x2000000c   Data           1  rtc-board.o(.data)
    .data                                    0x20000014   Section        1  sx1276-board.o(.data)
    RadioIsActive                            0x20000014   Data           1  sx1276-board.o(.data)
    .data                                    0x20000015   Section        4  uart-board.o(.data)
    .data                                    0x2000001c   Section        4  stm32l0xx_hal.o(.data)
    .data                                    0x20000020   Section        4  utilities.o(.data)
    next                                     0x20000020   Data           4  utilities.o(.data)
    .data                                    0x20000024   Section       28  sx1276.o(.data)
    RadioEvents                              0x20000024   Data           4  sx1276.o(.data)
    .data                                    0x20000040   Section        1  i2c.o(.data)
    I2cInitialized                           0x20000040   Data           1  i2c.o(.data)
    .data                                    0x20000044   Section        8  printf.o(.data)
    .data                                    0x2000004c   Section        8  timer.o(.data)
    TimerListHead                            0x20000050   Data           4  timer.o(.data)
    .data                                    0x20000054   Section        4  system_stm32l0xx.o(.data)
    .bss                                     0x20000058   Section       44  main.o(.bss)
    AppData                                  0x20000058   Data          16  main.o(.bss)
    RadioEvents                              0x20000068   Data          28  main.o(.bss)
    .bss                                     0x20000084   Section      144  board.o(.bss)
    .bss                                     0x20000114   Section       64  gpio-board.o(.bss)
    GpioIrq                                  0x20000114   Data          64  gpio-board.o(.bss)
    .bss                                     0x20000154   Section       60  rtc-board.o(.bss)
    .bss                                     0x20000190   Section       24  sx1276-board.o(.bss)
    .bss                                     0x200001a8   Section      336  uart-board.o(.bss)
    .bss                                     0x200002f8   Section      628  sx1276.o(.bss)
    RxTxBuffer                               0x200002f8   Data         256  sx1276.o(.bss)
    .bss                                     0x2000056c   Section      512  printf.o(.bss)
    STACK                                    0x20000770   Section     1024  startup_stm32l052xx.o(STACK)

    Global Symbols

    Symbol Name                              Value     Ov Type        Size  Object(Section)

    BuildAttributes$$THM_ISAv3M$S$PE$A:L22$X:L11$S22$IEEE1$IW$USESV6$~STKCKD$USESV7$~SHL$OTIME$ROPI$IEEEJ$EBA8$MICROLIB$REQ8$PRES8$EABIv2 0x00000000   Number         0  anon$$obj.o ABSOLUTE
    __ARM_use_no_argv                        0x00000000   Number         0  main.o ABSOLUTE
    __use_no_errno                           0x00000000   Number         0  useno.o ABSOLUTE
    __use_no_exception_handling              0x00000000   Number         0  useno.o ABSOLUTE
    __use_no_fp                              0x00000000   Number         0  useno.o ABSOLUTE
    __use_no_heap                            0x00000000   Number         0  useno.o ABSOLUTE
    __use_no_heap_region                     0x00000000   Number         0  useno.o ABSOLUTE
    __use_no_semihosting                     0x00000000   Number         0  useno.o ABSOLUTE
    __use_no_semihosting_swi                 0x00000000   Number         0  useno.o ABSOLUTE
    __use_no_signal_handling                 0x00000000   Number         0  useno.o ABSOLUTE
    _printf_a                                0x00000000   Number         0  stubs.o ABSOLUTE
    _printf_c                                0x00000000   Number         0  stubs.o ABSOLUTE
    _printf_charcount                        0x00000000   Number         0  stubs.o ABSOLUTE
    _printf_d                                0x00000000   Number         0  stubs.o ABSOLUTE
    _printf_e                                0x00000000   Number         0  stubs.o ABSOLUTE
    _printf_f                                0x00000000   Number         0  stubs.o ABSOLUTE
    _printf_flags                            0x00000000   Number         0  stubs.o ABSOLUTE
    _printf_fp_dec                           0x00000000   Number         0  stubs.o ABSOLUTE
    _printf_fp_hex                           0x00000000   Number         0  stubs.o ABSOLUTE
    _printf_g                                0x00000000   Number         0  stubs.o ABSOLUTE
    _printf_i                                0x00000000   Number         0  stubs.o ABSOLUTE
    _printf_int_dec                          0x00000000   Number         0  stubs.o ABSOLUTE
    _printf_l                                0x00000000   Number         0  stubs.o ABSOLUTE
    _printf_lc                               0x00000000   Number         0  stubs.o ABSOLUTE
    _printf_ll                               0x00000000   Number         0  stubs.o ABSOLUTE
    _printf_lld                              0x00000000   Number         0  stubs.o ABSOLUTE
    _printf_lli                              0x00000000   Number         0  stubs.o ABSOLUTE
    _printf_llo                              0x00000000   Number         0  stubs.o ABSOLUTE
    _printf_llu                              0x00000000   Number         0  stubs.o ABSOLUTE
    _printf_llx                              0x00000000   Number         0  stubs.o ABSOLUTE
    _printf_longlong_dec                     0x00000000   Number         0  stubs.o ABSOLUTE
    _printf_longlong_hex                     0x00000000   Number         0  stubs.o ABSOLUTE
    _printf_longlong_oct                     0x00000000   Number         0  stubs.o ABSOLUTE
    _printf_ls                               0x00000000   Number         0  stubs.o ABSOLUTE
    _printf_mbtowc                           0x00000000   Number         0  stubs.o ABSOLUTE
    _printf_n                                0x00000000   Number         0  stubs.o ABSOLUTE
    _printf_o                                0x00000000   Number         0  stubs.o ABSOLUTE
    _printf_p                                0x00000000   Number         0  stubs.o ABSOLUTE
    _printf_percent                          0x00000000   Number         0  stubs.o ABSOLUTE
    _printf_pre_padding                      0x00000000   Number         0  stubs.o ABSOLUTE
    _printf_return_value                     0x00000000   Number         0  stubs.o ABSOLUTE
    _printf_s                                0x00000000   Number         0  stubs.o ABSOLUTE
    _printf_sizespec                         0x00000000   Number         0  stubs.o ABSOLUTE
    _printf_str                              0x00000000   Number         0  stubs.o ABSOLUTE
    _printf_truncate_signed                  0x00000000   Number         0  stubs.o ABSOLUTE
    _printf_truncate_unsigned                0x00000000   Number         0  stubs.o ABSOLUTE
    _printf_u                                0x00000000   Number         0  stubs.o ABSOLUTE
    _printf_wc                               0x00000000   Number         0  stubs.o ABSOLUTE
    _printf_wctomb                           0x00000000   Number         0  stubs.o ABSOLUTE
    _printf_widthprec                        0x00000000   Number         0  stubs.o ABSOLUTE
    _printf_x                                0x00000000   Number         0  stubs.o ABSOLUTE
    __cpp_initialize__aeabi_                  - Undefined Weak Reference
    __cxa_finalize                            - Undefined Weak Reference
    __decompress                              - Undefined Weak Reference
    _clock_init                               - Undefined Weak Reference
    _microlib_exit                            - Undefined Weak Reference
    __Vectors_Size                           0x000000c0   Number         0  startup_stm32l052xx.o ABSOLUTE
    __Vectors                                0x08000000   Data           4  startup_stm32l052xx.o(RESET)
    __Vectors_End                            0x080000c0   Data           0  startup_stm32l052xx.o(RESET)
    __main                                   0x080000c1   Thumb Code     0  entry.o(.ARM.Collect$$$$00000000)
    _main_stk                                0x080000c1   Thumb Code     0  entry2.o(.ARM.Collect$$$$00000001)
    _main_scatterload                        0x080000c5   Thumb Code     0  entry5.o(.ARM.Collect$$$$00000004)
    __main_after_scatterload                 0x080000c9   Thumb Code     0  entry5.o(.ARM.Collect$$$$00000004)
    _main_clock                              0x080000c9   Thumb Code     0  entry7b.o(.ARM.Collect$$$$00000008)
    _main_cpp_init                           0x080000c9   Thumb Code     0  entry8b.o(.ARM.Collect$$$$0000000A)
    _main_init                               0x080000c9   Thumb Code     0  entry9a.o(.ARM.Collect$$$$0000000B)
    __rt_final_cpp                           0x080000d1   Thumb Code     0  entry10a.o(.ARM.Collect$$$$0000000D)
    __rt_final_exit                          0x080000d1   Thumb Code     0  entry11a.o(.ARM.Collect$$$$0000000F)
    Reset_Handler                            0x080000d5   Thumb Code     8  startup_stm32l052xx.o(.text)
    HardFault_Handler                        0x080000df   Thumb Code     2  startup_stm32l052xx.o(.text)
    SVC_Handler                              0x080000e1   Thumb Code     2  startup_stm32l052xx.o(.text)
    PendSV_Handler                           0x080000e3   Thumb Code     2  startup_stm32l052xx.o(.text)
    ADC1_COMP_IRQHandler                     0x080000e7   Thumb Code     0  startup_stm32l052xx.o(.text)
    DMA1_Channel1_IRQHandler                 0x080000e7   Thumb Code     0  startup_stm32l052xx.o(.text)
    DMA1_Channel2_3_IRQHandler               0x080000e7   Thumb Code     0  startup_stm32l052xx.o(.text)
    DMA1_Channel4_5_6_7_IRQHandler           0x080000e7   Thumb Code     0  startup_stm32l052xx.o(.text)
    FLASH_IRQHandler                         0x080000e7   Thumb Code     0  startup_stm32l052xx.o(.text)
    I2C1_IRQHandler                          0x080000e7   Thumb Code     0  startup_stm32l052xx.o(.text)
    I2C2_IRQHandler                          0x080000e7   Thumb Code     0  startup_stm32l052xx.o(.text)
    LPTIM1_IRQHandler                        0x080000e7   Thumb Code     0  startup_stm32l052xx.o(.text)
    PVD_IRQHandler                           0x080000e7   Thumb Code     0  startup_stm32l052xx.o(.text)
    RCC_CRS_IRQHandler                       0x080000e7   Thumb Code     0  startup_stm32l052xx.o(.text)
    RNG_LPUART1_IRQHandler                   0x080000e7   Thumb Code     0  startup_stm32l052xx.o(.text)
    SPI1_IRQHandler                          0x080000e7   Thumb Code     0  startup_stm32l052xx.o(.text)
    SPI2_IRQHandler                          0x080000e7   Thumb Code     0  startup_stm32l052xx.o(.text)
    TIM21_IRQHandler                         0x080000e7   Thumb Code     0  startup_stm32l052xx.o(.text)
    TIM22_IRQHandler                         0x080000e7   Thumb Code     0  startup_stm32l052xx.o(.text)
    TIM2_IRQHandler                          0x080000e7   Thumb Code     0  startup_stm32l052xx.o(.text)
    TIM6_DAC_IRQHandler                      0x080000e7   Thumb Code     0  startup_stm32l052xx.o(.text)
    TSC_IRQHandler                           0x080000e7   Thumb Code     0  startup_stm32l052xx.o(.text)
    USB_IRQHandler                           0x080000e7   Thumb Code     0  startup_stm32l052xx.o(.text)
    WWDG_IRQHandler                          0x080000e7   Thumb Code     0  startup_stm32l052xx.o(.text)
    __aeabi_uidiv                            0x080000f1   Thumb Code     0  uidiv.o(.text)
    __aeabi_uidivmod                         0x080000f1   Thumb Code    44  uidiv.o(.text)
    __aeabi_idiv                             0x0800011d   Thumb Code     0  idiv.o(.text)
    __aeabi_idivmod                          0x0800011d   Thumb Code    40  idiv.o(.text)
    __aeabi_uldivmod                         0x08000145   Thumb Code    96  uldiv.o(.text)
    __aeabi_memcpy                           0x080001a5   Thumb Code    36  memcpya.o(.text)
    __aeabi_memcpy4                          0x080001a5   Thumb Code     0  memcpya.o(.text)
    __aeabi_memcpy8                          0x080001a5   Thumb Code     0  memcpya.o(.text)
    __aeabi_memset                           0x080001c9   Thumb Code    14  memseta.o(.text)
    __aeabi_memset4                          0x080001c9   Thumb Code     0  memseta.o(.text)
    __aeabi_memset8                          0x080001c9   Thumb Code     0  memseta.o(.text)
    __aeabi_memclr                           0x080001d7   Thumb Code     4  memseta.o(.text)
    __aeabi_memclr4                          0x080001d7   Thumb Code     0  memseta.o(.text)
    __aeabi_memclr8                          0x080001d7   Thumb Code     0  memseta.o(.text)
    _memset$wrapper                          0x080001db   Thumb Code    18  memseta.o(.text)
    __aeabi_fmul                             0x080001ed   Thumb Code   122  fmul.o(.text)
    __aeabi_dadd                             0x08000269   Thumb Code   328  dadd.o(.text)
    __aeabi_dsub                             0x080003b1   Thumb Code    12  dadd.o(.text)
    __aeabi_drsub                            0x080003bd   Thumb Code    12  dadd.o(.text)
    __aeabi_dmul                             0x080003cd   Thumb Code   202  dmul.o(.text)
    __aeabi_ddiv                             0x0800049d   Thumb Code   234  ddiv.o(.text)
    __aeabi_i2d                              0x0800058d   Thumb Code    34  dflti.o(.text)
    __aeabi_ui2d                             0x080005b5   Thumb Code    24  dfltui.o(.text)
    __aeabi_ul2d                             0x080005d1   Thumb Code    22  dfltul.o(.text)
    __aeabi_f2uiz                            0x080005ed   Thumb Code    40  ffixui.o(.text)
    __aeabi_d2iz                             0x08000615   Thumb Code    62  dfixi.o(.text)
    __aeabi_d2uiz                            0x0800065d   Thumb Code    50  dfixui.o(.text)
    __aeabi_cdrcmple                         0x08000699   Thumb Code    38  cdrcmple.o(.text)
    __aeabi_llsl                             0x080006c1   Thumb Code    32  llshl.o(.text)
    _ll_shift_l                              0x080006c1   Thumb Code     0  llshl.o(.text)
    __aeabi_llsr                             0x080006e1   Thumb Code    34  llushr.o(.text)
    _ll_ushift_r                             0x080006e1   Thumb Code     0  llushr.o(.text)
    __aeabi_lasr                             0x08000703   Thumb Code    38  llsshr.o(.text)
    _ll_sshift_r                             0x08000703   Thumb Code     0  llsshr.o(.text)
    __I$use$fp                               0x08000729   Thumb Code     0  iusefp.o(.text)
    _double_round                            0x08000729   Thumb Code    26  depilogue.o(.text)
    _double_epilogue                         0x08000743   Thumb Code   164  depilogue.o(.text)
    _drnd                                    0x080007e9   Thumb Code   114  drnd.o(.text)
    __aeabi_cdcmpeq                          0x08000865   Thumb Code     0  cdcmple.o(.text)
    __aeabi_cdcmple                          0x08000865   Thumb Code    38  cdcmple.o(.text)
    __scatterload                            0x0800088d   Thumb Code    28  init.o(.text)
    __scatterload_rt2                        0x0800088d   Thumb Code     0  init.o(.text)
    BlockLowPowerDuringTask                  0x080008b1   Thumb Code    18  rtc-board.o(i.BlockLowPowerDuringTask)
    BoardDisableIrq                          0x080008c9   Thumb Code    14  board.o(i.BoardDisableIrq)
    BoardEnableIrq                           0x080008dd   Thumb Code    22  board.o(i.BoardEnableIrq)
    BoardInitMcu                             0x080008f9   Thumb Code    70  board.o(i.BoardInitMcu)
    BoardInitPeriph                          0x0800094d   Thumb Code    40  board.o(i.BoardInitPeriph)
    Delay                                    0x08000a19   Thumb Code    26  delay.o(i.Delay)
    DelayMs                                  0x08000a39   Thumb Code    12  delay.o(i.DelayMs)
    EXTI0_1_IRQHandler                       0x08000a45   Thumb Code    20  gpio-board.o(i.EXTI0_1_IRQHandler)
    EXTI2_3_IRQHandler                       0x08000a59   Thumb Code    20  gpio-board.o(i.EXTI2_3_IRQHandler)
    EXTI4_15_IRQHandler                      0x08000a6d   Thumb Code    96  gpio-board.o(i.EXTI4_15_IRQHandler)
    FifoInit                                 0x08000acd   Thumb Code    12  fifo.o(i.FifoInit)
    FifoPop                                  0x08000aeb   Thumb Code    30  fifo.o(i.FifoPop)
    FifoPush                                 0x08000b09   Thumb Code    24  fifo.o(i.FifoPush)
    GetBoardPowerSource                      0x08000b21   Thumb Code     4  board.o(i.GetBoardPowerSource)
    GpioInit                                 0x08000b59   Thumb Code    40  gpio.o(i.GpioInit)
    GpioMcuInit                              0x08000b81   Thumb Code   306  gpio-board.o(i.GpioMcuInit)
    GpioMcuRead                              0x08000cc5   Thumb Code    32  gpio-board.o(i.GpioMcuRead)
    GpioMcuSetInterrupt                      0x08000ce5   Thumb Code   306  gpio-board.o(i.GpioMcuSetInterrupt)
    GpioMcuWrite                             0x08000e29   Thumb Code    44  gpio-board.o(i.GpioMcuWrite)
    GpioRead                                 0x08000e55   Thumb Code    26  gpio.o(i.GpioRead)
    GpioSetInterrupt                         0x08000e6f   Thumb Code    34  gpio.o(i.GpioSetInterrupt)
    GpioWrite                                0x08000e91   Thumb Code    26  gpio.o(i.GpioWrite)
    HAL_DBGMCU_EnableDBGSleepMode            0x08000ead   Thumb Code    14  stm32l0xx_hal.o(i.HAL_DBGMCU_EnableDBGSleepMode)
    HAL_DBGMCU_EnableDBGStandbyMode          0x08000ec1   Thumb Code    14  stm32l0xx_hal.o(i.HAL_DBGMCU_EnableDBGStandbyMode)
    HAL_DBGMCU_EnableDBGStopMode             0x08000ed5   Thumb Code    14  stm32l0xx_hal.o(i.HAL_DBGMCU_EnableDBGStopMode)
    HAL_Delay                                0x08000ee9   Thumb Code    26  stm32l0xx_hal.o(i.HAL_Delay)
    HAL_GPIO_EXTI_Callback                   0x08000f05   Thumb Code    42  gpio-board.o(i.HAL_GPIO_EXTI_Callback)
    HAL_GPIO_EXTI_IRQHandler                 0x08000f35   Thumb Code    26  stm32l0xx_hal_gpio.o(i.HAL_GPIO_EXTI_IRQHandler)
    HAL_GPIO_Init                            0x08000f55   Thumb Code   462  stm32l0xx_hal_gpio.o(i.HAL_GPIO_Init)
    HAL_GPIO_ReadPin                         0x08001141   Thumb Code    18  stm32l0xx_hal_gpio.o(i.HAL_GPIO_ReadPin)
    HAL_GPIO_WritePin                        0x08001153   Thumb Code    12  stm32l0xx_hal_gpio.o(i.HAL_GPIO_WritePin)
    HAL_GetTick                              0x08001161   Thumb Code     6  stm32l0xx_hal.o(i.HAL_GetTick)
    HAL_I2CEx_ConfigAnalogFilter             0x0800116d   Thumb Code   142  stm32l0xx_hal_i2c_ex.o(i.HAL_I2CEx_ConfigAnalogFilter)
    HAL_I2C_Init                             0x080011fd   Thumb Code   190  stm32l0xx_hal_i2c.o(i.HAL_I2C_Init)
    HAL_I2C_MspInit                          0x080012c1   Thumb Code     2  stm32l0xx_hal_i2c.o(i.HAL_I2C_MspInit)
    HAL_IncTick                              0x080012c5   Thumb Code    12  stm32l0xx_hal.o(i.HAL_IncTick)
    HAL_Init                                 0x080012d5   Thumb Code    28  stm32l0xx_hal.o(i.HAL_Init)
    HAL_InitTick                             0x080012f5   Thumb Code    36  stm32l0xx_hal.o(i.HAL_InitTick)
    HAL_MspInit                              0x0800131d   Thumb Code     2  stm32l0xx_hal_msp_template.o(i.HAL_MspInit)
    HAL_NVIC_EnableIRQ                       0x08001321   Thumb Code    18  stm32l0xx_hal_cortex.o(i.HAL_NVIC_EnableIRQ)
    HAL_NVIC_SetPriority                     0x08001339   Thumb Code    18  stm32l0xx_hal_cortex.o(i.HAL_NVIC_SetPriority)
    HAL_RCCEx_PeriphCLKConfig                0x0800134d   Thumb Code   530  stm32l0xx_hal_rcc_ex.o(i.HAL_RCCEx_PeriphCLKConfig)
    HAL_RCC_ClockConfig                      0x0800156d   Thumb Code   482  stm32l0xx_hal_rcc.o(i.HAL_RCC_ClockConfig)
    HAL_RCC_GetHCLKFreq                      0x08001765   Thumb Code     6  stm32l0xx_hal_rcc.o(i.HAL_RCC_GetHCLKFreq)
    HAL_RCC_GetPCLK1Freq                     0x08001771   Thumb Code    26  stm32l0xx_hal_rcc.o(i.HAL_RCC_GetPCLK1Freq)
    HAL_RCC_GetPCLK2Freq                     0x08001795   Thumb Code    26  stm32l0xx_hal_rcc.o(i.HAL_RCC_GetPCLK2Freq)
    HAL_RCC_GetSysClockFreq                  0x080017b9   Thumb Code   214  stm32l0xx_hal_rcc.o(i.HAL_RCC_GetSysClockFreq)
    HAL_RCC_OscConfig                        0x080018a5   Thumb Code  1684  stm32l0xx_hal_rcc.o(i.HAL_RCC_OscConfig)
    HAL_RTCEx_AlarmBEventCallback            0x08001f45   Thumb Code     2  stm32l0xx_hal_rtc_ex.o(i.HAL_RTCEx_AlarmBEventCallback)
    HAL_RTCEx_EnableBypassShadow             0x08001f47   Thumb Code    88  stm32l0xx_hal_rtc_ex.o(i.HAL_RTCEx_EnableBypassShadow)
    HAL_RTC_AlarmAEventCallback              0x08001f9f   Thumb Code     2  stm32l0xx_hal_rtc.o(i.HAL_RTC_AlarmAEventCallback)
    HAL_RTC_AlarmIRQHandler                  0x08001fa1   Thumb Code   124  stm32l0xx_hal_rtc.o(i.HAL_RTC_AlarmIRQHandler)
    HAL_RTC_DeactivateAlarm                  0x08002029   Thumb Code   274  stm32l0xx_hal_rtc.o(i.HAL_RTC_DeactivateAlarm)
    HAL_RTC_GetAlarm                         0x0800213d   Thumb Code   236  stm32l0xx_hal_rtc.o(i.HAL_RTC_GetAlarm)
    HAL_RTC_GetDate                          0x0800222d   Thumb Code    88  stm32l0xx_hal_rtc.o(i.HAL_RTC_GetDate)
    HAL_RTC_GetTime                          0x08002289   Thumb Code   104  stm32l0xx_hal_rtc.o(i.HAL_RTC_GetTime)
    HAL_RTC_Init                             0x080022f5   Thumb Code   196  stm32l0xx_hal_rtc.o(i.HAL_RTC_Init)
    HAL_RTC_MspInit                          0x080023bd   Thumb Code     2  stm32l0xx_hal_rtc.o(i.HAL_RTC_MspInit)
    HAL_RTC_SetAlarm_IT                      0x080023c1   Thumb Code   590  stm32l0xx_hal_rtc.o(i.HAL_RTC_SetAlarm_IT)
    HAL_RTC_SetDate                          0x0800261d   Thumb Code   298  stm32l0xx_hal_rtc.o(i.HAL_RTC_SetDate)
    HAL_RTC_SetTime                          0x0800274d   Thumb Code   336  stm32l0xx_hal_rtc.o(i.HAL_RTC_SetTime)
    HAL_RTC_WaitForSynchro                   0x080028a1   Thumb Code    60  stm32l0xx_hal_rtc.o(i.HAL_RTC_WaitForSynchro)
    HAL_SPI_Init                             0x080028dd   Thumb Code   142  stm32l0xx_hal_spi.o(i.HAL_SPI_Init)
    HAL_SPI_MspInit                          0x0800296b   Thumb Code     2  stm32l0xx_hal_spi.o(i.HAL_SPI_MspInit)
    HAL_SYSTICK_CLKSourceConfig              0x0800296d   Thumb Code    32  stm32l0xx_hal_cortex.o(i.HAL_SYSTICK_CLKSourceConfig)
    HAL_SYSTICK_Callback                     0x08002991   Thumb Code     2  stm32l0xx_hal_cortex.o(i.HAL_SYSTICK_Callback)
    HAL_SYSTICK_Config                       0x08002995   Thumb Code    46  stm32l0xx_hal_cortex.o(i.HAL_SYSTICK_Config)
    HAL_SYSTICK_IRQHandler                   0x080029cd   Thumb Code     8  stm32l0xx_hal_cortex.o(i.HAL_SYSTICK_IRQHandler)
    HAL_UARTEx_WakeupCallback                0x080029d5   Thumb Code     2  stm32l0xx_hal_uart_ex.o(i.HAL_UARTEx_WakeupCallback)
    HAL_UART_ErrorCallback                   0x080029d9   Thumb Code    16  uart-board.o(i.HAL_UART_ErrorCallback)
    HAL_UART_IRQHandler                      0x080029ed   Thumb Code   354  stm32l0xx_hal_uart.o(i.HAL_UART_IRQHandler)
    HAL_UART_Init                            0x08002b4f   Thumb Code   124  stm32l0xx_hal_uart.o(i.HAL_UART_Init)
    HAL_UART_MspInit                         0x08002bcb   Thumb Code     2  stm32l0xx_hal_uart.o(i.HAL_UART_MspInit)
    HAL_UART_Receive_IT                      0x08002bcd   Thumb Code   214  stm32l0xx_hal_uart.o(i.HAL_UART_Receive_IT)
    HAL_UART_RxCpltCallback                  0x08002ca9   Thumb Code    78  uart-board.o(i.HAL_UART_RxCpltCallback)
    HAL_UART_Transmit_IT                     0x08002d0d   Thumb Code   110  stm32l0xx_hal_uart.o(i.HAL_UART_Transmit_IT)
    HAL_UART_TxCpltCallback                  0x08002d7d   Thumb Code    72  uart-board.o(i.HAL_UART_TxCpltCallback)
    I2cInit                                  0x08002dd9   Thumb Code    52  i2c.o(i.I2cInit)
    I2cMcuFormat                             0x08002e15   Thumb Code    82  i2c-board.o(i.I2cMcuFormat)
    I2cMcuInit                               0x08002e7d   Thumb Code   114  i2c-board.o(i.I2cMcuInit)
    IsFifoEmpty                              0x08002ef9   Thumb Code    18  fifo.o(i.IsFifoEmpty)
    IsFifoFull                               0x08002f0b   Thumb Code    26  fifo.o(i.IsFifoFull)
    NMI_Handler                              0x08002f25   Thumb Code     2  sysirqhandlers.o(i.NMI_Handler)
    RTC_Bcd2ToByte                           0x08002ff9   Thumb Code    26  stm32l0xx_hal_rtc.o(i.RTC_Bcd2ToByte)
    RTC_ByteToBcd2                           0x08003013   Thumb Code    26  stm32l0xx_hal_rtc.o(i.RTC_ByteToBcd2)
    RTC_EnterInitMode                        0x0800302d   Thumb Code    66  stm32l0xx_hal_rtc.o(i.RTC_EnterInitMode)
    RTC_IRQHandler                           0x08003071   Thumb Code    38  rtc-board.o(i.RTC_IRQHandler)
    RtcGetAdjustedTimeoutValue               0x080033e9   Thumb Code    62  rtc-board.o(i.RtcGetAdjustedTimeoutValue)
    RtcGetElapsedAlarmTime                   0x08003489   Thumb Code    46  rtc-board.o(i.RtcGetElapsedAlarmTime)
    RtcInit                                  0x080034bd   Thumb Code   146  rtc-board.o(i.RtcInit)
    RtcRecoverMcuStatus                      0x08003565   Thumb Code    68  rtc-board.o(i.RtcRecoverMcuStatus)
    RtcSetTimeout                            0x080035b5   Thumb Code    18  rtc-board.o(i.RtcSetTimeout)
    SX1276AntSwDeInit                        0x08003729   Thumb Code    40  sx1276-board.o(i.SX1276AntSwDeInit)
    SX1276AntSwInit                          0x08003759   Thumb Code    40  sx1276-board.o(i.SX1276AntSwInit)
    SX1276CheckRfFrequency                   0x08003789   Thumb Code     6  sx1276-board.o(i.SX1276CheckRfFrequency)
    SX1276GetPaSelect                        0x08003791   Thumb Code    16  sx1276-board.o(i.SX1276GetPaSelect)
    SX1276GetStatus                          0x080037a5   Thumb Code     6  sx1276.o(i.SX1276GetStatus)
    SX1276GetTimeOnAir                       0x080037b1   Thumb Code   628  sx1276.o(i.SX1276GetTimeOnAir)
    SX1276Init                               0x08003a4d   Thumb Code   112  sx1276.o(i.SX1276Init)
    SX1276IoInit                             0x08003add   Thumb Code   154  sx1276-board.o(i.SX1276IoInit)
    SX1276IoIrqInit                          0x08003b7d   Thumb Code    88  sx1276-board.o(i.SX1276IoIrqInit)
    SX1276IsChannelFree                      0x08003bd9   Thumb Code    58  sx1276.o(i.SX1276IsChannelFree)
    SX1276OnDio0Irq                          0x08003c15   Thumb Code   892  sx1276.o(i.SX1276OnDio0Irq)
    SX1276OnDio1Irq                          0x08003fad   Thumb Code   404  sx1276.o(i.SX1276OnDio1Irq)
    SX1276OnDio2Irq                          0x08004151   Thumb Code   342  sx1276.o(i.SX1276OnDio2Irq)
    SX1276OnDio3Irq                          0x080042b9   Thumb Code   114  sx1276.o(i.SX1276OnDio3Irq)
    SX1276OnDio4Irq                          0x08004335   Thumb Code    42  sx1276.o(i.SX1276OnDio4Irq)
    SX1276OnTimeoutIrq                       0x08004365   Thumb Code   178  sx1276.o(i.SX1276OnTimeoutIrq)
    SX1276Random                             0x08004425   Thumb Code    64  sx1276.o(i.SX1276Random)
    SX1276Read                               0x08004465   Thumb Code    20  sx1276.o(i.SX1276Read)
    SX1276ReadBuffer                         0x08004479   Thumb Code    62  sx1276.o(i.SX1276ReadBuffer)
    SX1276ReadFifo                           0x080044bd   Thumb Code    18  sx1276.o(i.SX1276ReadFifo)
    SX1276ReadRssi                           0x080044d1   Thumb Code    74  sx1276.o(i.SX1276ReadRssi)
    SX1276Reset                              0x08004525   Thumb Code    54  sx1276.o(i.SX1276Reset)
    SX1276Send                               0x08004561   Thumb Code   294  sx1276.o(i.SX1276Send)
    SX1276SetAntSw                           0x08004691   Thumb Code    68  sx1276-board.o(i.SX1276SetAntSw)
    SX1276SetAntSwLowPower                   0x080046dd   Thumb Code    32  sx1276-board.o(i.SX1276SetAntSwLowPower)
    SX1276SetChannel                         0x08004701   Thumb Code    64  sx1276.o(i.SX1276SetChannel)
    SX1276SetMaxPayloadLength                0x08004749   Thumb Code    54  sx1276.o(i.SX1276SetMaxPayloadLength)
    SX1276SetModem                           0x08004785   Thumb Code   124  sx1276.o(i.SX1276SetModem)
    SX1276SetOpMode                          0x08004805   Thumb Code    52  sx1276.o(i.SX1276SetOpMode)
    SX1276SetPublicNetwork                   0x08004839   Thumb Code    34  sx1276.o(i.SX1276SetPublicNetwork)
    SX1276SetRfTxPower                       0x0800485d   Thumb Code   198  sx1276-board.o(i.SX1276SetRfTxPower)
    SX1276SetRx                              0x08004929   Thumb Code   888  sx1276.o(i.SX1276SetRx)
    SX1276SetRxConfig                        0x08004cdd   Thumb Code   686  sx1276.o(i.SX1276SetRxConfig)
    SX1276SetSleep                           0x08004f99   Thumb Code    28  sx1276.o(i.SX1276SetSleep)
    SX1276SetStby                            0x08004fc1   Thumb Code    28  sx1276.o(i.SX1276SetStby)
    SX1276SetTx                              0x08004fe9   Thumb Code   196  sx1276.o(i.SX1276SetTx)
    SX1276SetTxConfig                        0x080050b5   Thumb Code   602  sx1276.o(i.SX1276SetTxConfig)
    SX1276SetTxContinuousWave                0x0800531d   Thumb Code   142  sx1276.o(i.SX1276SetTxContinuousWave)
    SX1276StartCad                           0x080053b9   Thumb Code    68  sx1276.o(i.SX1276StartCad)
    SX1276Write                              0x08005401   Thumb Code    16  sx1276.o(i.SX1276Write)
    SX1276WriteBuffer                        0x08005411   Thumb Code    62  sx1276.o(i.SX1276WriteBuffer)
    SX1276WriteFifo                          0x08005455   Thumb Code    18  sx1276.o(i.SX1276WriteFifo)
    SpiFormat                                0x08005467   Thumb Code    56  spi-board.o(i.SpiFormat)
    SpiFrequency                             0x080054a1   Thumb Code    90  spi-board.o(i.SpiFrequency)
    SpiGetFlag                               0x08005501   Thumb Code    22  spi-board.o(i.SpiGetFlag)
    SpiInOut                                 0x08005517   Thumb Code    76  spi-board.o(i.SpiInOut)
    SpiInit                                  0x08005565   Thumb Code   212  spi-board.o(i.SpiInit)
    SysTick_Handler                          0x08005645   Thumb Code    12  board.o(i.SysTick_Handler)
    SystemInit                               0x08005795   Thumb Code    88  system_stm32l0xx.o(i.SystemInit)
    TimerGetValue                            0x0800581d   Thumb Code     8  timer.o(i.TimerGetValue)
    TimerInit                                0x08005825   Thumb Code    14  timer.o(i.TimerInit)
    TimerIrqHandler                          0x080058d9   Thumb Code   144  timer.o(i.TimerIrqHandler)
    TimerSetValue                            0x0800598d   Thumb Code    18  timer.o(i.TimerSetValue)
    TimerStart                               0x080059a1   Thumb Code   138  timer.o(i.TimerStart)
    TimerStop                                0x08005a31   Thumb Code   238  timer.o(i.TimerStop)
    UART_AdvFeatureConfig                    0x08005b25   Thumb Code   240  stm32l0xx_hal_uart.o(i.UART_AdvFeatureConfig)
    UART_CheckIdleState                      0x08005c15   Thumb Code    96  stm32l0xx_hal_uart.o(i.UART_CheckIdleState)
    UART_SetConfig                           0x08005d41   Thumb Code  1220  stm32l0xx_hal_uart.o(i.UART_SetConfig)
    UART_WaitOnFlagUntilTimeout              0x08006283   Thumb Code   264  stm32l0xx_hal_uart.o(i.UART_WaitOnFlagUntilTimeout)
    USART1_IRQHandler                        0x0800638d   Thumb Code    10  uart-board.o(i.USART1_IRQHandler)
    USART2_IRQHandler                        0x0800639d   Thumb Code    10  uart-board.o(i.USART2_IRQHandler)
    UartConfig                               0x080063ad   Thumb Code    50  uart.o(i.UartConfig)
    UartInit                                 0x080063df   Thumb Code    38  uart.o(i.UartInit)
    UartMcuConfig                            0x08006405   Thumb Code   282  uart-board.o(i.UartMcuConfig)
    UartMcuInit                              0x08006535   Thumb Code   216  uart-board.o(i.UartMcuInit)
    UartMcuPutChar                           0x08006619   Thumb Code    90  uart-board.o(i.UartMcuPutChar)
    UartPutChar                              0x08006681   Thumb Code    24  uart.o(i.UartPutChar)
    __0printf$1                              0x08006699   Thumb Code    24  printf1.o(i.__0printf$1)
    __1printf$1                              0x08006699   Thumb Code     0  printf1.o(i.__0printf$1)
    __2printf                                0x08006699   Thumb Code     0  printf1.o(i.__0printf$1)
    __ARM_clz                                0x080066b9   Thumb Code    46  depilogue.o(i.__ARM_clz)
    __ARM_common_switch8                     0x080066e7   Thumb Code    28  gpio-board.o(i.__ARM_common_switch8)
    __scatterload_copy                       0x08006703   Thumb Code    14  handlers.o(i.__scatterload_copy)
    __scatterload_null                       0x08006711   Thumb Code     2  handlers.o(i.__scatterload_null)
    __scatterload_zeroinit                   0x08006713   Thumb Code    14  handlers.o(i.__scatterload_zeroinit)
    ceil                                     0x08006871   Thumb Code   180  ceil.o(i.ceil)
    floor                                    0x08006939   Thumb Code   180  floor.o(i.floor)
    fputc                                    0x08006a01   Thumb Code    16  printf.o(i.fputc)
    main                                     0x08006a15   Thumb Code   250  main.o(i.main)
    memcpy1                                  0x08006b85   Thumb Code    24  utilities.o(i.memcpy1)
    printf_init                              0x08006b9d   Thumb Code    66  printf.o(i.printf_init)
    round                                    0x08006bed   Thumb Code   142  round.o(i.round)
    srand1                                   0x08006c89   Thumb Code     6  utilities.o(i.srand1)
    Radio                                    0x08006cac   Data          92  sx1276-board.o(.constdata)
    RadioRegsInit                            0x08006d08   Data          48  sx1276.o(.constdata)
    FskBandwidths                            0x08006d38   Data         176  sx1276.o(.constdata)
    AHBPrescTable                            0x08006de8   Data          16  system_stm32l0xx.o(.constdata)
    APBPrescTable                            0x08006df8   Data           8  system_stm32l0xx.o(.constdata)
    PLLMulTable                              0x08006e00   Data           9  system_stm32l0xx.o(.constdata)
    Region$$Table$$Base                      0x08006e0c   Number         0  anon$$obj.o(Region$$Table)
    Region$$Table$$Limit                     0x08006e2c   Number         0  anon$$obj.o(Region$$Table)
    Led3Status                               0x20000005   Data           1  board.o(.data)
    NonScheduledWakeUp                       0x20000008   Data           1  rtc-board.o(.data)
    McuWakeUpTime                            0x20000010   Data           4  rtc-board.o(.data)
    Uart1init                                0x20000015   Data           1  uart-board.o(.data)
    Uart2init                                0x20000016   Data           1  uart-board.o(.data)
    RxData                                   0x20000017   Data           1  uart-board.o(.data)
    TxData                                   0x20000018   Data           1  uart-board.o(.data)
    uwTick                                   0x2000001c   Data           4  stm32l0xx_hal.o(.data)
    DioIrq                                   0x20000028   Data          24  sx1276.o(.data)
    __stdout                                 0x20000044   Data           4  printf.o(.data)
    __stdin                                  0x20000048   Data           4  printf.o(.data)
    HasLoopedThroughMain                     0x2000004c   Data           1  timer.o(.data)
    SystemCoreClock                          0x20000054   Data           4  system_stm32l0xx.o(.data)
    Led1                                     0x20000084   Data          12  board.o(.bss)
    Led2                                     0x20000090   Data          12  board.o(.bss)
    Led3                                     0x2000009c   Data          12  board.o(.bss)
    GpsPowerEn                               0x200000a8   Data          12  board.o(.bss)
    Adc                                      0x200000b4   Data          12  board.o(.bss)
    I2c                                      0x200000c0   Data          84  board.o(.bss)
    RtcCalendarContext                       0x20000154   Data          24  rtc-board.o(.bss)
    RtcHandle                                0x2000016c   Data          36  rtc-board.o(.bss)
    AntSwitchLf                              0x20000190   Data          12  sx1276-board.o(.bss)
    AntSwitchHf                              0x2000019c   Data          12  sx1276-board.o(.bss)
    Uart1Handle                              0x200001a8   Data         112  uart-board.o(.bss)
    Uart2Handle                              0x20000218   Data         112  uart-board.o(.bss)
    Uart1                                    0x20000288   Data          56  uart-board.o(.bss)
    Uart2                                    0x200002c0   Data          56  uart-board.o(.bss)
    SX1276                                   0x200003f8   Data         312  sx1276.o(.bss)
    TxTimeoutTimer                           0x20000530   Data          20  sx1276.o(.bss)
    RxTimeoutTimer                           0x20000544   Data          20  sx1276.o(.bss)
    RxTimeoutSyncWord                        0x20000558   Data          20  sx1276.o(.bss)
    printf_TxBuffer                          0x2000056c   Data         256  printf.o(.bss)
    printf_RxBuffer                          0x2000066c   Data         256  printf.o(.bss)
    __initial_sp                             0x20000b70   Data           0  startup_stm32l052xx.o(STACK)



==============================================================================

Memory Map of the image

  Image Entry point : 0x080000c1

  Load Region LR_IROM1 (Base: 0x08000000, Size: 0x00006e84, Max: 0x00010000, ABSOLUTE)

    Execution Region ER_IROM1 (Base: 0x08000000, Size: 0x00006e2c, Max: 0x00010000, ABSOLUTE)

    Base Addr    Size         Type   Attr      Idx    E Section Name        Object

    0x08000000   0x000000c0   Data   RO         7657    RESET               startup_stm32l052xx.o
    0x080000c0   0x00000000   Code   RO         7705  * .ARM.Collect$$$$00000000  mc_p.l(entry.o)
    0x080000c0   0x00000004   Code   RO         8007    .ARM.Collect$$$$00000001  mc_p.l(entry2.o)
    0x080000c4   0x00000004   Code   RO         8010    .ARM.Collect$$$$00000004  mc_p.l(entry5.o)
    0x080000c8   0x00000000   Code   RO         8012    .ARM.Collect$$$$00000008  mc_p.l(entry7b.o)
    0x080000c8   0x00000000   Code   RO         8014    .ARM.Collect$$$$0000000A  mc_p.l(entry8b.o)
    0x080000c8   0x00000008   Code   RO         8015    .ARM.Collect$$$$0000000B  mc_p.l(entry9a.o)
    0x080000d0   0x00000000   Code   RO         8017    .ARM.Collect$$$$0000000D  mc_p.l(entry10a.o)
    0x080000d0   0x00000000   Code   RO         8019    .ARM.Collect$$$$0000000F  mc_p.l(entry11a.o)
    0x080000d0   0x00000004   Code   RO         8008    .ARM.Collect$$$$00002712  mc_p.l(entry2.o)
    0x080000d4   0x0000001c   Code   RO         7658    .text               startup_stm32l052xx.o
    0x080000f0   0x0000002c   Code   RO         7708    .text               mc_p.l(uidiv.o)
    0x0800011c   0x00000028   Code   RO         7710    .text               mc_p.l(idiv.o)
    0x08000144   0x00000060   Code   RO         7712    .text               mc_p.l(uldiv.o)
    0x080001a4   0x00000024   Code   RO         7714    .text               mc_p.l(memcpya.o)
    0x080001c8   0x00000024   Code   RO         7716    .text               mc_p.l(memseta.o)
    0x080001ec   0x0000007a   Code   RO         7981    .text               mf_p.l(fmul.o)
    0x08000266   0x00000002   PAD
    0x08000268   0x00000164   Code   RO         7985    .text               mf_p.l(dadd.o)
    0x080003cc   0x000000d0   Code   RO         7987    .text               mf_p.l(dmul.o)
    0x0800049c   0x000000f0   Code   RO         7989    .text               mf_p.l(ddiv.o)
    0x0800058c   0x00000028   Code   RO         7993    .text               mf_p.l(dflti.o)
    0x080005b4   0x0000001c   Code   RO         7995    .text               mf_p.l(dfltui.o)
    0x080005d0   0x0000001c   Code   RO         7997    .text               mf_p.l(dfltul.o)
    0x080005ec   0x00000028   Code   RO         7999    .text               mf_p.l(ffixui.o)
    0x08000614   0x00000048   Code   RO         8001    .text               mf_p.l(dfixi.o)
    0x0800065c   0x0000003c   Code   RO         8003    .text               mf_p.l(dfixui.o)
    0x08000698   0x00000028   Code   RO         8005    .text               mf_p.l(cdrcmple.o)
    0x080006c0   0x00000020   Code   RO         8021    .text               mc_p.l(llshl.o)
    0x080006e0   0x00000022   Code   RO         8023    .text               mc_p.l(llushr.o)
    0x08000702   0x00000026   Code   RO         8025    .text               mc_p.l(llsshr.o)
    0x08000728   0x00000000   Code   RO         8027    .text               mc_p.l(iusefp.o)
    0x08000728   0x000000be   Code   RO         8030    .text               mf_p.l(depilogue.o)
    0x080007e6   0x00000002   PAD
    0x080007e8   0x0000007c   Code   RO         8035    .text               mf_p.l(drnd.o)
    0x08000864   0x00000028   Code   RO         8039    .text               mf_p.l(cdcmple.o)
    0x0800088c   0x00000024   Code   RO         8041    .text               mc_p.l(init.o)
    0x080008b0   0x00000018   Code   RO          608    i.BlockLowPowerDuringTask  rtc-board.o
    0x080008c8   0x00000014   Code   RO          363    i.BoardDisableIrq   board.o
    0x080008dc   0x0000001c   Code   RO          364    i.BoardEnableIrq    board.o
    0x080008f8   0x00000054   Code   RO          369    i.BoardInitMcu      board.o
    0x0800094c   0x00000030   Code   RO          370    i.BoardInitPeriph   board.o
    0x0800097c   0x0000009a   Code   RO          371    i.BoardUnusedIoInit  board.o
    0x08000a16   0x00000002   PAD
    0x08000a18   0x00000020   Code   RO         7144    i.Delay             delay.o
    0x08000a38   0x0000000c   Code   RO         7145    i.DelayMs           delay.o
    0x08000a44   0x00000014   Code   RO          465    i.EXTI0_1_IRQHandler  gpio-board.o
    0x08000a58   0x00000014   Code   RO          466    i.EXTI2_3_IRQHandler  gpio-board.o
    0x08000a6c   0x00000060   Code   RO          467    i.EXTI4_15_IRQHandler  gpio-board.o
    0x08000acc   0x0000000c   Code   RO         7169    i.FifoInit          fifo.o
    0x08000ad8   0x00000012   Code   RO         7170    i.FifoNext          fifo.o
    0x08000aea   0x0000001e   Code   RO         7171    i.FifoPop           fifo.o
    0x08000b08   0x00000018   Code   RO         7172    i.FifoPush          fifo.o
    0x08000b20   0x00000004   Code   RO          372    i.GetBoardPowerSource  board.o
    0x08000b24   0x00000034   Code   RO         6874    i.GetFskBandwidthRegValue  sx1276.o
    0x08000b58   0x00000028   Code   RO         7217    i.GpioInit          gpio.o
    0x08000b80   0x00000144   Code   RO          468    i.GpioMcuInit       gpio-board.o
    0x08000cc4   0x00000020   Code   RO          469    i.GpioMcuRead       gpio-board.o
    0x08000ce4   0x00000144   Code   RO          471    i.GpioMcuSetInterrupt  gpio-board.o
    0x08000e28   0x0000002c   Code   RO          473    i.GpioMcuWrite      gpio-board.o
    0x08000e54   0x0000001a   Code   RO         7218    i.GpioRead          gpio.o
    0x08000e6e   0x00000022   Code   RO         7220    i.GpioSetInterrupt  gpio.o
    0x08000e90   0x0000001a   Code   RO         7222    i.GpioWrite         gpio.o
    0x08000eaa   0x00000002   PAD
    0x08000eac   0x00000014   Code   RO          961    i.HAL_DBGMCU_EnableDBGSleepMode  stm32l0xx_hal.o
    0x08000ec0   0x00000014   Code   RO          962    i.HAL_DBGMCU_EnableDBGStandbyMode  stm32l0xx_hal.o
    0x08000ed4   0x00000014   Code   RO          963    i.HAL_DBGMCU_EnableDBGStopMode  stm32l0xx_hal.o
    0x08000ee8   0x0000001a   Code   RO          965    i.HAL_Delay         stm32l0xx_hal.o
    0x08000f02   0x00000002   PAD
    0x08000f04   0x00000030   Code   RO          474    i.HAL_GPIO_EXTI_Callback  gpio-board.o
    0x08000f34   0x00000020   Code   RO         2407    i.HAL_GPIO_EXTI_IRQHandler  stm32l0xx_hal_gpio.o
    0x08000f54   0x000001ec   Code   RO         2408    i.HAL_GPIO_Init     stm32l0xx_hal_gpio.o
    0x08001140   0x00000012   Code   RO         2410    i.HAL_GPIO_ReadPin  stm32l0xx_hal_gpio.o
    0x08001152   0x0000000c   Code   RO         2412    i.HAL_GPIO_WritePin  stm32l0xx_hal_gpio.o
    0x0800115e   0x00000002   PAD
    0x08001160   0x0000000c   Code   RO          969    i.HAL_GetTick       stm32l0xx_hal.o
    0x0800116c   0x0000008e   Code   RO         2780    i.HAL_I2CEx_ConfigAnalogFilter  stm32l0xx_hal_i2c_ex.o
    0x080011fa   0x00000002   PAD
    0x080011fc   0x000000c4   Code   RO         2473    i.HAL_I2C_Init      stm32l0xx_hal_i2c.o
    0x080012c0   0x00000002   Code   RO         2492    i.HAL_I2C_MspInit   stm32l0xx_hal_i2c.o
    0x080012c2   0x00000002   PAD
    0x080012c4   0x00000010   Code   RO          970    i.HAL_IncTick       stm32l0xx_hal.o
    0x080012d4   0x00000020   Code   RO          971    i.HAL_Init          stm32l0xx_hal.o
    0x080012f4   0x00000028   Code   RO          972    i.HAL_InitTick      stm32l0xx_hal.o
    0x0800131c   0x00000002   Code   RO         3518    i.HAL_MspInit       stm32l0xx_hal_msp_template.o
    0x0800131e   0x00000002   PAD
    0x08001320   0x00000018   Code   RO         1579    i.HAL_NVIC_EnableIRQ  stm32l0xx_hal_cortex.o
    0x08001338   0x00000012   Code   RO         1583    i.HAL_NVIC_SetPriority  stm32l0xx_hal_cortex.o
    0x0800134a   0x00000002   PAD
    0x0800134c   0x00000220   Code   RO         4069    i.HAL_RCCEx_PeriphCLKConfig  stm32l0xx_hal_rcc_ex.o
    0x0800156c   0x000001f8   Code   RO         3965    i.HAL_RCC_ClockConfig  stm32l0xx_hal_rcc.o
    0x08001764   0x0000000c   Code   RO         3969    i.HAL_RCC_GetHCLKFreq  stm32l0xx_hal_rcc.o
    0x08001770   0x00000024   Code   RO         3971    i.HAL_RCC_GetPCLK1Freq  stm32l0xx_hal_rcc.o
    0x08001794   0x00000024   Code   RO         3972    i.HAL_RCC_GetPCLK2Freq  stm32l0xx_hal_rcc.o
    0x080017b8   0x000000ec   Code   RO         3973    i.HAL_RCC_GetSysClockFreq  stm32l0xx_hal_rcc.o
    0x080018a4   0x000006a0   Code   RO         3976    i.HAL_RCC_OscConfig  stm32l0xx_hal_rcc.o
    0x08001f44   0x00000002   Code   RO         4380    i.HAL_RTCEx_AlarmBEventCallback  stm32l0xx_hal_rtc_ex.o
    0x08001f46   0x00000058   Code   RO         4389    i.HAL_RTCEx_EnableBypassShadow  stm32l0xx_hal_rtc_ex.o
    0x08001f9e   0x00000002   Code   RO         4246    i.HAL_RTC_AlarmAEventCallback  stm32l0xx_hal_rtc.o
    0x08001fa0   0x00000088   Code   RO         4247    i.HAL_RTC_AlarmIRQHandler  stm32l0xx_hal_rtc.o
    0x08002028   0x00000112   Code   RO         4249    i.HAL_RTC_DeactivateAlarm  stm32l0xx_hal_rtc.o
    0x0800213a   0x00000002   PAD
    0x0800213c   0x000000f0   Code   RO         4250    i.HAL_RTC_GetAlarm  stm32l0xx_hal_rtc.o
    0x0800222c   0x0000005c   Code   RO         4251    i.HAL_RTC_GetDate   stm32l0xx_hal_rtc.o
    0x08002288   0x0000006c   Code   RO         4253    i.HAL_RTC_GetTime   stm32l0xx_hal_rtc.o
    0x080022f4   0x000000c8   Code   RO         4254    i.HAL_RTC_Init      stm32l0xx_hal_rtc.o
    0x080023bc   0x00000002   Code   RO         4256    i.HAL_RTC_MspInit   stm32l0xx_hal_rtc.o
    0x080023be   0x00000002   PAD
    0x080023c0   0x0000025c   Code   RO         4259    i.HAL_RTC_SetAlarm_IT  stm32l0xx_hal_rtc.o
    0x0800261c   0x00000130   Code   RO         4260    i.HAL_RTC_SetDate   stm32l0xx_hal_rtc.o
    0x0800274c   0x00000154   Code   RO         4261    i.HAL_RTC_SetTime   stm32l0xx_hal_rtc.o
    0x080028a0   0x0000003c   Code   RO         4262    i.HAL_RTC_WaitForSynchro  stm32l0xx_hal_rtc.o
    0x080028dc   0x0000008e   Code   RO         4987    i.HAL_SPI_Init      stm32l0xx_hal_spi.o
    0x0800296a   0x00000002   Code   RO         4989    i.HAL_SPI_MspInit   stm32l0xx_hal_spi.o
    0x0800296c   0x00000024   Code   RO         1585    i.HAL_SYSTICK_CLKSourceConfig  stm32l0xx_hal_cortex.o
    0x08002990   0x00000002   Code   RO         1586    i.HAL_SYSTICK_Callback  stm32l0xx_hal_cortex.o
    0x08002992   0x00000002   PAD
    0x08002994   0x00000038   Code   RO         1587    i.HAL_SYSTICK_Config  stm32l0xx_hal_cortex.o
    0x080029cc   0x00000008   Code   RO         1588    i.HAL_SYSTICK_IRQHandler  stm32l0xx_hal_cortex.o
    0x080029d4   0x00000002   Code   RO         6259    i.HAL_UARTEx_WakeupCallback  stm32l0xx_hal_uart_ex.o
    0x080029d6   0x00000002   PAD
    0x080029d8   0x00000014   Code   RO          875    i.HAL_UART_ErrorCallback  uart-board.o
    0x080029ec   0x00000162   Code   RO         6010    i.HAL_UART_IRQHandler  stm32l0xx_hal_uart.o
    0x08002b4e   0x0000007c   Code   RO         6011    i.HAL_UART_Init     stm32l0xx_hal_uart.o
    0x08002bca   0x00000002   Code   RO         6013    i.HAL_UART_MspInit  stm32l0xx_hal_uart.o
    0x08002bcc   0x000000dc   Code   RO         6016    i.HAL_UART_Receive_IT  stm32l0xx_hal_uart.o
    0x08002ca8   0x00000064   Code   RO          876    i.HAL_UART_RxCpltCallback  uart-board.o
    0x08002d0c   0x0000006e   Code   RO         6021    i.HAL_UART_Transmit_IT  stm32l0xx_hal_uart.o
    0x08002d7a   0x00000002   PAD
    0x08002d7c   0x0000005c   Code   RO          877    i.HAL_UART_TxCpltCallback  uart-board.o
    0x08002dd8   0x0000003c   Code   RO         7268    i.I2cInit           i2c.o
    0x08002e14   0x00000068   Code   RO          547    i.I2cMcuFormat      i2c-board.o
    0x08002e7c   0x0000007c   Code   RO          548    i.I2cMcuInit        i2c-board.o
    0x08002ef8   0x00000012   Code   RO         7173    i.IsFifoEmpty       fifo.o
    0x08002f0a   0x0000001a   Code   RO         7174    i.IsFifoFull        fifo.o
    0x08002f24   0x00000002   Code   RO         6775    i.NMI_Handler       sysirqhandlers.o
    0x08002f26   0x00000002   PAD
    0x08002f28   0x00000078   Code   RO         1589    i.NVIC_SetPriority  stm32l0xx_hal_cortex.o
    0x08002fa0   0x00000018   Code   RO            3    i.OnRadioRxDone     main.o
    0x08002fb8   0x00000010   Code   RO            4    i.OnRadioRxError    main.o
    0x08002fc8   0x00000010   Code   RO            5    i.OnRadioRxTimeout  main.o
    0x08002fd8   0x00000010   Code   RO            6    i.OnRadioTxDone     main.o
    0x08002fe8   0x00000010   Code   RO            7    i.OnRadioTxTimeout  main.o
    0x08002ff8   0x0000001a   Code   RO         4263    i.RTC_Bcd2ToByte    stm32l0xx_hal_rtc.o
    0x08003012   0x0000001a   Code   RO         4264    i.RTC_ByteToBcd2    stm32l0xx_hal_rtc.o
    0x0800302c   0x00000042   Code   RO         4265    i.RTC_EnterInitMode  stm32l0xx_hal_rtc.o
    0x0800306e   0x00000002   PAD
    0x08003070   0x0000002c   Code   RO          609    i.RTC_IRQHandler    rtc-board.o
    0x0800309c   0x00000178   Code   RO          612    i.RtcComputeTimerTimeToAlarmTick  rtc-board.o
    0x08003214   0x0000005c   Code   RO          613    i.RtcComputeWakeUpTime  rtc-board.o
    0x08003270   0x000000f8   Code   RO          614    i.RtcConvertCalendarTickToTimerTime  rtc-board.o
    0x08003368   0x00000040   Code   RO          615    i.RtcConvertMsToTick  rtc-board.o
    0x080033a8   0x00000040   Code   RO          616    i.RtcConvertTickToMs  rtc-board.o
    0x080033e8   0x0000004c   Code   RO          619    i.RtcGetAdjustedTimeoutValue  rtc-board.o
    0x08003434   0x00000054   Code   RO          620    i.RtcGetCalendar    rtc-board.o
    0x08003488   0x00000034   Code   RO          621    i.RtcGetElapsedAlarmTime  rtc-board.o
    0x080034bc   0x000000a8   Code   RO          623    i.RtcInit           rtc-board.o
    0x08003564   0x00000050   Code   RO          624    i.RtcRecoverMcuStatus  rtc-board.o
    0x080035b4   0x00000012   Code   RO          625    i.RtcSetTimeout     rtc-board.o
    0x080035c6   0x00000002   PAD
    0x080035c8   0x000000a8   Code   RO          626    i.RtcStartWakeUpAlarm  rtc-board.o
    0x08003670   0x000000b8   Code   RO         6875    i.RxChainCalibration  sx1276.o
    0x08003728   0x00000030   Code   RO          786    i.SX1276AntSwDeInit  sx1276-board.o
    0x08003758   0x00000030   Code   RO          787    i.SX1276AntSwInit   sx1276-board.o
    0x08003788   0x00000006   Code   RO          788    i.SX1276CheckRfFrequency  sx1276-board.o
    0x0800378e   0x00000002   PAD
    0x08003790   0x00000014   Code   RO          789    i.SX1276GetPaSelect  sx1276-board.o
    0x080037a4   0x0000000c   Code   RO         6876    i.SX1276GetStatus   sx1276.o
    0x080037b0   0x0000029c   Code   RO         6877    i.SX1276GetTimeOnAir  sx1276.o
    0x08003a4c   0x00000090   Code   RO         6878    i.SX1276Init        sx1276.o
    0x08003adc   0x000000a0   Code   RO          791    i.SX1276IoInit      sx1276-board.o
    0x08003b7c   0x0000005c   Code   RO          792    i.SX1276IoIrqInit   sx1276-board.o
    0x08003bd8   0x0000003a   Code   RO         6879    i.SX1276IsChannelFree  sx1276.o
    0x08003c12   0x00000002   PAD
    0x08003c14   0x00000398   Code   RO         6880    i.SX1276OnDio0Irq   sx1276.o
    0x08003fac   0x000001a4   Code   RO         6881    i.SX1276OnDio1Irq   sx1276.o
    0x08004150   0x00000168   Code   RO         6882    i.SX1276OnDio2Irq   sx1276.o
    0x080042b8   0x0000007c   Code   RO         6883    i.SX1276OnDio3Irq   sx1276.o
    0x08004334   0x00000030   Code   RO         6884    i.SX1276OnDio4Irq   sx1276.o
    0x08004364   0x000000c0   Code   RO         6886    i.SX1276OnTimeoutIrq  sx1276.o
    0x08004424   0x00000040   Code   RO         6887    i.SX1276Random      sx1276.o
    0x08004464   0x00000014   Code   RO         6888    i.SX1276Read        sx1276.o
    0x08004478   0x00000044   Code   RO         6889    i.SX1276ReadBuffer  sx1276.o
    0x080044bc   0x00000012   Code   RO         6890    i.SX1276ReadFifo    sx1276.o
    0x080044ce   0x00000002   PAD
    0x080044d0   0x00000054   Code   RO         6891    i.SX1276ReadRssi    sx1276.o
    0x08004524   0x0000003c   Code   RO         6892    i.SX1276Reset       sx1276.o
    0x08004560   0x00000130   Code   RO         6893    i.SX1276Send        sx1276.o
    0x08004690   0x0000004c   Code   RO          793    i.SX1276SetAntSw    sx1276-board.o
    0x080046dc   0x00000024   Code   RO          794    i.SX1276SetAntSwLowPower  sx1276-board.o
    0x08004700   0x00000048   Code   RO         6894    i.SX1276SetChannel  sx1276.o
    0x08004748   0x0000003c   Code   RO         6895    i.SX1276SetMaxPayloadLength  sx1276.o
    0x08004784   0x00000080   Code   RO         6896    i.SX1276SetModem    sx1276.o
    0x08004804   0x00000034   Code   RO         6897    i.SX1276SetOpMode   sx1276.o
    0x08004838   0x00000022   Code   RO         6898    i.SX1276SetPublicNetwork  sx1276.o
    0x0800485a   0x00000002   PAD
    0x0800485c   0x000000cc   Code   RO          795    i.SX1276SetRfTxPower  sx1276-board.o
    0x08004928   0x000003b4   Code   RO         6899    i.SX1276SetRx       sx1276.o
    0x08004cdc   0x000002bc   Code   RO         6900    i.SX1276SetRxConfig  sx1276.o
    0x08004f98   0x00000028   Code   RO         6901    i.SX1276SetSleep    sx1276.o
    0x08004fc0   0x00000028   Code   RO         6902    i.SX1276SetStby     sx1276.o
    0x08004fe8   0x000000cc   Code   RO         6903    i.SX1276SetTx       sx1276.o
    0x080050b4   0x00000268   Code   RO         6904    i.SX1276SetTxConfig  sx1276.o
    0x0800531c   0x0000009c   Code   RO         6905    i.SX1276SetTxContinuousWave  sx1276.o
    0x080053b8   0x00000048   Code   RO         6906    i.SX1276StartCad    sx1276.o
    0x08005400   0x00000010   Code   RO         6907    i.SX1276Write       sx1276.o
    0x08005410   0x00000044   Code   RO         6908    i.SX1276WriteBuffer  sx1276.o
    0x08005454   0x00000012   Code   RO         6909    i.SX1276WriteFifo   sx1276.o
    0x08005466   0x00000038   Code   RO          735    i.SpiFormat         spi-board.o
    0x0800549e   0x00000002   PAD
    0x080054a0   0x00000060   Code   RO          736    i.SpiFrequency      spi-board.o
    0x08005500   0x00000016   Code   RO          737    i.SpiGetFlag        spi-board.o
    0x08005516   0x0000004c   Code   RO          738    i.SpiInOut          spi-board.o
    0x08005562   0x00000002   PAD
    0x08005564   0x000000e0   Code   RO          739    i.SpiInit           spi-board.o
    0x08005644   0x0000000c   Code   RO          373    i.SysTick_Handler   board.o
    0x08005650   0x000000b8   Code   RO          374    i.SystemClockConfig  board.o
    0x08005708   0x0000008c   Code   RO          375    i.SystemClockReConfig  board.o
    0x08005794   0x00000068   Code   RO         7665    i.SystemInit        system_stm32l0xx.o
    0x080057fc   0x00000020   Code   RO         7401    i.TimerExists       timer.o
    0x0800581c   0x00000008   Code   RO         7405    i.TimerGetValue     timer.o
    0x08005824   0x0000000e   Code   RO         7406    i.TimerInit         timer.o
    0x08005832   0x00000002   PAD
    0x08005834   0x00000030   Code   RO         7407    i.TimerInsertNewHeadTimer  timer.o
    0x08005864   0x00000074   Code   RO         7408    i.TimerInsertTimer  timer.o
    0x080058d8   0x00000094   Code   RO         7409    i.TimerIrqHandler   timer.o
    0x0800596c   0x00000020   Code   RO         7412    i.TimerSetTimeout   timer.o
    0x0800598c   0x00000012   Code   RO         7413    i.TimerSetValue     timer.o
    0x0800599e   0x00000002   PAD
    0x080059a0   0x00000090   Code   RO         7414    i.TimerStart        timer.o
    0x08005a30   0x000000f4   Code   RO         7415    i.TimerStop         timer.o
    0x08005b24   0x000000f0   Code   RO         6024    i.UART_AdvFeatureConfig  stm32l0xx_hal_uart.o
    0x08005c14   0x00000064   Code   RO         6025    i.UART_CheckIdleState  stm32l0xx_hal_uart.o
    0x08005c78   0x00000020   Code   RO         6031    i.UART_EndTransmit_IT  stm32l0xx_hal_uart.o
    0x08005c98   0x000000a8   Code   RO         6032    i.UART_Receive_IT   stm32l0xx_hal_uart.o
    0x08005d40   0x000004d0   Code   RO         6033    i.UART_SetConfig    stm32l0xx_hal_uart.o
    0x08006210   0x00000072   Code   RO         6034    i.UART_Transmit_IT  stm32l0xx_hal_uart.o
    0x08006282   0x00000108   Code   RO         6035    i.UART_WaitOnFlagUntilTimeout  stm32l0xx_hal_uart.o
    0x0800638a   0x00000002   PAD
    0x0800638c   0x00000010   Code   RO          878    i.USART1_IRQHandler  uart-board.o
    0x0800639c   0x00000010   Code   RO          879    i.USART2_IRQHandler  uart-board.o
    0x080063ac   0x00000032   Code   RO         7504    i.UartConfig        uart.o
    0x080063de   0x00000026   Code   RO         7508    i.UartInit          uart.o
    0x08006404   0x00000130   Code   RO          880    i.UartMcuConfig     uart-board.o
    0x08006534   0x000000e4   Code   RO          883    i.UartMcuInit       uart-board.o
    0x08006618   0x00000068   Code   RO          884    i.UartMcuPutChar    uart-board.o
    0x08006680   0x00000018   Code   RO         7510    i.UartPutChar       uart.o
    0x08006698   0x00000020   Code   RO         7765    i.__0printf$1       mc_p.l(printf1.o)
    0x080066b8   0x0000002e   Code   RO         8033    i.__ARM_clz         mf_p.l(depilogue.o)
    0x080066e6   0x0000001c   Code   RO          536    i.__ARM_common_switch8  gpio-board.o
    0x08006702   0x0000000e   Code   RO         8044    i.__scatterload_copy  mc_p.l(handlers.o)
    0x08006710   0x00000002   Code   RO         8045    i.__scatterload_null  mc_p.l(handlers.o)
    0x08006712   0x0000000e   Code   RO         8046    i.__scatterload_zeroinit  mc_p.l(handlers.o)
    0x08006720   0x00000150   Code   RO         7772    i._printf_core      mc_p.l(printf1.o)
    0x08006870   0x000000c8   Code   RO         7696    i.ceil              m_ps.l(ceil.o)
    0x08006938   0x000000c8   Code   RO         7700    i.floor             m_ps.l(floor.o)
    0x08006a00   0x00000014   Code   RO         7330    i.fputc             printf.o
    0x08006a14   0x00000170   Code   RO            8    i.main              main.o
    0x08006b84   0x00000018   Code   RO         6817    i.memcpy1           utilities.o
    0x08006b9c   0x00000050   Code   RO         7331    i.printf_init       printf.o
    0x08006bec   0x0000009c   Code   RO         7703    i.round             m_ps.l(round.o)
    0x08006c88   0x0000000c   Code   RO         6822    i.srand1            utilities.o
    0x08006c94   0x00000018   Data   RO          628    .constdata          rtc-board.o
    0x08006cac   0x0000005c   Data   RO          797    .constdata          sx1276-board.o
    0x08006d08   0x000000e0   Data   RO         6911    .constdata          sx1276.o
    0x08006de8   0x00000021   Data   RO         7666    .constdata          system_stm32l0xx.o
    0x08006e09   0x00000003   PAD
    0x08006e0c   0x00000020   Data   RO         8043    Region$$Table       anon$$obj.o


    Execution Region RW_IRAM1 (Base: 0x20000000, Size: 0x00000b70, Max: 0x00002000, ABSOLUTE)

    Base Addr    Size         Type   Attr      Idx    E Section Name        Object

    0x20000000   0x00000004   Data   RW           10    .data               main.o
    0x20000004   0x00000003   Data   RW          377    .data               board.o
    0x20000007   0x00000001   PAD
    0x20000008   0x0000000c   Data   RW          629    .data               rtc-board.o
    0x20000014   0x00000001   Data   RW          798    .data               sx1276-board.o
    0x20000015   0x00000004   Data   RW          886    .data               uart-board.o
    0x20000019   0x00000003   PAD
    0x2000001c   0x00000004   Data   RW          981    .data               stm32l0xx_hal.o
    0x20000020   0x00000004   Data   RW         6823    .data               utilities.o
    0x20000024   0x0000001c   Data   RW         6912    .data               sx1276.o
    0x20000040   0x00000001   Data   RW         7274    .data               i2c.o
    0x20000041   0x00000003   PAD
    0x20000044   0x00000008   Data   RW         7333    .data               printf.o
    0x2000004c   0x00000008   Data   RW         7416    .data               timer.o
    0x20000054   0x00000004   Data   RW         7667    .data               system_stm32l0xx.o
    0x20000058   0x0000002c   Zero   RW            9    .bss                main.o
    0x20000084   0x00000090   Zero   RW          376    .bss                board.o
    0x20000114   0x00000040   Zero   RW          475    .bss                gpio-board.o
    0x20000154   0x0000003c   Zero   RW          627    .bss                rtc-board.o
    0x20000190   0x00000018   Zero   RW          796    .bss                sx1276-board.o
    0x200001a8   0x00000150   Zero   RW          885    .bss                uart-board.o
    0x200002f8   0x00000274   Zero   RW         6910    .bss                sx1276.o
    0x2000056c   0x00000200   Zero   RW         7332    .bss                printf.o
    0x2000076c   0x00000004   PAD
    0x20000770   0x00000400   Zero   RW         7655    STACK               startup_stm32l052xx.o


==============================================================================

Image component sizes


      Code (inc. data)   RO Data    RW Data    ZI Data      Debug   Object Name

       674         52          0          3        144       6011   board.o
        44          6          0          0          0       1042   delay.o
       128          0          0          0          0       3759   fifo.o
       936         50          0          0         64       6522   gpio-board.o
       126          0          0          0          0       3005   gpio.o
       228         32          0          0          0       2644   i2c-board.o
        60          8          0          1          0       1242   i2c.o
       456        148          0          4         44     357031   main.o
       100         18          0          8        512       3108   printf.o
      1558        154         24         12         60      11309   rtc-board.o
       474         18          0          0          0       4185   spi-board.o
        28          8        192          0       1024        692   startup_stm32l052xx.o
       186         36          0          4          0     120012   stm32l0xx_hal.o
       264         30          0          0          0      12875   stm32l0xx_hal_cortex.o
       554         36          0          0          0       3870   stm32l0xx_hal_gpio.o
       198          6          0          0          0       2221   stm32l0xx_hal_i2c.o
       142          0          0          0          0       1283   stm32l0xx_hal_i2c_ex.o
         2          0          0          0          0        562   stm32l0xx_hal_msp_template.o
      2520        100          0          0          0       6548   stm32l0xx_hal_rcc.o
       544         14          0          0          0       1612   stm32l0xx_hal_rcc_ex.o
      2480         52          0          0          0      12783   stm32l0xx_hal_rtc.o
        90          0          0          0          0       1855   stm32l0xx_hal_rtc_ex.o
       144          0          0          0          0       1837   stm32l0xx_hal_spi.o
      2960         94          0          0          0      10391   stm32l0xx_hal_uart.o
         2          0          0          0          0       1136   stm32l0xx_hal_uart_ex.o
       690         48         92          1         24       9683   sx1276-board.o
      7024        392        224         28        628      26106   sx1276.o
         2          0          0          0          0        490   sysirqhandlers.o
       104         16         33          4          0       1455   system_stm32l0xx.o
       804         40          0          8          0       7138   timer.o
       880        106          0          4        336       6696   uart-board.o
       112          0          0          0          0       2574   uart.o
        36          6          0          4          0       1895   utilities.o

    ----------------------------------------------------------------------
     24600       1470        600         88       2840     633572   Object Totals
         0          0         32          0          0          0   (incl. Generated)
        50          0          3          7          4          0   (incl. Padding)

    ----------------------------------------------------------------------

      Code (inc. data)   RO Data    RW Data    ZI Data      Debug   Library Member Name

       200         20          0          0          0         76   ceil.o
       200         20          0          0          0         76   floor.o
       156         14          0          0          0         84   round.o
         0          0          0          0          0          0   entry.o
         0          0          0          0          0          0   entry10a.o
         0          0          0          0          0          0   entry11a.o
         8          4          0          0          0          0   entry2.o
         4          0          0          0          0          0   entry5.o
         0          0          0          0          0          0   entry7b.o
         0          0          0          0          0          0   entry8b.o
         8          4          0          0          0          0   entry9a.o
        30          0          0          0          0          0   handlers.o
        40          0          0          0          0         72   idiv.o
        36          8          0          0          0         68   init.o
         0          0          0          0          0          0   iusefp.o
        32          0          0          0          0         68   llshl.o
        38          0          0          0          0         68   llsshr.o
        34          0          0          0          0         68   llushr.o
        36          0          0          0          0         60   memcpya.o
        36          0          0          0          0        100   memseta.o
       368         12          0          0          0        168   printf1.o
        44          0          0          0          0         72   uidiv.o
        96          0          0          0          0         84   uldiv.o
        40          2          0          0          0         68   cdcmple.o
        40          2          0          0          0         68   cdrcmple.o
       356          4          0          0          0        140   dadd.o
       240          6          0          0          0         84   ddiv.o
       236          0          0          0          0        216   depilogue.o
        72         10          0          0          0         72   dfixi.o
        60         10          0          0          0         68   dfixui.o
        40          6          0          0          0         68   dflti.o
        28          4          0          0          0         68   dfltui.o
        28          6          0          0          0         68   dfltul.o
       208          6          0          0          0         88   dmul.o
       124         10          0          0          0         76   drnd.o
        40          0          0          0          0         60   ffixui.o
       122          0          0          0          0         72   fmul.o

    ----------------------------------------------------------------------
      3004        148          0          0          0       2280   Library Totals
         4          0          0          0          0          0   (incl. Padding)

    ----------------------------------------------------------------------

      Code (inc. data)   RO Data    RW Data    ZI Data      Debug   Library Name

       556         54          0          0          0        236   m_ps.l
       810         28          0          0          0        828   mc_p.l
      1634         66          0          0          0       1216   mf_p.l

    ----------------------------------------------------------------------
      3004        148          0          0          0       2280   Library Totals

    ----------------------------------------------------------------------

==============================================================================


      Code (inc. data)   RO Data    RW Data    ZI Data      Debug   

     27604       1618        600         88       2840     626616   Grand Totals
     27604       1618        600         88       2840     626616   ELF Image Totals
     27604       1618        600         88          0          0   ROM Totals

==============================================================================

    Total RO  Size (Code + RO Data)                28204 (  27.54kB)
    Total RW  Size (RW Data + ZI Data)              2928 (   2.86kB)
    Total ROM Size (Code + RO Data + RW Data)      28292 (  27.63kB)

==============================================================================

